 Polar2DTransformMEXArrayFire

 Timestamp is 5885936b (Sun Jan 22 21:23:55 2017)

 Preferred load address is 0000000180000000

 Start         Length     Name                   Class
 0001:00000000 000000d3H .text$di                CODE
 0001:000000e0 00002f68H .text$mn                CODE
 0001:00003050 00000c10H .text$x                 CODE
 0001:00003c60 0000003eH .text$yd                CODE
 0002:00000000 00000350H .idata$5                DATA
 0002:00000350 00000008H .CRT$XCA                DATA
 0002:00000358 00000038H .CRT$XCU                DATA
 0002:00000390 00000008H .CRT$XCZ                DATA
 0002:00000398 00000008H .CRT$XIA                DATA
 0002:000003a0 00000008H .CRT$XIAA               DATA
 0002:000003a8 00000008H .CRT$XIC                DATA
 0002:000003b0 00000008H .CRT$XIZ                DATA
 0002:000003c0 00000320H .rdata                  DATA
 0002:000006e0 00000090H .rdata$debug            DATA
 0002:00000770 00000074H .rdata$r                DATA
 0002:000007e8 00000008H .rtc$IAA                DATA
 0002:000007f0 00000008H .rtc$IZZ                DATA
 0002:000007f8 00000008H .rtc$TAA                DATA
 0002:00000800 00000008H .rtc$TZZ                DATA
 0002:00000810 000015d0H .xdata                  DATA
 0002:00001de0 00000062H .edata                  DATA
 0002:00001e44 0000008cH .idata$2                DATA
 0002:00001ed0 00000014H .idata$3                DATA
 0002:00001ee8 00000350H .idata$4                DATA
 0002:00002238 00000afcH .idata$6                DATA
 0003:00000000 00000028H .data                   DATA
 0003:00000028 00000048H .data$r                 DATA
 0003:00000070 00000630H .bss                    DATA
 0004:00000000 000001c8H .pdata                  DATA
 0005:00000000 00000800H .nv_fatbin              DATA
 0006:00000000 00000018H .nvFatBinSegment        DATA

  Address         Publics by Value              Rva+Base               Lib:Object

 0000:00000000       ___safe_se_handler_count   0000000000000000     <absolute>
 0000:00000000       __guard_fids_count         0000000000000000     <absolute>
 0000:00000000       __guard_fids_table         0000000000000000     <absolute>
 0000:00000000       ___safe_se_handler_table   0000000000000000     <absolute>
 0000:00000000       __guard_flags              0000000000000000     <absolute>
 0000:00000000       __ImageBase                0000000180000000     <linker-defined>
 0001:00000110       ?Compute2DColumnwise_FrFTUniform@@YA?AVarray@af@@AEAV12@0AEAH1@Z 0000000180001110 f   CUDAMexArrayFire2DPolarDFT.cu.obj
 0001:00000a00       ?Compute2DComplementaryLines_FrFTVariableScales@@YAXAEAVarray@af@@000HH@Z 0000000180001a00 f   CUDAMexArrayFire2DPolarDFT.cu.obj
 0001:000010f0       ?cexp@@YA?AVarray@af@@AEBV12@@Z 00000001800020f0 f   CUDAMexArrayFire2DPolarDFT.cu.obj
 0001:00001230       mexFunction                0000000180002230 f   CUDAMexArrayFire2DPolarDFT.cu.obj
 0001:00002486       cudaMemcpy                 0000000180003486 f   cudart:cudart64_75.dll
 0001:0000248c       __cudaRegisterFatBinary    000000018000348c f   cudart:cudart64_75.dll
 0001:00002492       __cudaUnregisterFatBinary  0000000180003492 f   cudart:cudart64_75.dll
 0001:00002498       ??$constant@H@af@@YA?AVarray@0@H_J0W4af_dtype@@@Z 0000000180003498 f   afcuda:afcuda.dll
 0001:0000249e       ??$?0N@array@af@@QEAA@_J0PEBNW4af_source@@@Z 000000018000349e f   afcuda:afcuda.dll
 0001:000024a4       ??$device@N@array@af@@QEBAPEANXZ 00000001800034a4 f   afcuda:afcuda.dll
 0001:000024aa       ??$host@N@array@af@@QEBAPEANXZ 00000001800034aa f   afcuda:afcuda.dll
 0001:000024b0       mxGetPr                    00000001800034b0 f   libmx:libmx.dll
 0001:000024b6       mxGetScalar                00000001800034b6 f   libmx:libmx.dll
 0001:000024bc       mxCreateNumericArray_730   00000001800034bc f   libmx:libmx.dll
 0001:000024c2       mxDuplicateArray           00000001800034c2 f   libmx:libmx.dll
 0001:000024c8       mexErrMsgTxt               00000001800034c8 f   libmex:libmex.dll
 0001:000024ce       mexPrintf                  00000001800034ce f   libmex:libmex.dll
 0001:000024d4       mxInitGPU                  00000001800034d4 f   gpu:gpu.dll
 0001:000024da       mxGPUCreateFromMxArray     00000001800034da f   gpu:gpu.dll
 0001:000024e0       mxGPUCreateGPUArray        00000001800034e0 f   gpu:gpu.dll
 0001:000024e6       mxGPUGetClassID            00000001800034e6 f   gpu:gpu.dll
 0001:000024ec       mxGPUGetComplexity         00000001800034ec f   gpu:gpu.dll
 0001:000024f2       mxGPUGetData               00000001800034f2 f   gpu:gpu.dll
 0001:000024f8       mxGPUGetDataReadOnly       00000001800034f8 f   gpu:gpu.dll
 0001:000024fe       mxGPUGetNumberOfDimensions 00000001800034fe f   gpu:gpu.dll
 0001:00002504       mxGPUCreateMxArrayOnGPU    0000000180003504 f   gpu:gpu.dll
 0001:0000250a       mxGPUDestroyGPUArray       000000018000350a f   gpu:gpu.dll
 0001:00002510       ??3@YAXPEAX@Z              0000000180003510 f   MSVCRT:MSVCR120.dll
 0001:00002518       __atonexitinit             0000000180003518 f   MSVCRT:atonexit.obj
 0001:00002568       _onexit                    0000000180003568 f   MSVCRT:atonexit.obj
 0001:00002618       atexit                     0000000180003618 f   MSVCRT:atonexit.obj
 0001:00002630       __CxxFrameHandler3         0000000180003630 f   MSVCRT:MSVCR120.dll
 0001:00002638       __GSHandlerCheck_EH        0000000180003638 f   MSVCRT:gshandlereh.obj
 0001:000026e0       __security_check_cookie    00000001800036e0 f   MSVCRT:amdsecgs.obj
 0001:00002700       memcpy                     0000000180003700 f   MSVCRT:MSVCR120.dll
 0001:00002708       ??_Etype_info@@UEAAPEAXI@Z 0000000180003708 f i MSVCRT:ti_inst.obj
 0001:000027d4       _CRT_INIT                  00000001800037d4 f   MSVCRT:crtdll.obj
 0001:00002a20       _DllMainCRTStartup         0000000180003a20 f   MSVCRT:crtdll.obj
 0001:00002b96       _lock                      0000000180003b96 f   MSVCRT:MSVCR120.dll
 0001:00002b9c       _unlock                    0000000180003b9c f   MSVCRT:MSVCR120.dll
 0001:00002ba2       __dllonexit                0000000180003ba2 f   MSVCRT:MSVCR120.dll
 0001:00002ba8       __C_specific_handler       0000000180003ba8 f   MSVCRT:MSVCR120.dll
 0001:00002bb0       __GSHandlerCheckCommon     0000000180003bb0 f   MSVCRT:gshandler.obj
 0001:00002c14       __raise_securityfailure    0000000180003c14 f   MSVCRT:gs_report.obj
 0001:00002c60       __report_gsfailure         0000000180003c60 f   MSVCRT:gs_report.obj
 0001:00002d34       ??_M@YAXPEAX_KHP6AX0@Z@Z   0000000180003d34 f   MSVCRT:ehvecdtr.obj
 0001:00002d94       ?__ArrayUnwind@@YAXPEAX_KHP6AX0@Z@Z 0000000180003d94 f   MSVCRT:ehvecdtr.obj
 0001:00002dde       __CppXcptFilter            0000000180003dde f   MSVCRT:MSVCR120.dll
 0001:00002de4       _amsg_exit                 0000000180003de4 f   MSVCRT:MSVCR120.dll
 0001:00002df0       _FindPESection             0000000180003df0 f   MSVCRT:pesect.obj
 0001:00002e40       _IsNonwritableInCurrentImage 0000000180003e40 f   MSVCRT:pesect.obj
 0001:00002e90       _ValidateImageBase         0000000180003e90 f   MSVCRT:pesect.obj
 0001:00002ec0       __security_init_cookie     0000000180003ec0 f   MSVCRT:gs_support.obj
 0001:00002f6c       DllMain                    0000000180003f6c f   MSVCRT:dllmain.obj
 0001:00002f90       _RTC_Initialize            0000000180003f90 f   MSVCRT:initsect.obj
 0001:00002fc8       _RTC_Terminate             0000000180003fc8 f   MSVCRT:initsect.obj
 0001:00003000       _initterm                  0000000180004000 f   MSVCRT:MSVCR120.dll
 0001:00003006       _initterm_e                0000000180004006 f   MSVCRT:MSVCR120.dll
 0001:0000300c       __clean_type_info_names    000000018000400c f   MSVCRT:tncleanup.obj
 0001:00003018       __crt_debugger_hook        0000000180004018 f   MSVCRT:MSVCR120.dll
 0001:0000301e       __crtUnhandledException    000000018000401e f   MSVCRT:MSVCR120.dll
 0001:00003024       __crtTerminateProcess      0000000180004024 f   MSVCRT:MSVCR120.dll
 0001:0000302a       __crtCapturePreviousContext 000000018000402a f   MSVCRT:MSVCR120.dll
 0001:00003030       ?terminate@@YAXXZ          0000000180004030 f   MSVCRT:MSVCR120.dll
 0001:00003036       ?_type_info_dtor_internal_method@type_info@@QEAAXXZ 0000000180004036 f   MSVCRT:MSVCR120.dll
 0001:00003036       ??1type_info@@UEAA@XZ      0000000180004036 f   MSVCRT:MSVCR120.dll
 0001:0000303c       __clean_type_info_names_internal 000000018000403c f   MSVCRT:MSVCR120.dll
 0001:00003042       IsProcessorFeaturePresent  0000000180004042 f   kernel32:KERNEL32.dll
 0002:00000000       __imp_DisableThreadLibraryCalls 0000000180005000     kernel32:KERNEL32.dll
 0002:00000008       __imp_GetSystemTimeAsFileTime 0000000180005008     kernel32:KERNEL32.dll
 0002:00000010       __imp_GetCurrentThreadId   0000000180005010     kernel32:KERNEL32.dll
 0002:00000018       __imp_GetCurrentProcessId  0000000180005018     kernel32:KERNEL32.dll
 0002:00000020       __imp_QueryPerformanceCounter 0000000180005020     kernel32:KERNEL32.dll
 0002:00000028       __imp_IsProcessorFeaturePresent 0000000180005028     kernel32:KERNEL32.dll
 0002:00000030       __imp_IsDebuggerPresent    0000000180005030     kernel32:KERNEL32.dll
 0002:00000038       __imp_DecodePointer        0000000180005038     kernel32:KERNEL32.dll
 0002:00000040       __imp_EncodePointer        0000000180005040     kernel32:KERNEL32.dll
 0002:00000048       \177KERNEL32_NULL_THUNK_DATA 0000000180005048     kernel32:KERNEL32.dll
 0002:00000050       __imp___crtUnhandledException 0000000180005050     MSVCRT:MSVCR120.dll
 0002:00000058       __imp___crt_debugger_hook  0000000180005058     MSVCRT:MSVCR120.dll
 0002:00000060       __imp__initterm_e          0000000180005060     MSVCRT:MSVCR120.dll
 0002:00000068       __imp__initterm            0000000180005068     MSVCRT:MSVCR120.dll
 0002:00000070       __imp__malloc_crt          0000000180005070     MSVCRT:MSVCR120.dll
 0002:00000078       __imp_free                 0000000180005078     MSVCRT:MSVCR120.dll
 0002:00000080       __imp__amsg_exit           0000000180005080     MSVCRT:MSVCR120.dll
 0002:00000088       __imp___CppXcptFilter      0000000180005088     MSVCRT:MSVCR120.dll
 0002:00000090       __imp__onexit              0000000180005090     MSVCRT:MSVCR120.dll
 0002:00000098       __imp___C_specific_handler 0000000180005098     MSVCRT:MSVCR120.dll
 0002:000000a0       __imp___dllonexit          00000001800050a0     MSVCRT:MSVCR120.dll
 0002:000000a8       __imp__calloc_crt          00000001800050a8     MSVCRT:MSVCR120.dll
 0002:000000b0       __imp__unlock              00000001800050b0     MSVCRT:MSVCR120.dll
 0002:000000b8       __imp__lock                00000001800050b8     MSVCRT:MSVCR120.dll
 0002:000000c0       __imp_memcpy               00000001800050c0     MSVCRT:MSVCR120.dll
 0002:000000c8       __imp___crtTerminateProcess 00000001800050c8     MSVCRT:MSVCR120.dll
 0002:000000d0       __imp___CxxFrameHandler3   00000001800050d0     MSVCRT:MSVCR120.dll
 0002:000000d8       __imp_remainder            00000001800050d8     MSVCRT:MSVCR120.dll
 0002:000000e0       __imp___crtCapturePreviousContext 00000001800050e0     MSVCRT:MSVCR120.dll
 0002:000000e8       __imp_?terminate@@YAXXZ    00000001800050e8     MSVCRT:MSVCR120.dll
 0002:000000f0       __imp_?_type_info_dtor_internal_method@type_info@@QEAAXXZ 00000001800050f0     MSVCRT:MSVCR120.dll
 0002:000000f8       __imp___clean_type_info_names_internal 00000001800050f8     MSVCRT:MSVCR120.dll
 0002:00000100       __imp_??3@YAXPEAX@Z        0000000180005100     MSVCRT:MSVCR120.dll
 0002:00000108       \177MSVCR120_NULL_THUNK_DATA 0000000180005108     MSVCRT:MSVCR120.dll
 0002:00000110       __imp_??Daf@@YA?AVarray@0@AEBV10@0@Z 0000000180005110     afcuda:afcuda.dll
 0002:00000118       __imp_?col@array_proxy@array@af@@QEAA?AV123@H@Z 0000000180005118     afcuda:afcuda.dll
 0002:00000120       __imp_??0array@af@@QEAA@XZ 0000000180005120     afcuda:afcuda.dll
 0002:00000128       __imp_??0array@af@@QEAA@AEBV01@@Z 0000000180005128     afcuda:afcuda.dll
 0002:00000130       __imp_?sum@af@@YA?AVarray@1@AEBV21@H@Z 0000000180005130     afcuda:afcuda.dll
 0002:00000138       __imp_?sort@af@@YAXAEAVarray@1@0AEBV21@1I_N@Z 0000000180005138     afcuda:afcuda.dll
 0002:00000140       __imp_?sin@af@@YA?AVarray@1@AEBV21@@Z 0000000180005140     afcuda:afcuda.dll
 0002:00000148       __imp_?cos@af@@YA?AVarray@1@AEBV21@@Z 0000000180005148     afcuda:afcuda.dll
 0002:00000150       __imp_?complex@af@@YA?AVarray@1@AEBV21@0@Z 0000000180005150     afcuda:afcuda.dll
 0002:00000158       __imp_?complex@af@@YA?AVarray@1@NAEBV21@@Z 0000000180005158     afcuda:afcuda.dll
 0002:00000160       __imp_?real@af@@YA?AVarray@1@AEBV21@@Z 0000000180005160     afcuda:afcuda.dll
 0002:00000168       __imp_?imag@af@@YA?AVarray@1@AEBV21@@Z 0000000180005168     afcuda:afcuda.dll
 0002:00000170       __imp_?conjg@af@@YA?AVarray@1@AEBV21@@Z 0000000180005170     afcuda:afcuda.dll
 0002:00000178       __imp_?pow@af@@YA?AVarray@1@AEBV21@N@Z 0000000180005178     afcuda:afcuda.dll
 0002:00000180       __imp_?exp@af@@YA?AVarray@1@AEBV21@@Z 0000000180005180     afcuda:afcuda.dll
 0002:00000188       __imp_??1seq@af@@QEAA@XZ   0000000180005188     afcuda:afcuda.dll
 0002:00000190       __imp_??0seq@af@@QEAA@NNN@Z 0000000180005190     afcuda:afcuda.dll
 0002:00000198       __imp_??Bseq@af@@QEBA?AVarray@1@XZ 0000000180005198     afcuda:afcuda.dll
 0002:000001a0       __imp_??1array_proxy@array@af@@QEAA@XZ 00000001800051a0     afcuda:afcuda.dll
 0002:000001a8       __imp_?Pi@af@@3NB          00000001800051a8     afcuda:afcuda.dll
 0002:000001b0       __imp_??$host@N@array@af@@QEBAPEANXZ 00000001800051b0     afcuda:afcuda.dll
 0002:000001b8       __imp_??$device@N@array@af@@QEBAPEANXZ 00000001800051b8     afcuda:afcuda.dll
 0002:000001c0       __imp_??$?0N@array@af@@QEAA@_J0PEBNW4af_source@@@Z 00000001800051c0     afcuda:afcuda.dll
 0002:000001c8       __imp_??$constant@H@af@@YA?AVarray@0@H_J0W4af_dtype@@@Z 00000001800051c8     afcuda:afcuda.dll
 0002:000001d0       __imp_?ifft@af@@YA?AVarray@1@AEBV21@_J@Z 00000001800051d0     afcuda:afcuda.dll
 0002:000001d8       __imp_?fft@af@@YA?AVarray@1@AEBV21@_J@Z 00000001800051d8     afcuda:afcuda.dll
 0002:000001e0       __imp_?deviceGC@af@@YAXXZ  00000001800051e0     afcuda:afcuda.dll
 0002:000001e8       __imp_?flip@af@@YA?AVarray@1@AEBV21@I@Z 00000001800051e8     afcuda:afcuda.dll
 0002:000001f0       __imp_?moddims@af@@YA?AVarray@1@AEBV21@_J111@Z 00000001800051f0     afcuda:afcuda.dll
 0002:000001f8       __imp_?tile@af@@YA?AVarray@1@AEBV21@IIII@Z 00000001800051f8     afcuda:afcuda.dll
 0002:00000200       __imp_?join@af@@YA?AVarray@1@HAEBV21@0@Z 0000000180005200     afcuda:afcuda.dll
 0002:00000208       __imp_??Kaf@@YA?AVarray@0@AEBV10@AEBH@Z 0000000180005208     afcuda:afcuda.dll
 0002:00000210       __imp_??Daf@@YA?AVarray@0@AEBV10@AEBH@Z 0000000180005210     afcuda:afcuda.dll
 0002:00000218       __imp_??Daf@@YA?AVarray@0@AEBNAEBV10@@Z 0000000180005218     afcuda:afcuda.dll
 0002:00000220       __imp_??Daf@@YA?AVarray@0@AEBHAEBV10@@Z 0000000180005220     afcuda:afcuda.dll
 0002:00000228       __imp_?iscomplex@array@af@@QEBA_NXZ 0000000180005228     afcuda:afcuda.dll
 0002:00000230       __imp_??Gaf@@YA?AVarray@0@AEBV10@AEBH@Z 0000000180005230     afcuda:afcuda.dll
 0002:00000238       __imp_??Gaf@@YA?AVarray@0@AEBHAEBV10@@Z 0000000180005238     afcuda:afcuda.dll
 0002:00000240       __imp_??Gaf@@YA?AVarray@0@AEBV10@0@Z 0000000180005240     afcuda:afcuda.dll
 0002:00000248       __imp_??Haf@@YA?AVarray@0@AEBHAEBV10@@Z 0000000180005248     afcuda:afcuda.dll
 0002:00000250       __imp_??Haf@@YA?AVarray@0@AEBV10@0@Z 0000000180005250     afcuda:afcuda.dll
 0002:00000258       __imp_??4array@af@@QEAAAEAV01@AEBV01@@Z 0000000180005258     afcuda:afcuda.dll
 0002:00000260       __imp_?T@array@af@@QEBA?AV12@XZ 0000000180005260     afcuda:afcuda.dll
 0002:00000268       __imp_??1array@af@@QEAA@XZ 0000000180005268     afcuda:afcuda.dll
 0002:00000270       __imp_?as@array@af@@QEBA?BV12@W4af_dtype@@@Z 0000000180005270     afcuda:afcuda.dll
 0002:00000278       __imp_?slice@array@af@@QEAA?AVarray_proxy@12@H@Z 0000000180005278     afcuda:afcuda.dll
 0002:00000280       __imp_?rows@array@af@@QEAA?AVarray_proxy@12@HH@Z 0000000180005280     afcuda:afcuda.dll
 0002:00000288       __imp_??Barray_proxy@array@af@@QEAA?AV12@XZ 0000000180005288     afcuda:afcuda.dll
 0002:00000290       \177afcuda_NULL_THUNK_DATA 0000000180005290     afcuda:afcuda.dll
 0002:00000298       __imp___cudaUnregisterFatBinary 0000000180005298     cudart:cudart64_75.dll
 0002:000002a0       __imp___cudaRegisterFatBinary 00000001800052a0     cudart:cudart64_75.dll
 0002:000002a8       __imp_cudaMemcpy           00000001800052a8     cudart:cudart64_75.dll
 0002:000002b0       \177cudart64_75_NULL_THUNK_DATA 00000001800052b0     cudart:cudart64_75.dll
 0002:000002b8       __imp_mxGPUCreateFromMxArray 00000001800052b8     gpu:gpu.dll
 0002:000002c0       __imp_mxGPUDestroyGPUArray 00000001800052c0     gpu:gpu.dll
 0002:000002c8       __imp_mxGPUCreateMxArrayOnGPU 00000001800052c8     gpu:gpu.dll
 0002:000002d0       __imp_mxGPUGetNumberOfDimensions 00000001800052d0     gpu:gpu.dll
 0002:000002d8       __imp_mxGPUGetDataReadOnly 00000001800052d8     gpu:gpu.dll
 0002:000002e0       __imp_mxGPUGetData         00000001800052e0     gpu:gpu.dll
 0002:000002e8       __imp_mxGPUGetComplexity   00000001800052e8     gpu:gpu.dll
 0002:000002f0       __imp_mxGPUGetClassID      00000001800052f0     gpu:gpu.dll
 0002:000002f8       __imp_mxInitGPU            00000001800052f8     gpu:gpu.dll
 0002:00000300       __imp_mxGPUCreateGPUArray  0000000180005300     gpu:gpu.dll
 0002:00000308       \177gpu_NULL_THUNK_DATA    0000000180005308     gpu:gpu.dll
 0002:00000310       __imp_mexPrintf            0000000180005310     libmex:libmex.dll
 0002:00000318       __imp_mexErrMsgTxt         0000000180005318     libmex:libmex.dll
 0002:00000320       \177libmex_NULL_THUNK_DATA 0000000180005320     libmex:libmex.dll
 0002:00000328       __imp_mxDuplicateArray     0000000180005328     libmx:libmx.dll
 0002:00000330       __imp_mxCreateNumericArray_730 0000000180005330     libmx:libmx.dll
 0002:00000338       __imp_mxGetScalar          0000000180005338     libmx:libmx.dll
 0002:00000340       __imp_mxGetPr              0000000180005340     libmx:libmx.dll
 0002:00000348       \177libmx_NULL_THUNK_DATA  0000000180005348     libmx:libmx.dll
 0002:00000350       __xc_a                     0000000180005350     MSVCRT:cinitexe.obj
 0002:00000390       __xc_z                     0000000180005390     MSVCRT:cinitexe.obj
 0002:00000398       __xi_a                     0000000180005398     MSVCRT:cinitexe.obj
 0002:000003b0       __xi_z                     00000001800053b0     MSVCRT:cinitexe.obj
 0002:000004a0       ??_C@_0GK@GNHAEHGI@Executing?5custom?5mex?5for?5computi@ 00000001800054a0     CUDAMexArrayFire2DPolarDFT.cu.obj
 0002:00000510       ??_C@_0CA@NABKNHPN@Expected?55?5inputs?5and?52?5output?4?$AA@ 0000000180005510     CUDAMexArrayFire2DPolarDFT.cu.obj
 0002:00000530       ??_C@_0FD@HOLOFGHI@?6Successfully?5completed?5the?5comp@ 0000000180005530     CUDAMexArrayFire2DPolarDFT.cu.obj
 0002:00000590       ??_C@_0GK@KMDIDOHE@?6Finished?5processing?5custom?5CUDA@ 0000000180005590     CUDAMexArrayFire2DPolarDFT.cu.obj
 0002:000005fc       ??_C@_03OFAPEBGM@?$CFs?6?$AA@ 00000001800055fc     CUDAMexArrayFire2DPolarDFT.cu.obj
 0002:00000600       __real@3ff0000000000000    0000000180005600     CUDAMexArrayFire2DPolarDFT.cu.obj
 0002:00000608       __real@4000000000000000    0000000180005608     CUDAMexArrayFire2DPolarDFT.cu.obj
 0002:00000610       __real@4010000000000000    0000000180005610     CUDAMexArrayFire2DPolarDFT.cu.obj
 0002:00000618       __real@43e0000000000000    0000000180005618     CUDAMexArrayFire2DPolarDFT.cu.obj
 0002:00000620       __real@c000000000000000    0000000180005620     CUDAMexArrayFire2DPolarDFT.cu.obj
 0002:00000630       __xmm@80000000000000008000000000000000 0000000180005630     CUDAMexArrayFire2DPolarDFT.cu.obj
 0002:00000648       ??_7type_info@@6B@         0000000180005648     MSVCRT:ti_inst.obj
 0002:00000650       _pDefaultRawDllMain        0000000180005650     MSVCRT:crtdll.obj
 0002:00000650       _pRawDllMain               0000000180005650     MSVCRT:crtdll.obj
 0002:00000670       _load_config_used          0000000180005670     MSVCRT:loadcfg.obj
 0002:00000770       ??_R4type_info@@6B@        0000000180005770     MSVCRT:ti_inst.obj
 0002:00000798       ??_R3type_info@@8          0000000180005798     MSVCRT:ti_inst.obj
 0002:000007b0       ??_R2type_info@@8          00000001800057b0     MSVCRT:ti_inst.obj
 0002:000007c0       ??_R1A@?0A@EA@type_info@@8 00000001800057c0     MSVCRT:ti_inst.obj
 0002:000007e8       __rtc_iaa                  00000001800057e8     MSVCRT:initsect.obj
 0002:000007f0       __rtc_izz                  00000001800057f0     MSVCRT:initsect.obj
 0002:000007f8       __rtc_taa                  00000001800057f8     MSVCRT:initsect.obj
 0002:00000800       __rtc_tzz                  0000000180005800     MSVCRT:initsect.obj
 0002:00001e44       __IMPORT_DESCRIPTOR_cudart64_75 0000000180006e44     cudart:cudart64_75.dll
 0002:00001e58       __IMPORT_DESCRIPTOR_afcuda 0000000180006e58     afcuda:afcuda.dll
 0002:00001e6c       __IMPORT_DESCRIPTOR_libmx  0000000180006e6c     libmx:libmx.dll
 0002:00001e80       __IMPORT_DESCRIPTOR_libmex 0000000180006e80     libmex:libmex.dll
 0002:00001e94       __IMPORT_DESCRIPTOR_gpu    0000000180006e94     gpu:gpu.dll
 0002:00001ea8       __IMPORT_DESCRIPTOR_MSVCR120 0000000180006ea8     MSVCRT:MSVCR120.dll
 0002:00001ebc       __IMPORT_DESCRIPTOR_KERNEL32 0000000180006ebc     kernel32:KERNEL32.dll
 0002:00001ed0       __NULL_IMPORT_DESCRIPTOR   0000000180006ed0     cudart:cudart64_75.dll
 0003:00000010       __security_cookie          0000000180008010     MSVCRT:gs_cookie.obj
 0003:00000018       __security_cookie_complement 0000000180008018     MSVCRT:gs_cookie.obj
 0003:00000020       _fltused                   0000000180008020     MSVCRT:dllsupp.obj
 0003:00000024       __native_dllmain_reason    0000000180008024     MSVCRT:natstart.obj
 0003:00000028       ??_R0?AVexception@af@@@8   0000000180008028     CUDAMexArrayFire2DPolarDFT.cu.obj
 0003:00000050       ??_R0?AVtype_info@@@8      0000000180008050     MSVCRT:ti_inst.obj
 0003:000000a8       ?_Generic_object@?$_Error_objects@H@std@@2V_Generic_error_category@2@A 00000001800080a8     CUDAMexArrayFire2DPolarDFT.cu.obj
 0003:000000b0       ?_Iostream_object@?$_Error_objects@H@std@@2V_Iostream_error_category@2@A 00000001800080b0     CUDAMexArrayFire2DPolarDFT.cu.obj
 0003:000000b8       ?_System_object@?$_Error_objects@H@std@@2V_System_error_category@2@A 00000001800080b8     CUDAMexArrayFire2DPolarDFT.cu.obj
 0003:000000c0       ?id@?$num_put@DV?$back_insert_iterator@V?$basic_string@DU?$char_traits@D@std@@V?$allocator@D@2@@std@@@std@@@std@@2V0locale@2@A 00000001800080c0     CUDAMexArrayFire2DPolarDFT.cu.obj
 0003:000000c8       ?id@?$num_put@_WV?$back_insert_iterator@V?$basic_string@_WU?$char_traits@_W@std@@V?$allocator@_W@2@@std@@@std@@@std@@2V0locale@2@A 00000001800080c8     CUDAMexArrayFire2DPolarDFT.cu.obj
 0003:00000668       ?__type_info_root_node@@3U__type_info_node@@A 0000000180008668     MSVCRT:tncleanup.obj
 0003:00000678       __native_startup_lock      0000000180008678     <common>
 0003:00000680       __native_startup_state     0000000180008680     <common>
 0003:00000688       __dyn_tls_init_callback    0000000180008688     <common>
 0003:00000690       __onexitend                0000000180008690     <common>
 0003:00000698       __onexitbegin              0000000180008698     <common>

 entry point at        0001:00002a20

 Static symbols

 0000:ffff3000       .debug$S                   0000000180000000     MSVCRT:MSVCR120.dll
 0000:ffff3000       .debug$S                   0000000180000000     MSVCRT:MSVCR120.dll
 0000:ffff3000       .debug$S                   0000000180000000     MSVCRT:MSVCR120.dll
 0000:ffff3000       .debug$S                   0000000180000000     MSVCRT:MSVCR120.dll
 0000:ffff3000       .debug$S                   0000000180000000     MSVCRT:MSVCR120.dll
 0000:ffff3000       .debug$S                   0000000180000000     MSVCRT:MSVCR120.dll
 0000:ffff3000       .debug$S                   0000000180000000     MSVCRT:MSVCR120.dll
 0000:ffff3000       .debug$S                   0000000180000000     MSVCRT:MSVCR120.dll
 0000:ffff3000       .debug$S                   0000000180000000     MSVCRT:MSVCR120.dll
 0000:ffff3000       .debug$S                   0000000180000000     MSVCRT:MSVCR120.dll
 0000:ffff3000       .debug$S                   0000000180000000     MSVCRT:MSVCR120.dll
 0000:ffff3000       .debug$S                   0000000180000000     MSVCRT:MSVCR120.dll
 0000:ffff3000       .debug$S                   0000000180000000     MSVCRT:MSVCR120.dll
 0000:ffff3000       .debug$S                   0000000180000000     MSVCRT:MSVCR120.dll
 0000:ffff3000       .debug$S                   0000000180000000     MSVCRT:MSVCR120.dll
 0000:ffff3000       .debug$S                   0000000180000000     MSVCRT:MSVCR120.dll
 0000:ffff3000       .debug$S                   0000000180000000     MSVCRT:MSVCR120.dll
 0000:ffff3000       .debug$S                   0000000180000000     MSVCRT:MSVCR120.dll
 0000:ffff3000       .debug$S                   0000000180000000     MSVCRT:MSVCR120.dll
 0000:ffff3000       .debug$S                   0000000180000000     MSVCRT:MSVCR120.dll
 0000:ffff3000       .debug$S                   0000000180000000     MSVCRT:MSVCR120.dll
 0000:ffff3000       .debug$S                   0000000180000000     MSVCRT:MSVCR120.dll
 0000:ffff3000       .debug$S                   0000000180000000     MSVCRT:MSVCR120.dll
 0000:ffff3000       .debug$S                   0000000180000000     MSVCRT:MSVCR120.dll
 0000:ffff3000       .debug$S                   0000000180000000     MSVCRT:MSVCR120.dll
 0000:ffff3000       .debug$S                   0000000180000000     MSVCRT:MSVCR120.dll
 0000:ffff3000       .debug$S                   0000000180000000     MSVCRT:MSVCR120.dll
 0000:ffff3000       .debug$S                   0000000180000000     MSVCRT:MSVCR120.dll
 0000:ffff3000       .debug$S                   0000000180000000     MSVCRT:MSVCR120.dll
 0000:ffff3000       .debug$S                   0000000180000000     MSVCRT:MSVCR120.dll
 0000:ffff3000       .debug$S                   0000000180000000     MSVCRT:MSVCR120.dll
 0000:ffff3000       .debug$S                   0000000180000000     MSVCRT:MSVCR120.dll
 0000:ffff3000       .debug$S                   0000000180000000     MSVCRT:MSVCR120.dll
 0000:ffff3000       .debug$S                   0000000180000000     MSVCRT:MSVCR120.dll
 0000:ffff3000       .debug$S                   0000000180000000     MSVCRT:MSVCR120.dll
 0000:ffff3000       .debug$S                   0000000180000000     MSVCRT:MSVCR120.dll
 0000:ffff3000       .debug$S                   0000000180000000     MSVCRT:MSVCR120.dll
 0000:ffff3000       .debug$S                   0000000180000000     MSVCRT:MSVCR120.dll
 0000:ffff3000       .debug$S                   0000000180000000     MSVCRT:MSVCR120.dll
 0000:ffff3000       .debug$S                   0000000180000000     MSVCRT:MSVCR120.dll
 0000:ffff3000       .debug$S                   0000000180000000     MSVCRT:MSVCR120.dll
 0000:ffff3000       .debug$S                   0000000180000000     MSVCRT:MSVCR120.dll
 0000:ffff3000       .debug$S                   0000000180000000     MSVCRT:MSVCR120.dll
 0000:ffff3000       .debug$S                   0000000180000000     MSVCRT:MSVCR120.dll
 0000:ffff3000       .debug$S                   0000000180000000     MSVCRT:MSVCR120.dll
 0000:ffff3000       .debug$S                   0000000180000000     MSVCRT:MSVCR120.dll
 0000:ffff3000       .debug$S                   0000000180000000     MSVCRT:MSVCR120.dll
 0000:ffff3000       .debug$S                   0000000180000000     MSVCRT:MSVCR120.dll
 0000:ffff3000       .debug$S                   0000000180000000     MSVCRT:MSVCR120.dll
 0000:ffff3000       .debug$S                   0000000180000000     MSVCRT:MSVCR120.dll
 0000:ffff3000       .debug$S                   0000000180000000     MSVCRT:MSVCR120.dll
 0000:ffff3000       .debug$S                   0000000180000000     MSVCRT:MSVCR120.dll
 0000:ffff3000       .debug$S                   0000000180000000     MSVCRT:MSVCR120.dll
 0000:ffff3000       .debug$S                   0000000180000000     MSVCRT:MSVCR120.dll
 0000:ffff3000       .debug$S                   0000000180000000     MSVCRT:MSVCR120.dll
 0000:ffff3000       .debug$S                   0000000180000000     MSVCRT:MSVCR120.dll
 0000:ffff3000       .debug$S                   0000000180000000     msvcprt:MSVCP120.dll
 0000:ffff3000       .debug$S                   0000000180000000     msvcprt:MSVCP120.dll
 0000:ffff3000       .debug$S                   0000000180000000     msvcprt:MSVCP120.dll
 0000:ffff3000       .debug$S                   0000000180000000     msvcprt:MSVCP120.dll
 0000:ffff3000       .debug$S                   0000000180000000     msvcprt:MSVCP120.dll
 0002:ffffb000       .idata$6                   0000000180000000     msvcprt:MSVCP120.dll
 0000:ffff3000       .debug$S                   0000000180000000     MSVCRT:MSVCR120.dll
 0000:ffff3000       .debug$S                   0000000180000000     gpu:gpu.dll
 0000:ffff3000       .debug$S                   0000000180000000     gpu:gpu.dll
 0000:ffff3000       .debug$S                   0000000180000000     gpu:gpu.dll
 0000:ffff3000       .debug$S                   0000000180000000     gpu:gpu.dll
 0000:ffff3000       .debug$S                   0000000180000000     gpu:gpu.dll
 0000:ffff3000       .debug$S                   0000000180000000     gpu:gpu.dll
 0000:ffff3000       .debug$S                   0000000180000000     gpu:gpu.dll
 0000:ffff3000       .debug$S                   0000000180000000     gpu:gpu.dll
 0000:ffff3000       .debug$S                   0000000180000000     gpu:gpu.dll
 0000:ffff3000       .debug$S                   0000000180000000     gpu:gpu.dll
 0000:ffff3000       .debug$S                   0000000180000000     MSVCRT:MSVCR120.dll
 0000:ffff3000       .debug$S                   0000000180000000     libmex:libmex.dll
 0000:ffff3000       .debug$S                   0000000180000000     libmex:libmex.dll
 0000:ffff3000       .debug$S                   0000000180000000     MSVCRT:MSVCR120.dll
 0000:ffff3000       .debug$S                   0000000180000000     libmx:libmx.dll
 0000:ffff3000       .debug$S                   0000000180000000     libmx:libmx.dll
 0000:ffff3000       .debug$S                   0000000180000000     libmx:libmx.dll
 0000:ffff3000       .debug$S                   0000000180000000     libmx:libmx.dll
 0000:ffff3000       .debug$S                   0000000180000000     MSVCRT:MSVCR120.dll
 0000:ffff3000       .debug$S                   0000000180000000     afcuda:afcuda.dll
 0000:ffff3000       .debug$S                   0000000180000000     afcuda:afcuda.dll
 0000:ffff3000       .debug$S                   0000000180000000     afcuda:afcuda.dll
 0000:ffff3000       .debug$S                   0000000180000000     afcuda:afcuda.dll
 0000:ffff3000       .debug$S                   0000000180000000     afcuda:afcuda.dll
 0000:ffff3000       .debug$S                   0000000180000000     afcuda:afcuda.dll
 0000:ffff3000       .debug$S                   0000000180000000     afcuda:afcuda.dll
 0000:ffff3000       .debug$S                   0000000180000000     afcuda:afcuda.dll
 0000:ffff3000       .debug$S                   0000000180000000     afcuda:afcuda.dll
 0000:ffff3000       .debug$S                   0000000180000000     afcuda:afcuda.dll
 0000:ffff3000       .debug$S                   0000000180000000     afcuda:afcuda.dll
 0000:ffff3000       .debug$S                   0000000180000000     afcuda:afcuda.dll
 0000:ffff3000       .debug$S                   0000000180000000     afcuda:afcuda.dll
 0000:ffff3000       .debug$S                   0000000180000000     afcuda:afcuda.dll
 0000:ffff3000       .debug$S                   0000000180000000     afcuda:afcuda.dll
 0000:ffff3000       .debug$S                   0000000180000000     afcuda:afcuda.dll
 0000:ffff3000       .debug$S                   0000000180000000     afcuda:afcuda.dll
 0000:ffff3000       .debug$S                   0000000180000000     afcuda:afcuda.dll
 0000:ffff3000       .debug$S                   0000000180000000     afcuda:afcuda.dll
 0000:ffff3000       .debug$S                   0000000180000000     afcuda:afcuda.dll
 0000:ffff3000       .debug$S                   0000000180000000     afcuda:afcuda.dll
 0000:ffff3000       .debug$S                   0000000180000000     afcuda:afcuda.dll
 0000:ffff3000       .debug$S                   0000000180000000     afcuda:afcuda.dll
 0000:ffff3000       .debug$S                   0000000180000000     afcuda:afcuda.dll
 0000:ffff3000       .debug$S                   0000000180000000     afcuda:afcuda.dll
 0000:ffff3000       .debug$S                   0000000180000000     afcuda:afcuda.dll
 0000:ffff3000       .debug$S                   0000000180000000     afcuda:afcuda.dll
 0000:ffff3000       .debug$S                   0000000180000000     afcuda:afcuda.dll
 0000:ffff3000       .debug$S                   0000000180000000     afcuda:afcuda.dll
 0000:ffff3000       .debug$S                   0000000180000000     afcuda:afcuda.dll
 0000:ffff3000       .debug$S                   0000000180000000     afcuda:afcuda.dll
 0000:ffff3000       .debug$S                   0000000180000000     afcuda:afcuda.dll
 0000:ffff3000       .debug$S                   0000000180000000     afcuda:afcuda.dll
 0000:ffff3000       .debug$S                   0000000180000000     afcuda:afcuda.dll
 0000:ffff3000       .debug$S                   0000000180000000     afcuda:afcuda.dll
 0000:ffff3000       .debug$S                   0000000180000000     afcuda:afcuda.dll
 0000:ffff3000       .debug$S                   0000000180000000     afcuda:afcuda.dll
 0000:ffff3000       .debug$S                   0000000180000000     afcuda:afcuda.dll
 0000:ffff3000       .debug$S                   0000000180000000     afcuda:afcuda.dll
 0000:ffff3000       .debug$S                   0000000180000000     afcuda:afcuda.dll
 0000:ffff3000       .debug$S                   0000000180000000     afcuda:afcuda.dll
 0000:ffff3000       .debug$S                   0000000180000000     afcuda:afcuda.dll
 0000:ffff3000       .debug$S                   0000000180000000     afcuda:afcuda.dll
 0000:ffff3000       .debug$S                   0000000180000000     afcuda:afcuda.dll
 0000:ffff3000       .debug$S                   0000000180000000     afcuda:afcuda.dll
 0000:ffff3000       .debug$S                   0000000180000000     afcuda:afcuda.dll
 0000:ffff3000       .debug$S                   0000000180000000     afcuda:afcuda.dll
 0000:ffff3000       .debug$S                   0000000180000000     afcuda:afcuda.dll
 0000:ffff3000       .debug$S                   0000000180000000     MSVCRT:MSVCR120.dll
 0000:ffff3000       .debug$S                   0000000180000000     kernel32:KERNEL32.dll
 0000:ffff3000       .debug$S                   0000000180000000     kernel32:KERNEL32.dll
 0000:ffff3000       .debug$S                   0000000180000000     kernel32:KERNEL32.dll
 0000:ffff3000       .debug$S                   0000000180000000     kernel32:KERNEL32.dll
 0000:ffff3000       .debug$S                   0000000180000000     kernel32:KERNEL32.dll
 0000:ffff3000       .debug$S                   0000000180000000     kernel32:KERNEL32.dll
 0000:ffff3000       .debug$S                   0000000180000000     kernel32:KERNEL32.dll
 0000:ffff3000       .debug$S                   0000000180000000     kernel32:KERNEL32.dll
 0000:ffff3000       .debug$S                   0000000180000000     kernel32:KERNEL32.dll
 0000:ffff3000       .debug$S                   0000000180000000     MSVCRT:MSVCR120.dll
 0000:ffff3000       .debug$S                   0000000180000000     cudart:cudart64_75.dll
 0000:ffff3000       .debug$S                   0000000180000000     cudart:cudart64_75.dll
 0000:ffff3000       .debug$S                   0000000180000000     cudart:cudart64_75.dll
 0000:ffff3000       .debug$S                   0000000180000000     MSVCRT:MSVCR120.dll
 0000:ffff3000       .debug$S                   0000000180000000     MSVCRT:MSVCR120.dll
 0000:ffff3000       .debug$S                   0000000180000000     MSVCRT:MSVCR120.dll
 0000:ffff3000       .debug$S                   0000000180000000     MSVCRT:MSVCR120.dll
 0000:ffff3000       .debug$S                   0000000180000000     MSVCRT:MSVCR120.dll
 0000:ffff3000       .debug$S                   0000000180000000     MSVCRT:MSVCR120.dll
 0000:ffff3000       .debug$S                   0000000180000000     MSVCRT:MSVCR120.dll
 0000:ffff3000       .debug$S                   0000000180000000     MSVCRT:MSVCR120.dll
 0000:ffff3000       .debug$S                   0000000180000000     MSVCRT:MSVCR120.dll
 0000:ffff3000       .debug$S                   0000000180000000     MSVCRT:MSVCR120.dll
 0000:ffff3000       .debug$S                   0000000180000000     MSVCRT:MSVCR120.dll
 0000:ffff3000       .debug$S                   0000000180000000     MSVCRT:MSVCR120.dll
 0000:ffff3000       .debug$S                   0000000180000000     MSVCRT:MSVCR120.dll
 0000:ffff3000       .debug$S                   0000000180000000     MSVCRT:MSVCR120.dll
 0000:ffff3000       .debug$S                   0000000180000000     MSVCRT:MSVCR120.dll
 0000:ffff3000       .debug$S                   0000000180000000     MSVCRT:MSVCR120.dll
 0000:ffff3000       .debug$S                   0000000180000000     MSVCRT:MSVCR120.dll
 0000:ffff3000       .debug$S                   0000000180000000     MSVCRT:MSVCR120.dll
 0000:ffff3000       .debug$S                   0000000180000000     MSVCRT:MSVCR120.dll
 0000:ffff3000       .debug$S                   0000000180000000     MSVCRT:MSVCR120.dll
 0000:ffff3000       .debug$S                   0000000180000000     MSVCRT:MSVCR120.dll
 0000:ffff3000       .debug$S                   0000000180000000     MSVCRT:MSVCR120.dll
 0001:00000000       ??__EBetaFactor@@YAXXZ     0000000180001000 f   CUDAMexArrayFire2DPolarDFT.cu.obj
 0001:00000030       ??__EPostMultiplicationFactor@@YAXXZ 0000000180001030 f   CUDAMexArrayFire2DPolarDFT.cu.obj
 0001:00000060       ??__EPreMultiplicationFactor@@YAXXZ 0000000180001060 f   CUDAMexArrayFire2DPolarDFT.cu.obj
 0001:00000090       ??__ESeq_En@@YAXXZ         0000000180001090 f   CUDAMexArrayFire2DPolarDFT.cu.obj
 0001:000000c0       ??__Eallocator_arg@std@@YAXXZ 00000001800010c0 f   CUDAMexArrayFire2DPolarDFT.cu.obj
 0001:000000d0       ??__Epiecewise_construct@std@@YAXXZ 00000001800010d0 f   CUDAMexArrayFire2DPolarDFT.cu.obj
 0001:000000e0       ?__sti____cudaRegisterAll_61_tmpxft_000015bc_00000000_5_CUDAMexArrayFire2DPolarDFT_cpp1_ii_eab17064@@YAXXZ 00000001800010e0 f   CUDAMexArrayFire2DPolarDFT.cu.obj
 0001:000010c0       ?__cudaUnregisterBinaryUtil@@YAXXZ 00000001800020c0 f   CUDAMexArrayFire2DPolarDFT.cu.obj
 0001:000010e0       ?__nv_cudaEntityRegisterCallback@@YAXPEAPEAX@Z 00000001800020e0 f   CUDAMexArrayFire2DPolarDFT.cu.obj
 0001:000026d0       $$000000                   00000001800036d0     MSVCRT:amdsecgs.obj
 0001:00002774       pre_c_init                 0000000180003774 f   MSVCRT:crtdll.obj
 0001:00002a60       __DllMainCRTStartup        0000000180003a60 f   MSVCRT:crtdll.obj
 0001:00003050       ?dtor$0@?0??Compute2DColumnwise_FrFTUniform@@YA?AVarray@af@@AEAV12@0AEAH1@Z@4HA 0000000180004050 f   CUDAMexArrayFire2DPolarDFT.cu.obj
 0001:0000305e       ?dtor$1@?0??Compute2DColumnwise_FrFTUniform@@YA?AVarray@af@@AEAV12@0AEAH1@Z@4HA 000000018000405e f   CUDAMexArrayFire2DPolarDFT.cu.obj
 0001:0000306c       ?dtor$2@?0??Compute2DColumnwise_FrFTUniform@@YA?AVarray@af@@AEAV12@0AEAH1@Z@4HA 000000018000406c f   CUDAMexArrayFire2DPolarDFT.cu.obj
 0001:0000307a       ?dtor$3@?0??Compute2DColumnwise_FrFTUniform@@YA?AVarray@af@@AEAV12@0AEAH1@Z@4HA 000000018000407a f   CUDAMexArrayFire2DPolarDFT.cu.obj
 0001:00003088       ?dtor$4@?0??Compute2DColumnwise_FrFTUniform@@YA?AVarray@af@@AEAV12@0AEAH1@Z@4HA 0000000180004088 f   CUDAMexArrayFire2DPolarDFT.cu.obj
 0001:00003096       ?dtor$5@?0??Compute2DColumnwise_FrFTUniform@@YA?AVarray@af@@AEAV12@0AEAH1@Z@4HA 0000000180004096 f   CUDAMexArrayFire2DPolarDFT.cu.obj
 0001:000030a4       ?dtor$6@?0??Compute2DColumnwise_FrFTUniform@@YA?AVarray@af@@AEAV12@0AEAH1@Z@4HA 00000001800040a4 f   CUDAMexArrayFire2DPolarDFT.cu.obj
 0001:000030b2       ?dtor$7@?0??Compute2DColumnwise_FrFTUniform@@YA?AVarray@af@@AEAV12@0AEAH1@Z@4HA 00000001800040b2 f   CUDAMexArrayFire2DPolarDFT.cu.obj
 0001:000030c0       ?dtor$8@?0??Compute2DColumnwise_FrFTUniform@@YA?AVarray@af@@AEAV12@0AEAH1@Z@4HA 00000001800040c0 f   CUDAMexArrayFire2DPolarDFT.cu.obj
 0001:000030ce       ?dtor$9@?0??Compute2DColumnwise_FrFTUniform@@YA?AVarray@af@@AEAV12@0AEAH1@Z@4HA 00000001800040ce f   CUDAMexArrayFire2DPolarDFT.cu.obj
 0001:000030dc       ?dtor$10@?0??Compute2DColumnwise_FrFTUniform@@YA?AVarray@af@@AEAV12@0AEAH1@Z@4HA 00000001800040dc f   CUDAMexArrayFire2DPolarDFT.cu.obj
 0001:000030ea       ?dtor$11@?0??Compute2DColumnwise_FrFTUniform@@YA?AVarray@af@@AEAV12@0AEAH1@Z@4HA 00000001800040ea f   CUDAMexArrayFire2DPolarDFT.cu.obj
 0001:000030f8       ?dtor$12@?0??Compute2DColumnwise_FrFTUniform@@YA?AVarray@af@@AEAV12@0AEAH1@Z@4HA 00000001800040f8 f   CUDAMexArrayFire2DPolarDFT.cu.obj
 0001:00003106       ?dtor$13@?0??Compute2DColumnwise_FrFTUniform@@YA?AVarray@af@@AEAV12@0AEAH1@Z@4HA 0000000180004106 f   CUDAMexArrayFire2DPolarDFT.cu.obj
 0001:00003114       ?dtor$14@?0??Compute2DColumnwise_FrFTUniform@@YA?AVarray@af@@AEAV12@0AEAH1@Z@4HA 0000000180004114 f   CUDAMexArrayFire2DPolarDFT.cu.obj
 0001:00003122       ?dtor$15@?0??Compute2DColumnwise_FrFTUniform@@YA?AVarray@af@@AEAV12@0AEAH1@Z@4HA 0000000180004122 f   CUDAMexArrayFire2DPolarDFT.cu.obj
 0001:00003130       ?dtor$16@?0??Compute2DColumnwise_FrFTUniform@@YA?AVarray@af@@AEAV12@0AEAH1@Z@4HA 0000000180004130 f   CUDAMexArrayFire2DPolarDFT.cu.obj
 0001:0000313e       ?dtor$17@?0??Compute2DColumnwise_FrFTUniform@@YA?AVarray@af@@AEAV12@0AEAH1@Z@4HA 000000018000413e f   CUDAMexArrayFire2DPolarDFT.cu.obj
 0001:0000314c       ?dtor$18@?0??Compute2DColumnwise_FrFTUniform@@YA?AVarray@af@@AEAV12@0AEAH1@Z@4HA 000000018000414c f   CUDAMexArrayFire2DPolarDFT.cu.obj
 0001:0000315a       ?dtor$19@?0??Compute2DColumnwise_FrFTUniform@@YA?AVarray@af@@AEAV12@0AEAH1@Z@4HA 000000018000415a f   CUDAMexArrayFire2DPolarDFT.cu.obj
 0001:00003168       ?dtor$20@?0??Compute2DColumnwise_FrFTUniform@@YA?AVarray@af@@AEAV12@0AEAH1@Z@4HA 0000000180004168 f   CUDAMexArrayFire2DPolarDFT.cu.obj
 0001:00003176       ?dtor$21@?0??Compute2DColumnwise_FrFTUniform@@YA?AVarray@af@@AEAV12@0AEAH1@Z@4HA 0000000180004176 f   CUDAMexArrayFire2DPolarDFT.cu.obj
 0001:00003184       ?dtor$22@?0??Compute2DColumnwise_FrFTUniform@@YA?AVarray@af@@AEAV12@0AEAH1@Z@4HA 0000000180004184 f   CUDAMexArrayFire2DPolarDFT.cu.obj
 0001:00003192       ?dtor$23@?0??Compute2DColumnwise_FrFTUniform@@YA?AVarray@af@@AEAV12@0AEAH1@Z@4HA 0000000180004192 f   CUDAMexArrayFire2DPolarDFT.cu.obj
 0001:000031a0       ?dtor$24@?0??Compute2DColumnwise_FrFTUniform@@YA?AVarray@af@@AEAV12@0AEAH1@Z@4HA 00000001800041a0 f   CUDAMexArrayFire2DPolarDFT.cu.obj
 0001:000031ae       ?dtor$25@?0??Compute2DColumnwise_FrFTUniform@@YA?AVarray@af@@AEAV12@0AEAH1@Z@4HA 00000001800041ae f   CUDAMexArrayFire2DPolarDFT.cu.obj
 0001:000031bc       ?dtor$26@?0??Compute2DColumnwise_FrFTUniform@@YA?AVarray@af@@AEAV12@0AEAH1@Z@4HA 00000001800041bc f   CUDAMexArrayFire2DPolarDFT.cu.obj
 0001:000031ca       ?dtor$27@?0??Compute2DColumnwise_FrFTUniform@@YA?AVarray@af@@AEAV12@0AEAH1@Z@4HA 00000001800041ca f   CUDAMexArrayFire2DPolarDFT.cu.obj
 0001:000031d8       ?dtor$28@?0??Compute2DColumnwise_FrFTUniform@@YA?AVarray@af@@AEAV12@0AEAH1@Z@4HA 00000001800041d8 f   CUDAMexArrayFire2DPolarDFT.cu.obj
 0001:000031e6       ?dtor$29@?0??Compute2DColumnwise_FrFTUniform@@YA?AVarray@af@@AEAV12@0AEAH1@Z@4HA 00000001800041e6 f   CUDAMexArrayFire2DPolarDFT.cu.obj
 0001:000031f4       ?dtor$30@?0??Compute2DColumnwise_FrFTUniform@@YA?AVarray@af@@AEAV12@0AEAH1@Z@4HA 00000001800041f4 f   CUDAMexArrayFire2DPolarDFT.cu.obj
 0001:00003202       ?dtor$31@?0??Compute2DColumnwise_FrFTUniform@@YA?AVarray@af@@AEAV12@0AEAH1@Z@4HA 0000000180004202 f   CUDAMexArrayFire2DPolarDFT.cu.obj
 0001:00003210       ?dtor$32@?0??Compute2DColumnwise_FrFTUniform@@YA?AVarray@af@@AEAV12@0AEAH1@Z@4HA 0000000180004210 f   CUDAMexArrayFire2DPolarDFT.cu.obj
 0001:0000321e       ?dtor$33@?0??Compute2DColumnwise_FrFTUniform@@YA?AVarray@af@@AEAV12@0AEAH1@Z@4HA 000000018000421e f   CUDAMexArrayFire2DPolarDFT.cu.obj
 0001:0000322c       ?dtor$34@?0??Compute2DColumnwise_FrFTUniform@@YA?AVarray@af@@AEAV12@0AEAH1@Z@4HA 000000018000422c f   CUDAMexArrayFire2DPolarDFT.cu.obj
 0001:0000323a       ?dtor$35@?0??Compute2DColumnwise_FrFTUniform@@YA?AVarray@af@@AEAV12@0AEAH1@Z@4HA 000000018000423a f   CUDAMexArrayFire2DPolarDFT.cu.obj
 0001:00003248       ?dtor$36@?0??Compute2DColumnwise_FrFTUniform@@YA?AVarray@af@@AEAV12@0AEAH1@Z@4HA 0000000180004248 f   CUDAMexArrayFire2DPolarDFT.cu.obj
 0001:00003256       ?dtor$37@?0??Compute2DColumnwise_FrFTUniform@@YA?AVarray@af@@AEAV12@0AEAH1@Z@4HA 0000000180004256 f   CUDAMexArrayFire2DPolarDFT.cu.obj
 0001:00003264       ?dtor$38@?0??Compute2DColumnwise_FrFTUniform@@YA?AVarray@af@@AEAV12@0AEAH1@Z@4HA 0000000180004264 f   CUDAMexArrayFire2DPolarDFT.cu.obj
 0001:00003272       ?dtor$39@?0??Compute2DColumnwise_FrFTUniform@@YA?AVarray@af@@AEAV12@0AEAH1@Z@4HA 0000000180004272 f   CUDAMexArrayFire2DPolarDFT.cu.obj
 0001:00003280       ?dtor$40@?0??Compute2DColumnwise_FrFTUniform@@YA?AVarray@af@@AEAV12@0AEAH1@Z@4HA 0000000180004280 f   CUDAMexArrayFire2DPolarDFT.cu.obj
 0001:0000328e       ?dtor$41@?0??Compute2DColumnwise_FrFTUniform@@YA?AVarray@af@@AEAV12@0AEAH1@Z@4HA 000000018000428e f   CUDAMexArrayFire2DPolarDFT.cu.obj
 0001:0000329c       ?dtor$42@?0??Compute2DColumnwise_FrFTUniform@@YA?AVarray@af@@AEAV12@0AEAH1@Z@4HA 000000018000429c f   CUDAMexArrayFire2DPolarDFT.cu.obj
 0001:000032aa       ?dtor$43@?0??Compute2DColumnwise_FrFTUniform@@YA?AVarray@af@@AEAV12@0AEAH1@Z@4HA 00000001800042aa f   CUDAMexArrayFire2DPolarDFT.cu.obj
 0001:000032b8       ?dtor$44@?0??Compute2DColumnwise_FrFTUniform@@YA?AVarray@af@@AEAV12@0AEAH1@Z@4HA 00000001800042b8 f   CUDAMexArrayFire2DPolarDFT.cu.obj
 0001:000032c6       ?dtor$45@?0??Compute2DColumnwise_FrFTUniform@@YA?AVarray@af@@AEAV12@0AEAH1@Z@4HA 00000001800042c6 f   CUDAMexArrayFire2DPolarDFT.cu.obj
 0001:000032d4       ?dtor$46@?0??Compute2DColumnwise_FrFTUniform@@YA?AVarray@af@@AEAV12@0AEAH1@Z@4HA 00000001800042d4 f   CUDAMexArrayFire2DPolarDFT.cu.obj
 0001:000032e2       ?dtor$47@?0??Compute2DColumnwise_FrFTUniform@@YA?AVarray@af@@AEAV12@0AEAH1@Z@4HA 00000001800042e2 f   CUDAMexArrayFire2DPolarDFT.cu.obj
 0001:000032f0       ?dtor$48@?0??Compute2DColumnwise_FrFTUniform@@YA?AVarray@af@@AEAV12@0AEAH1@Z@4HA 00000001800042f0 f   CUDAMexArrayFire2DPolarDFT.cu.obj
 0001:000032fe       ?dtor$49@?0??Compute2DColumnwise_FrFTUniform@@YA?AVarray@af@@AEAV12@0AEAH1@Z@4HA 00000001800042fe f   CUDAMexArrayFire2DPolarDFT.cu.obj
 0001:0000330c       ?dtor$50@?0??Compute2DColumnwise_FrFTUniform@@YA?AVarray@af@@AEAV12@0AEAH1@Z@4HA 000000018000430c f   CUDAMexArrayFire2DPolarDFT.cu.obj
 0001:0000331a       ?dtor$51@?0??Compute2DColumnwise_FrFTUniform@@YA?AVarray@af@@AEAV12@0AEAH1@Z@4HA 000000018000431a f   CUDAMexArrayFire2DPolarDFT.cu.obj
 0001:00003328       ?dtor$52@?0??Compute2DColumnwise_FrFTUniform@@YA?AVarray@af@@AEAV12@0AEAH1@Z@4HA 0000000180004328 f   CUDAMexArrayFire2DPolarDFT.cu.obj
 0001:00003336       ?dtor$53@?0??Compute2DColumnwise_FrFTUniform@@YA?AVarray@af@@AEAV12@0AEAH1@Z@4HA 0000000180004336 f   CUDAMexArrayFire2DPolarDFT.cu.obj
 0001:00003344       ?dtor$54@?0??Compute2DColumnwise_FrFTUniform@@YA?AVarray@af@@AEAV12@0AEAH1@Z@4HA 0000000180004344 f   CUDAMexArrayFire2DPolarDFT.cu.obj
 0001:00003352       ?dtor$55@?0??Compute2DColumnwise_FrFTUniform@@YA?AVarray@af@@AEAV12@0AEAH1@Z@4HA 0000000180004352 f   CUDAMexArrayFire2DPolarDFT.cu.obj
 0001:00003360       ?dtor$56@?0??Compute2DColumnwise_FrFTUniform@@YA?AVarray@af@@AEAV12@0AEAH1@Z@4HA 0000000180004360 f   CUDAMexArrayFire2DPolarDFT.cu.obj
 0001:0000336e       ?dtor$57@?0??Compute2DColumnwise_FrFTUniform@@YA?AVarray@af@@AEAV12@0AEAH1@Z@4HA 000000018000436e f   CUDAMexArrayFire2DPolarDFT.cu.obj
 0001:0000337c       ?dtor$58@?0??Compute2DColumnwise_FrFTUniform@@YA?AVarray@af@@AEAV12@0AEAH1@Z@4HA 000000018000437c f   CUDAMexArrayFire2DPolarDFT.cu.obj
 0001:0000338a       ?dtor$59@?0??Compute2DColumnwise_FrFTUniform@@YA?AVarray@af@@AEAV12@0AEAH1@Z@4HA 000000018000438a f   CUDAMexArrayFire2DPolarDFT.cu.obj
 0001:000033c0       ?dtor$0@?0??Compute2DComplementaryLines_FrFTVariableScales@@YAXAEAVarray@af@@000HH@Z@4HA 00000001800043c0 f   CUDAMexArrayFire2DPolarDFT.cu.obj
 0001:000033ce       ?dtor$1@?0??Compute2DComplementaryLines_FrFTVariableScales@@YAXAEAVarray@af@@000HH@Z@4HA 00000001800043ce f   CUDAMexArrayFire2DPolarDFT.cu.obj
 0001:000033dc       ?dtor$2@?0??Compute2DComplementaryLines_FrFTVariableScales@@YAXAEAVarray@af@@000HH@Z@4HA 00000001800043dc f   CUDAMexArrayFire2DPolarDFT.cu.obj
 0001:000033ea       ?dtor$3@?0??Compute2DComplementaryLines_FrFTVariableScales@@YAXAEAVarray@af@@000HH@Z@4HA 00000001800043ea f   CUDAMexArrayFire2DPolarDFT.cu.obj
 0001:000033f8       ?dtor$4@?0??Compute2DComplementaryLines_FrFTVariableScales@@YAXAEAVarray@af@@000HH@Z@4HA 00000001800043f8 f   CUDAMexArrayFire2DPolarDFT.cu.obj
 0001:00003406       ?dtor$5@?0??Compute2DComplementaryLines_FrFTVariableScales@@YAXAEAVarray@af@@000HH@Z@4HA 0000000180004406 f   CUDAMexArrayFire2DPolarDFT.cu.obj
 0001:00003414       ?dtor$6@?0??Compute2DComplementaryLines_FrFTVariableScales@@YAXAEAVarray@af@@000HH@Z@4HA 0000000180004414 f   CUDAMexArrayFire2DPolarDFT.cu.obj
 0001:00003422       ?dtor$7@?0??Compute2DComplementaryLines_FrFTVariableScales@@YAXAEAVarray@af@@000HH@Z@4HA 0000000180004422 f   CUDAMexArrayFire2DPolarDFT.cu.obj
 0001:00003430       ?dtor$8@?0??Compute2DComplementaryLines_FrFTVariableScales@@YAXAEAVarray@af@@000HH@Z@4HA 0000000180004430 f   CUDAMexArrayFire2DPolarDFT.cu.obj
 0001:0000343e       ?dtor$9@?0??Compute2DComplementaryLines_FrFTVariableScales@@YAXAEAVarray@af@@000HH@Z@4HA 000000018000443e f   CUDAMexArrayFire2DPolarDFT.cu.obj
 0001:0000344c       ?dtor$10@?0??Compute2DComplementaryLines_FrFTVariableScales@@YAXAEAVarray@af@@000HH@Z@4HA 000000018000444c f   CUDAMexArrayFire2DPolarDFT.cu.obj
 0001:0000345a       ?dtor$11@?0??Compute2DComplementaryLines_FrFTVariableScales@@YAXAEAVarray@af@@000HH@Z@4HA 000000018000445a f   CUDAMexArrayFire2DPolarDFT.cu.obj
 0001:00003468       ?dtor$12@?0??Compute2DComplementaryLines_FrFTVariableScales@@YAXAEAVarray@af@@000HH@Z@4HA 0000000180004468 f   CUDAMexArrayFire2DPolarDFT.cu.obj
 0001:00003476       ?dtor$13@?0??Compute2DComplementaryLines_FrFTVariableScales@@YAXAEAVarray@af@@000HH@Z@4HA 0000000180004476 f   CUDAMexArrayFire2DPolarDFT.cu.obj
 0001:00003484       ?dtor$14@?0??Compute2DComplementaryLines_FrFTVariableScales@@YAXAEAVarray@af@@000HH@Z@4HA 0000000180004484 f   CUDAMexArrayFire2DPolarDFT.cu.obj
 0001:00003492       ?dtor$15@?0??Compute2DComplementaryLines_FrFTVariableScales@@YAXAEAVarray@af@@000HH@Z@4HA 0000000180004492 f   CUDAMexArrayFire2DPolarDFT.cu.obj
 0001:000034a0       ?dtor$16@?0??Compute2DComplementaryLines_FrFTVariableScales@@YAXAEAVarray@af@@000HH@Z@4HA 00000001800044a0 f   CUDAMexArrayFire2DPolarDFT.cu.obj
 0001:000034ae       ?dtor$17@?0??Compute2DComplementaryLines_FrFTVariableScales@@YAXAEAVarray@af@@000HH@Z@4HA 00000001800044ae f   CUDAMexArrayFire2DPolarDFT.cu.obj
 0001:000034bc       ?dtor$18@?0??Compute2DComplementaryLines_FrFTVariableScales@@YAXAEAVarray@af@@000HH@Z@4HA 00000001800044bc f   CUDAMexArrayFire2DPolarDFT.cu.obj
 0001:000034ca       ?dtor$19@?0??Compute2DComplementaryLines_FrFTVariableScales@@YAXAEAVarray@af@@000HH@Z@4HA 00000001800044ca f   CUDAMexArrayFire2DPolarDFT.cu.obj
 0001:000034d8       ?dtor$32@?0??Compute2DComplementaryLines_FrFTVariableScales@@YAXAEAVarray@af@@000HH@Z@4HA 00000001800044d8 f   CUDAMexArrayFire2DPolarDFT.cu.obj
 0001:000034e6       ?dtor$33@?0??Compute2DComplementaryLines_FrFTVariableScales@@YAXAEAVarray@af@@000HH@Z@4HA 00000001800044e6 f   CUDAMexArrayFire2DPolarDFT.cu.obj
 0001:000034f4       ?dtor$34@?0??Compute2DComplementaryLines_FrFTVariableScales@@YAXAEAVarray@af@@000HH@Z@4HA 00000001800044f4 f   CUDAMexArrayFire2DPolarDFT.cu.obj
 0001:00003502       ?dtor$35@?0??Compute2DComplementaryLines_FrFTVariableScales@@YAXAEAVarray@af@@000HH@Z@4HA 0000000180004502 f   CUDAMexArrayFire2DPolarDFT.cu.obj
 0001:00003510       ?dtor$36@?0??Compute2DComplementaryLines_FrFTVariableScales@@YAXAEAVarray@af@@000HH@Z@4HA 0000000180004510 f   CUDAMexArrayFire2DPolarDFT.cu.obj
 0001:0000351e       ?dtor$37@?0??Compute2DComplementaryLines_FrFTVariableScales@@YAXAEAVarray@af@@000HH@Z@4HA 000000018000451e f   CUDAMexArrayFire2DPolarDFT.cu.obj
 0001:0000352c       ?dtor$38@?0??Compute2DComplementaryLines_FrFTVariableScales@@YAXAEAVarray@af@@000HH@Z@4HA 000000018000452c f   CUDAMexArrayFire2DPolarDFT.cu.obj
 0001:0000353a       ?dtor$39@?0??Compute2DComplementaryLines_FrFTVariableScales@@YAXAEAVarray@af@@000HH@Z@4HA 000000018000453a f   CUDAMexArrayFire2DPolarDFT.cu.obj
 0001:00003548       ?dtor$40@?0??Compute2DComplementaryLines_FrFTVariableScales@@YAXAEAVarray@af@@000HH@Z@4HA 0000000180004548 f   CUDAMexArrayFire2DPolarDFT.cu.obj
 0001:00003556       ?dtor$41@?0??Compute2DComplementaryLines_FrFTVariableScales@@YAXAEAVarray@af@@000HH@Z@4HA 0000000180004556 f   CUDAMexArrayFire2DPolarDFT.cu.obj
 0001:00003564       ?dtor$42@?0??Compute2DComplementaryLines_FrFTVariableScales@@YAXAEAVarray@af@@000HH@Z@4HA 0000000180004564 f   CUDAMexArrayFire2DPolarDFT.cu.obj
 0001:00003572       ?dtor$43@?0??Compute2DComplementaryLines_FrFTVariableScales@@YAXAEAVarray@af@@000HH@Z@4HA 0000000180004572 f   CUDAMexArrayFire2DPolarDFT.cu.obj
 0001:00003580       ?dtor$20@?0??Compute2DComplementaryLines_FrFTVariableScales@@YAXAEAVarray@af@@000HH@Z@4HA 0000000180004580 f   CUDAMexArrayFire2DPolarDFT.cu.obj
 0001:0000358e       ?dtor$21@?0??Compute2DComplementaryLines_FrFTVariableScales@@YAXAEAVarray@af@@000HH@Z@4HA 000000018000458e f   CUDAMexArrayFire2DPolarDFT.cu.obj
 0001:0000359c       ?dtor$22@?0??Compute2DComplementaryLines_FrFTVariableScales@@YAXAEAVarray@af@@000HH@Z@4HA 000000018000459c f   CUDAMexArrayFire2DPolarDFT.cu.obj
 0001:000035aa       ?dtor$23@?0??Compute2DComplementaryLines_FrFTVariableScales@@YAXAEAVarray@af@@000HH@Z@4HA 00000001800045aa f   CUDAMexArrayFire2DPolarDFT.cu.obj
 0001:000035b8       ?dtor$24@?0??Compute2DComplementaryLines_FrFTVariableScales@@YAXAEAVarray@af@@000HH@Z@4HA 00000001800045b8 f   CUDAMexArrayFire2DPolarDFT.cu.obj
 0001:000035c6       ?dtor$25@?0??Compute2DComplementaryLines_FrFTVariableScales@@YAXAEAVarray@af@@000HH@Z@4HA 00000001800045c6 f   CUDAMexArrayFire2DPolarDFT.cu.obj
 0001:000035d4       ?dtor$26@?0??Compute2DComplementaryLines_FrFTVariableScales@@YAXAEAVarray@af@@000HH@Z@4HA 00000001800045d4 f   CUDAMexArrayFire2DPolarDFT.cu.obj
 0001:000035e2       ?dtor$27@?0??Compute2DComplementaryLines_FrFTVariableScales@@YAXAEAVarray@af@@000HH@Z@4HA 00000001800045e2 f   CUDAMexArrayFire2DPolarDFT.cu.obj
 0001:000035f0       ?dtor$28@?0??Compute2DComplementaryLines_FrFTVariableScales@@YAXAEAVarray@af@@000HH@Z@4HA 00000001800045f0 f   CUDAMexArrayFire2DPolarDFT.cu.obj
 0001:000035fe       ?dtor$29@?0??Compute2DComplementaryLines_FrFTVariableScales@@YAXAEAVarray@af@@000HH@Z@4HA 00000001800045fe f   CUDAMexArrayFire2DPolarDFT.cu.obj
 0001:0000360c       ?dtor$30@?0??Compute2DComplementaryLines_FrFTVariableScales@@YAXAEAVarray@af@@000HH@Z@4HA 000000018000460c f   CUDAMexArrayFire2DPolarDFT.cu.obj
 0001:0000361a       ?dtor$31@?0??Compute2DComplementaryLines_FrFTVariableScales@@YAXAEAVarray@af@@000HH@Z@4HA 000000018000461a f   CUDAMexArrayFire2DPolarDFT.cu.obj
 0001:00003630       ?dtor$0@?0??cexp@@YA?AVarray@af@@AEBV12@@Z@4HA 0000000180004630 f   CUDAMexArrayFire2DPolarDFT.cu.obj
 0001:0000365a       ?dtor$1@?0??cexp@@YA?AVarray@af@@AEBV12@@Z@4HA 000000018000465a f   CUDAMexArrayFire2DPolarDFT.cu.obj
 0001:00003668       ?dtor$2@?0??cexp@@YA?AVarray@af@@AEBV12@@Z@4HA 0000000180004668 f   CUDAMexArrayFire2DPolarDFT.cu.obj
 0001:00003676       ?dtor$3@?0??cexp@@YA?AVarray@af@@AEBV12@@Z@4HA 0000000180004676 f   CUDAMexArrayFire2DPolarDFT.cu.obj
 0001:00003684       ?dtor$4@?0??cexp@@YA?AVarray@af@@AEBV12@@Z@4HA 0000000180004684 f   CUDAMexArrayFire2DPolarDFT.cu.obj
 0001:00003692       ?dtor$5@?0??cexp@@YA?AVarray@af@@AEBV12@@Z@4HA 0000000180004692 f   CUDAMexArrayFire2DPolarDFT.cu.obj
 0001:000036a0       ?dtor$6@?0??cexp@@YA?AVarray@af@@AEBV12@@Z@4HA 00000001800046a0 f   CUDAMexArrayFire2DPolarDFT.cu.obj
 0001:000036ae       ?dtor$7@?0??cexp@@YA?AVarray@af@@AEBV12@@Z@4HA 00000001800046ae f   CUDAMexArrayFire2DPolarDFT.cu.obj
 0001:000036c0       mexFunction$dtor$0         00000001800046c0 f   CUDAMexArrayFire2DPolarDFT.cu.obj
 0001:000036ce       mexFunction$dtor$1         00000001800046ce f   CUDAMexArrayFire2DPolarDFT.cu.obj
 0001:000036dc       mexFunction$dtor$2         00000001800046dc f   CUDAMexArrayFire2DPolarDFT.cu.obj
 0001:000036ea       mexFunction$dtor$3         00000001800046ea f   CUDAMexArrayFire2DPolarDFT.cu.obj
 0001:000036f8       mexFunction$dtor$4         00000001800046f8 f   CUDAMexArrayFire2DPolarDFT.cu.obj
 0001:00003706       mexFunction$dtor$5         0000000180004706 f   CUDAMexArrayFire2DPolarDFT.cu.obj
 0001:00003714       mexFunction$dtor$6         0000000180004714 f   CUDAMexArrayFire2DPolarDFT.cu.obj
 0001:00003722       mexFunction$dtor$7         0000000180004722 f   CUDAMexArrayFire2DPolarDFT.cu.obj
 0001:00003730       mexFunction$dtor$8         0000000180004730 f   CUDAMexArrayFire2DPolarDFT.cu.obj
 0001:0000373e       mexFunction$dtor$9         000000018000473e f   CUDAMexArrayFire2DPolarDFT.cu.obj
 0001:0000374c       mexFunction$dtor$10        000000018000474c f   CUDAMexArrayFire2DPolarDFT.cu.obj
 0001:0000375a       mexFunction$dtor$11        000000018000475a f   CUDAMexArrayFire2DPolarDFT.cu.obj
 0001:00003768       mexFunction$dtor$12        0000000180004768 f   CUDAMexArrayFire2DPolarDFT.cu.obj
 0001:00003776       mexFunction$dtor$13        0000000180004776 f   CUDAMexArrayFire2DPolarDFT.cu.obj
 0001:00003784       mexFunction$dtor$14        0000000180004784 f   CUDAMexArrayFire2DPolarDFT.cu.obj
 0001:00003792       mexFunction$dtor$15        0000000180004792 f   CUDAMexArrayFire2DPolarDFT.cu.obj
 0001:000037a0       mexFunction$dtor$16        00000001800047a0 f   CUDAMexArrayFire2DPolarDFT.cu.obj
 0001:000037ae       mexFunction$dtor$17        00000001800047ae f   CUDAMexArrayFire2DPolarDFT.cu.obj
 0001:000037bc       mexFunction$dtor$18        00000001800047bc f   CUDAMexArrayFire2DPolarDFT.cu.obj
 0001:000037ca       mexFunction$dtor$19        00000001800047ca f   CUDAMexArrayFire2DPolarDFT.cu.obj
 0001:000037d8       mexFunction$dtor$20        00000001800047d8 f   CUDAMexArrayFire2DPolarDFT.cu.obj
 0001:000037e6       mexFunction$dtor$21        00000001800047e6 f   CUDAMexArrayFire2DPolarDFT.cu.obj
 0001:000037f4       mexFunction$dtor$22        00000001800047f4 f   CUDAMexArrayFire2DPolarDFT.cu.obj
 0001:00003802       mexFunction$dtor$23        0000000180004802 f   CUDAMexArrayFire2DPolarDFT.cu.obj
 0001:00003810       mexFunction$dtor$24        0000000180004810 f   CUDAMexArrayFire2DPolarDFT.cu.obj
 0001:0000381e       mexFunction$dtor$25        000000018000481e f   CUDAMexArrayFire2DPolarDFT.cu.obj
 0001:0000382c       mexFunction$dtor$26        000000018000482c f   CUDAMexArrayFire2DPolarDFT.cu.obj
 0001:0000383a       mexFunction$dtor$27        000000018000483a f   CUDAMexArrayFire2DPolarDFT.cu.obj
 0001:00003848       mexFunction$dtor$28        0000000180004848 f   CUDAMexArrayFire2DPolarDFT.cu.obj
 0001:00003856       mexFunction$dtor$29        0000000180004856 f   CUDAMexArrayFire2DPolarDFT.cu.obj
 0001:00003864       mexFunction$dtor$30        0000000180004864 f   CUDAMexArrayFire2DPolarDFT.cu.obj
 0001:00003872       mexFunction$dtor$31        0000000180004872 f   CUDAMexArrayFire2DPolarDFT.cu.obj
 0001:00003880       mexFunction$dtor$32        0000000180004880 f   CUDAMexArrayFire2DPolarDFT.cu.obj
 0001:0000388e       mexFunction$dtor$33        000000018000488e f   CUDAMexArrayFire2DPolarDFT.cu.obj
 0001:0000389c       mexFunction$dtor$34        000000018000489c f   CUDAMexArrayFire2DPolarDFT.cu.obj
 0001:000038aa       mexFunction$dtor$35        00000001800048aa f   CUDAMexArrayFire2DPolarDFT.cu.obj
 0001:000038b8       mexFunction$dtor$36        00000001800048b8 f   CUDAMexArrayFire2DPolarDFT.cu.obj
 0001:000038c6       mexFunction$dtor$37        00000001800048c6 f   CUDAMexArrayFire2DPolarDFT.cu.obj
 0001:000038d4       mexFunction$dtor$38        00000001800048d4 f   CUDAMexArrayFire2DPolarDFT.cu.obj
 0001:000038e2       mexFunction$dtor$39        00000001800048e2 f   CUDAMexArrayFire2DPolarDFT.cu.obj
 0001:000038f0       mexFunction$dtor$40        00000001800048f0 f   CUDAMexArrayFire2DPolarDFT.cu.obj
 0001:000038fe       mexFunction$dtor$41        00000001800048fe f   CUDAMexArrayFire2DPolarDFT.cu.obj
 0001:0000390c       mexFunction$dtor$42        000000018000490c f   CUDAMexArrayFire2DPolarDFT.cu.obj
 0001:0000391a       mexFunction$dtor$43        000000018000491a f   CUDAMexArrayFire2DPolarDFT.cu.obj
 0001:00003928       mexFunction$dtor$44        0000000180004928 f   CUDAMexArrayFire2DPolarDFT.cu.obj
 0001:00003936       mexFunction$dtor$45        0000000180004936 f   CUDAMexArrayFire2DPolarDFT.cu.obj
 0001:00003944       mexFunction$dtor$46        0000000180004944 f   CUDAMexArrayFire2DPolarDFT.cu.obj
 0001:00003952       mexFunction$dtor$47        0000000180004952 f   CUDAMexArrayFire2DPolarDFT.cu.obj
 0001:00003960       mexFunction$dtor$48        0000000180004960 f   CUDAMexArrayFire2DPolarDFT.cu.obj
 0001:0000396e       mexFunction$dtor$49        000000018000496e f   CUDAMexArrayFire2DPolarDFT.cu.obj
 0001:0000397c       mexFunction$dtor$50        000000018000497c f   CUDAMexArrayFire2DPolarDFT.cu.obj
 0001:0000398a       mexFunction$dtor$51        000000018000498a f   CUDAMexArrayFire2DPolarDFT.cu.obj
 0001:00003998       mexFunction$dtor$52        0000000180004998 f   CUDAMexArrayFire2DPolarDFT.cu.obj
 0001:000039a6       mexFunction$dtor$53        00000001800049a6 f   CUDAMexArrayFire2DPolarDFT.cu.obj
 0001:000039b4       mexFunction$dtor$54        00000001800049b4 f   CUDAMexArrayFire2DPolarDFT.cu.obj
 0001:000039c2       mexFunction$dtor$55        00000001800049c2 f   CUDAMexArrayFire2DPolarDFT.cu.obj
 0001:000039d0       mexFunction$dtor$56        00000001800049d0 f   CUDAMexArrayFire2DPolarDFT.cu.obj
 0001:000039de       mexFunction$dtor$57        00000001800049de f   CUDAMexArrayFire2DPolarDFT.cu.obj
 0001:000039ec       mexFunction$dtor$58        00000001800049ec f   CUDAMexArrayFire2DPolarDFT.cu.obj
 0001:000039fa       mexFunction$dtor$59        00000001800049fa f   CUDAMexArrayFire2DPolarDFT.cu.obj
 0001:00003a08       mexFunction$dtor$60        0000000180004a08 f   CUDAMexArrayFire2DPolarDFT.cu.obj
 0001:00003a16       mexFunction$dtor$61        0000000180004a16 f   CUDAMexArrayFire2DPolarDFT.cu.obj
 0001:00003a24       mexFunction$dtor$62        0000000180004a24 f   CUDAMexArrayFire2DPolarDFT.cu.obj
 0001:00003a32       mexFunction$dtor$63        0000000180004a32 f   CUDAMexArrayFire2DPolarDFT.cu.obj
 0001:00003a40       mexFunction$dtor$64        0000000180004a40 f   CUDAMexArrayFire2DPolarDFT.cu.obj
 0001:00003a4e       mexFunction$dtor$65        0000000180004a4e f   CUDAMexArrayFire2DPolarDFT.cu.obj
 0001:00003a5c       mexFunction$dtor$66        0000000180004a5c f   CUDAMexArrayFire2DPolarDFT.cu.obj
 0001:00003a6a       mexFunction$dtor$67        0000000180004a6a f   CUDAMexArrayFire2DPolarDFT.cu.obj
 0001:00003a78       mexFunction$dtor$68        0000000180004a78 f   CUDAMexArrayFire2DPolarDFT.cu.obj
 0001:00003a86       mexFunction$dtor$69        0000000180004a86 f   CUDAMexArrayFire2DPolarDFT.cu.obj
 0001:00003a94       mexFunction$dtor$70        0000000180004a94 f   CUDAMexArrayFire2DPolarDFT.cu.obj
 0001:00003aa2       mexFunction$dtor$71        0000000180004aa2 f   CUDAMexArrayFire2DPolarDFT.cu.obj
 0001:00003ab0       mexFunction$dtor$72        0000000180004ab0 f   CUDAMexArrayFire2DPolarDFT.cu.obj
 0001:00003abe       mexFunction$dtor$73        0000000180004abe f   CUDAMexArrayFire2DPolarDFT.cu.obj
 0001:00003acc       mexFunction$dtor$74        0000000180004acc f   CUDAMexArrayFire2DPolarDFT.cu.obj
 0001:00003ada       mexFunction$dtor$75        0000000180004ada f   CUDAMexArrayFire2DPolarDFT.cu.obj
 0001:00003ae8       mexFunction$dtor$76        0000000180004ae8 f   CUDAMexArrayFire2DPolarDFT.cu.obj
 0001:00003af6       mexFunction$dtor$77        0000000180004af6 f   CUDAMexArrayFire2DPolarDFT.cu.obj
 0001:00003b04       mexFunction$dtor$78        0000000180004b04 f   CUDAMexArrayFire2DPolarDFT.cu.obj
 0001:00003b12       mexFunction$dtor$79        0000000180004b12 f   CUDAMexArrayFire2DPolarDFT.cu.obj
 0001:00003b20       mexFunction$dtor$80        0000000180004b20 f   CUDAMexArrayFire2DPolarDFT.cu.obj
 0001:00003b2e       mexFunction$dtor$81        0000000180004b2e f   CUDAMexArrayFire2DPolarDFT.cu.obj
 0001:00003b3c       mexFunction$catch$0        0000000180004b3c f   CUDAMexArrayFire2DPolarDFT.cu.obj
 0001:00003b49       __catch$mexFunction$0      0000000180004b49 f   CUDAMexArrayFire2DPolarDFT.cu.obj
 0001:00003b74       _onexit$fin$0              0000000180004b74 f   MSVCRT:atonexit.obj
 0001:00003b8f       __DllMainCRTStartup$filt$0 0000000180004b8f f   MSVCRT:crtdll.obj
 0001:00003bb4       __DllMainCRTStartup$fin$1  0000000180004bb4 f   MSVCRT:crtdll.obj
 0001:00003bce       ?fin$0@?0???_M@YAXPEAX_KHP6AX0@Z@Z@4HA 0000000180004bce f   MSVCRT:ehvecdtr.obj
 0001:00003bfa       ?filt$0@?0??__ArrayUnwind@@YAXPEAX_KHP6AX0@Z@Z@4HA 0000000180004bfa f   MSVCRT:ehvecdtr.obj
 0001:00003c40       _IsNonwritableInCurrentImage$filt$0 0000000180004c40 f   MSVCRT:pesect.obj
 0001:00003c60       ??__FBetaFactor@@YAXXZ     0000000180004c60 f   CUDAMexArrayFire2DPolarDFT.cu.obj
 0001:00003c70       ??__FPostMultiplicationFactor@@YAXXZ 0000000180004c70 f   CUDAMexArrayFire2DPolarDFT.cu.obj
 0001:00003c80       ??__FPreMultiplicationFactor@@YAXXZ 0000000180004c80 f   CUDAMexArrayFire2DPolarDFT.cu.obj
 0001:00003c90       ??__FSeq_En@@YAXXZ         0000000180004c90 f   CUDAMexArrayFire2DPolarDFT.cu.obj
 0002:00000358       piecewise_construct$initializer$ 0000000180005358     CUDAMexArrayFire2DPolarDFT.cu.obj
 0002:00000360       PreMultiplicationFactor$initializer$ 0000000180005360     CUDAMexArrayFire2DPolarDFT.cu.obj
 0002:00000368       PostMultiplicationFactor$initializer$ 0000000180005368     CUDAMexArrayFire2DPolarDFT.cu.obj
 0002:00000370       Seq_En$initializer$        0000000180005370     CUDAMexArrayFire2DPolarDFT.cu.obj
 0002:00000378       BetaFactor$initializer$    0000000180005378     CUDAMexArrayFire2DPolarDFT.cu.obj
 0002:00000380       allocator_arg$initializer$ 0000000180005380     CUDAMexArrayFire2DPolarDFT.cu.obj
 0002:00000388       __dummy_static_init__sti____cudaRegisterAll_61_tmpxft_000015bc_00000000_5_CUDAMexArrayFire2DPolarDFT_cpp1_ii_eab17064 0000000180005388     CUDAMexArrayFire2DPolarDFT.cu.obj
 0002:000003a0       pcinit                     00000001800053a0     MSVCRT:crtdll.obj
 0002:000003a8       pinit                      00000001800053a8     MSVCRT:atonexit.obj
 0002:000003f8       $cppxdata$mexFunction      00000001800053f8     CUDAMexArrayFire2DPolarDFT.cu.obj
 0002:00000420       $cppxdata$?cexp@@YA?AVarray@af@@AEBV12@@Z 0000000180005420     CUDAMexArrayFire2DPolarDFT.cu.obj
 0002:00000448       $cppxdata$?Compute2DColumnwise_FrFTUniform@@YA?AVarray@af@@AEAV12@0AEAH1@Z 0000000180005448     CUDAMexArrayFire2DPolarDFT.cu.obj
 0002:00000470       $cppxdata$?Compute2DComplementaryLines_FrFTVariableScales@@YAXAEAVarray@af@@000HH@Z 0000000180005470     CUDAMexArrayFire2DPolarDFT.cu.obj
 0002:00000658       GS_ExceptionPointers       0000000180005658     MSVCRT:gs_report.obj
 0002:00000810       $unwind$mexFunction        0000000180005810     CUDAMexArrayFire2DPolarDFT.cu.obj
 0002:00000840       $stateUnwindMap$mexFunction 0000000180005840     CUDAMexArrayFire2DPolarDFT.cu.obj
 0002:00000c10       $tryMap$mexFunction        0000000180005c10     CUDAMexArrayFire2DPolarDFT.cu.obj
 0002:00000c24       $handlerMap$0$mexFunction  0000000180005c24     CUDAMexArrayFire2DPolarDFT.cu.obj
 0002:00000c40       $ip2state$mexFunction      0000000180005c40     CUDAMexArrayFire2DPolarDFT.cu.obj
 0002:00001128       $unwind$mexFunction$catch$0 0000000180006128     CUDAMexArrayFire2DPolarDFT.cu.obj
 0002:00001138       $unwind$??__ESeq_En@@YAXXZ 0000000180006138     CUDAMexArrayFire2DPolarDFT.cu.obj
 0002:00001138       $unwind$??__EPostMultiplicationFactor@@YAXXZ 0000000180006138     CUDAMexArrayFire2DPolarDFT.cu.obj
 0002:00001138       $unwind$??__EPreMultiplicationFactor@@YAXXZ 0000000180006138     CUDAMexArrayFire2DPolarDFT.cu.obj
 0002:00001138       $unwind$??__EBetaFactor@@YAXXZ 0000000180006138     CUDAMexArrayFire2DPolarDFT.cu.obj
 0002:00001138       $unwind$atexit             0000000180006138     CUDAMexArrayFire2DPolarDFT.cu.obj
 0002:00001138       $unwind$?__sti____cudaRegisterAll_61_tmpxft_000015bc_00000000_5_CUDAMexArrayFire2DPolarDFT_cpp1_ii_eab17064@@YAXXZ 0000000180006138     CUDAMexArrayFire2DPolarDFT.cu.obj
 0002:00001138       $unwind$DllMain            0000000180006138     CUDAMexArrayFire2DPolarDFT.cu.obj
 0002:00001140       $unwind$?cexp@@YA?AVarray@af@@AEBV12@@Z 0000000180006140     CUDAMexArrayFire2DPolarDFT.cu.obj
 0002:00001154       $stateUnwindMap$?cexp@@YA?AVarray@af@@AEBV12@@Z 0000000180006154     CUDAMexArrayFire2DPolarDFT.cu.obj
 0002:000011a0       $ip2state$?cexp@@YA?AVarray@af@@AEBV12@@Z 00000001800061a0     CUDAMexArrayFire2DPolarDFT.cu.obj
 0002:00001228       $unwind$?Compute2DColumnwise_FrFTUniform@@YA?AVarray@af@@AEAV12@0AEAH1@Z 0000000180006228     CUDAMexArrayFire2DPolarDFT.cu.obj
 0002:00001248       $stateUnwindMap$?Compute2DColumnwise_FrFTUniform@@YA?AVarray@af@@AEAV12@0AEAH1@Z 0000000180006248     CUDAMexArrayFire2DPolarDFT.cu.obj
 0002:000014a0       $ip2state$?Compute2DColumnwise_FrFTUniform@@YA?AVarray@af@@AEAV12@0AEAH1@Z 00000001800064a0     CUDAMexArrayFire2DPolarDFT.cu.obj
 0002:00001818       $unwind$?Compute2DComplementaryLines_FrFTVariableScales@@YAXAEAVarray@af@@000HH@Z 0000000180006818     CUDAMexArrayFire2DPolarDFT.cu.obj
 0002:0000183c       $stateUnwindMap$?Compute2DComplementaryLines_FrFTVariableScales@@YAXAEAVarray@af@@000HH@Z 000000018000683c     CUDAMexArrayFire2DPolarDFT.cu.obj
 0002:000019f0       $ip2state$?Compute2DComplementaryLines_FrFTVariableScales@@YAXAEAVarray@af@@000HH@Z 00000001800069f0     CUDAMexArrayFire2DPolarDFT.cu.obj
 0002:00001c98       $unwind$_onexit            0000000180006c98     MSVCRT:atonexit.obj
 0002:00001cb8       $unwind$__GSHandlerCheck_EH 0000000180006cb8     MSVCRT:gshandlereh.obj
 0002:00001cd0       $xdatasym                  0000000180006cd0     MSVCRT:amdsecgs.obj
 0002:00001cd4       $unwind$??_Etype_info@@UEAAPEAXI@Z 0000000180006cd4     MSVCRT:ti_inst.obj
 0002:00001cd4       $unwind$_DllMainCRTStartup 0000000180006cd4     MSVCRT:ti_inst.obj
 0002:00001ce4       $unwind$_CRT_INIT          0000000180006ce4     MSVCRT:crtdll.obj
 0002:00001d00       $unwind$__raise_securityfailure 0000000180006d00     MSVCRT:crtdll.obj
 0002:00001d00       $unwind$__atonexitinit     0000000180006d00     MSVCRT:crtdll.obj
 0002:00001d00       $unwind$pre_c_init         0000000180006d00     MSVCRT:crtdll.obj
 0002:00001d00       $unwind$__GSHandlerCheckCommon 0000000180006d00     MSVCRT:crtdll.obj
 0002:00001d08       $unwind$__DllMainCRTStartup 0000000180006d08     MSVCRT:crtdll.obj
 0002:00001d44       $unwind$__DllMainCRTStartup$fin$1 0000000180006d44     MSVCRT:crtdll.obj
 0002:00001d44       $unwind$_onexit$fin$0      0000000180006d44     MSVCRT:crtdll.obj
 0002:00001d44       $unwind$__DllMainCRTStartup$filt$0 0000000180006d44     MSVCRT:crtdll.obj
 0002:00001d44       $unwind$?fin$0@?0???_M@YAXPEAX_KHP6AX0@Z@Z@4HA 0000000180006d44     MSVCRT:crtdll.obj
 0002:00001d44       $unwind$_IsNonwritableInCurrentImage$filt$0 0000000180006d44     MSVCRT:crtdll.obj
 0002:00001d44       $unwind$?dtor$0@?0??cexp@@YA?AVarray@af@@AEBV12@@Z@4HA 0000000180006d44     MSVCRT:crtdll.obj
 0002:00001d44       $unwind$?dtor$59@?0??Compute2DColumnwise_FrFTUniform@@YA?AVarray@af@@AEAV12@0AEAH1@Z@4HA 0000000180006d44     MSVCRT:crtdll.obj
 0002:00001d44       $unwind$?filt$0@?0??__ArrayUnwind@@YAXPEAX_KHP6AX0@Z@Z@4HA 0000000180006d44     MSVCRT:crtdll.obj
 0002:00001d4c       $unwind$__report_gsfailure 0000000180006d4c     MSVCRT:gs_report.obj
 0002:00001d54       $unwind$??_M@YAXPEAX_KHP6AX0@Z@Z 0000000180006d54     MSVCRT:ehvecdtr.obj
 0002:00001d7c       $unwind$?__ArrayUnwind@@YAXPEAX_KHP6AX0@Z@Z 0000000180006d7c     MSVCRT:ehvecdtr.obj
 0002:00001da4       $unwind$_IsNonwritableInCurrentImage 0000000180006da4     MSVCRT:pesect.obj
 0002:00001dc8       $unwind$__security_init_cookie 0000000180006dc8     MSVCRT:gs_support.obj
 0002:00001dd4       $unwind$_RTC_Terminate     0000000180006dd4     MSVCRT:initsect.obj
 0002:00001dd4       $unwind$_RTC_Initialize    0000000180006dd4     MSVCRT:initsect.obj
 0002:00001de0       .edata                     0000000180006de0     Polar2DTransformMEXArrayFire.exp
 0002:00001e08       rgpv                       0000000180006e08     Polar2DTransformMEXArrayFire.exp
 0002:00001e0c       rgszName                   0000000180006e0c     Polar2DTransformMEXArrayFire.exp
 0002:00001e10       rgwOrd                     0000000180006e10     Polar2DTransformMEXArrayFire.exp
 0002:00001e12       szName                     0000000180006e12     Polar2DTransformMEXArrayFire.exp
 0002:00001e36       $N00001                    0000000180006e36     Polar2DTransformMEXArrayFire.exp
 0002:0000227c       .idata$6                   000000018000727c     cudart:cudart64_75.dll
 0002:00002932       .idata$6                   0000000180007932     afcuda:afcuda.dll
 0002:00002986       .idata$6                   0000000180007986     libmx:libmx.dll
 0002:000029ac       .idata$6                   00000001800079ac     libmex:libmex.dll
 0002:00002a94       .idata$6                   0000000180007a94     gpu:gpu.dll
 0002:00002ad8       .idata$6                   0000000180007ad8     MSVCRT:MSVCR120.dll
 0002:00002d26       .idata$6                   0000000180007d26     kernel32:KERNEL32.dll
 0003:00000000       isFirstRun_Uniform         0000000180008000     CUDAMexArrayFire2DPolarDFT.cu.obj
 0003:00000004       isFirstRun_Variable        0000000180008004     CUDAMexArrayFire2DPolarDFT.cu.obj
 0003:00000070       __nv_inited_managed_rt     0000000180008070     CUDAMexArrayFire2DPolarDFT.cu.obj
 0003:00000071       allocator_arg              0000000180008071     CUDAMexArrayFire2DPolarDFT.cu.obj
 0003:00000072       piecewise_construct        0000000180008072     CUDAMexArrayFire2DPolarDFT.cu.obj
 0003:00000078       PostMultiplicationFactor   0000000180008078     CUDAMexArrayFire2DPolarDFT.cu.obj
 0003:00000080       PreMultiplicationFactor    0000000180008080     CUDAMexArrayFire2DPolarDFT.cu.obj
 0003:00000088       Seq_En                     0000000180008088     CUDAMexArrayFire2DPolarDFT.cu.obj
 0003:00000090       BetaFactor                 0000000180008090     CUDAMexArrayFire2DPolarDFT.cu.obj
 0003:00000098       __nv_fatbinhandle_for_managed_rt 0000000180008098     CUDAMexArrayFire2DPolarDFT.cu.obj
 0003:000000a0       __cudaFatCubinHandle       00000001800080a0     CUDAMexArrayFire2DPolarDFT.cu.obj
 0003:000000d0       ?__ref@?1??____nv_dummy_param_ref@@YAXPEAX@Z@4PEAPECXEA 00000001800080d0     CUDAMexArrayFire2DPolarDFT.cu.obj
 0003:000000d8       ?__ref@?2??__nv_cudaEntityRegisterCallback@@YAXPEAPEAX@Z@4PEAPECXEA 00000001800080d8     CUDAMexArrayFire2DPolarDFT.cu.obj
 0003:000000e0       __proc_attached            00000001800080e0     MSVCRT:crtdll.obj
 0003:000000f0       GS_ExceptionRecord         00000001800080f0     MSVCRT:gs_report.obj
 0003:00000190       GS_ContextRecord           0000000180008190     MSVCRT:gs_report.obj
 0003:00000660       DebuggerWasPresent         0000000180008660     MSVCRT:gs_report.obj
 0004:00000000       $pdata$??__EBetaFactor@@YAXXZ 0000000180009000     CUDAMexArrayFire2DPolarDFT.cu.obj
 0004:0000000c       $pdata$??__EPostMultiplicationFactor@@YAXXZ 000000018000900c     CUDAMexArrayFire2DPolarDFT.cu.obj
 0004:00000018       $pdata$??__EPreMultiplicationFactor@@YAXXZ 0000000180009018     CUDAMexArrayFire2DPolarDFT.cu.obj
 0004:00000024       $pdata$??__ESeq_En@@YAXXZ  0000000180009024     CUDAMexArrayFire2DPolarDFT.cu.obj
 0004:00000030       $pdata$?__sti____cudaRegisterAll_61_tmpxft_000015bc_00000000_5_CUDAMexArrayFire2DPolarDFT_cpp1_ii_eab17064@@YAXXZ 0000000180009030     CUDAMexArrayFire2DPolarDFT.cu.obj
 0004:0000003c       $pdata$?Compute2DColumnwise_FrFTUniform@@YA?AVarray@af@@AEAV12@0AEAH1@Z 000000018000903c     CUDAMexArrayFire2DPolarDFT.cu.obj
 0004:00000048       $pdata$?Compute2DComplementaryLines_FrFTVariableScales@@YAXAEAVarray@af@@000HH@Z 0000000180009048     CUDAMexArrayFire2DPolarDFT.cu.obj
 0004:00000054       $pdata$?cexp@@YA?AVarray@af@@AEBV12@@Z 0000000180009054     CUDAMexArrayFire2DPolarDFT.cu.obj
 0004:00000060       $pdata$mexFunction         0000000180009060     CUDAMexArrayFire2DPolarDFT.cu.obj
 0004:0000006c       $pdata$__atonexitinit      000000018000906c     MSVCRT:atonexit.obj
 0004:00000078       $pdata$_onexit             0000000180009078     MSVCRT:atonexit.obj
 0004:00000084       $pdata$atexit              0000000180009084     MSVCRT:atonexit.obj
 0004:00000090       $pdata$__GSHandlerCheck_EH 0000000180009090     MSVCRT:gshandlereh.obj
 0004:000000a8       $pdata$??_Etype_info@@UEAAPEAXI@Z 00000001800090a8     MSVCRT:ti_inst.obj
 0004:000000b4       $pdata$pre_c_init          00000001800090b4     MSVCRT:crtdll.obj
 0004:000000c0       $pdata$_CRT_INIT           00000001800090c0     MSVCRT:crtdll.obj
 0004:000000cc       $pdata$_DllMainCRTStartup  00000001800090cc     MSVCRT:crtdll.obj
 0004:000000d8       $pdata$__DllMainCRTStartup 00000001800090d8     MSVCRT:crtdll.obj
 0004:000000e4       $pdata$__GSHandlerCheckCommon 00000001800090e4     MSVCRT:gshandler.obj
 0004:000000f0       $pdata$__raise_securityfailure 00000001800090f0     MSVCRT:gs_report.obj
 0004:000000fc       $pdata$__report_gsfailure  00000001800090fc     MSVCRT:gs_report.obj
 0004:00000108       $pdata$??_M@YAXPEAX_KHP6AX0@Z@Z 0000000180009108     MSVCRT:ehvecdtr.obj
 0004:00000114       $pdata$?__ArrayUnwind@@YAXPEAX_KHP6AX0@Z@Z 0000000180009114     MSVCRT:ehvecdtr.obj
 0004:00000120       $pdata$_IsNonwritableInCurrentImage 0000000180009120     MSVCRT:pesect.obj
 0004:0000012c       $pdata$__security_init_cookie 000000018000912c     MSVCRT:gs_support.obj
 0004:00000138       $pdata$DllMain             0000000180009138     MSVCRT:dllmain.obj
 0004:00000144       $pdata$_RTC_Initialize     0000000180009144     MSVCRT:initsect.obj
 0004:00000150       $pdata$_RTC_Terminate      0000000180009150     MSVCRT:initsect.obj
 0004:0000015c       $pdata$?dtor$59@?0??Compute2DColumnwise_FrFTUniform@@YA?AVarray@af@@AEAV12@0AEAH1@Z@4HA 000000018000915c     CUDAMexArrayFire2DPolarDFT.cu.obj
 0004:00000168       $pdata$?dtor$0@?0??cexp@@YA?AVarray@af@@AEBV12@@Z@4HA 0000000180009168     CUDAMexArrayFire2DPolarDFT.cu.obj
 0004:00000174       $pdata$mexFunction$catch$0 0000000180009174     CUDAMexArrayFire2DPolarDFT.cu.obj
 0004:00000180       $pdata$_onexit$fin$0       0000000180009180     MSVCRT:atonexit.obj
 0004:0000018c       $pdata$__DllMainCRTStartup$filt$0 000000018000918c     MSVCRT:crtdll.obj
 0004:00000198       $pdata$__DllMainCRTStartup$fin$1 0000000180009198     MSVCRT:crtdll.obj
 0004:000001a4       $pdata$?fin$0@?0???_M@YAXPEAX_KHP6AX0@Z@Z@4HA 00000001800091a4     MSVCRT:ehvecdtr.obj
 0004:000001b0       $pdata$?filt$0@?0??__ArrayUnwind@@YAXPEAX_KHP6AX0@Z@Z@4HA 00000001800091b0     MSVCRT:ehvecdtr.obj
 0004:000001bc       $pdata$_IsNonwritableInCurrentImage$filt$0 00000001800091bc     MSVCRT:pesect.obj
 0005:00000000       fatbinData                 000000018000a000     CUDAMexArrayFire2DPolarDFT.cu.obj
 0006:00000000       __fatDeviceText            000000018000b000     CUDAMexArrayFire2DPolarDFT.cu.obj
