 SphericalPolar3DTransformMEXArrayFire

 Timestamp is 5772bdbe (Tue Jun 28 11:11:10 2016)

 Preferred load address is 0000000180000000

 Start         Length     Name                   Class
 0001:00000000 000000a3H .text$di                CODE
 0001:000000b0 00006a58H .text$mn                CODE
 0001:00006b10 00001f60H .text$x                 CODE
 0001:00008a70 0000002eH .text$yd                CODE
 0002:00000000 000003d8H .idata$5                DATA
 0002:000003d8 00000008H .CRT$XCA                DATA
 0002:000003e0 00000030H .CRT$XCU                DATA
 0002:00000410 00000008H .CRT$XCZ                DATA
 0002:00000418 00000008H .CRT$XIA                DATA
 0002:00000420 00000008H .CRT$XIAA               DATA
 0002:00000428 00000008H .CRT$XIC                DATA
 0002:00000430 00000008H .CRT$XIZ                DATA
 0002:00000440 000003e0H .rdata                  DATA
 0002:00000820 000000a4H .rdata$debug            DATA
 0002:000008c8 00000074H .rdata$r                DATA
 0002:00000940 00000008H .rtc$IAA                DATA
 0002:00000948 00000008H .rtc$IZZ                DATA
 0002:00000950 00000008H .rtc$TAA                DATA
 0002:00000958 00000008H .rtc$TZZ                DATA
 0002:00000960 000039c0H .xdata                  DATA
 0002:00004320 0000006bH .edata                  DATA
 0002:0000438c 0000008cH .idata$2                DATA
 0002:00004418 00000014H .idata$3                DATA
 0002:00004430 000003d8H .idata$4                DATA
 0002:00004808 00000d14H .idata$6                DATA
 0003:00000000 00000018H .data                   DATA
 0003:00000018 00000048H .data$r                 DATA
 0003:00000060 00000620H .bss                    DATA
 0004:00000000 000001f8H .pdata                  DATA
 0005:00000000 00000800H .nv_fatbin              DATA
 0006:00000000 00000018H .nvFatBinSegment        DATA

  Address         Publics by Value              Rva+Base               Lib:Object

 0000:00000000       ___safe_se_handler_count   0000000000000000     <absolute>
 0000:00000000       __guard_fids_count         0000000000000000     <absolute>
 0000:00000000       __guard_fids_table         0000000000000000     <absolute>
 0000:00000000       ___safe_se_handler_table   0000000000000000     <absolute>
 0000:00000000       __guard_flags              0000000000000000     <absolute>
 0000:00000000       __ImageBase                0000000180000000     <linker-defined>
 0001:00002100       ?ComputeFinal_2ComplementaryLines@@YAXAEAVarray@af@@NH00@Z 0000000180003100 f   CUDAMexArrayFire3DSphericalPolarDFT.cu.obj
 0001:00002620       ?ComputeNonVectorColumnwise_FrFTUniform@@YA?AVarray@af@@AEAV12@NH@Z 0000000180003620 f   CUDAMexArrayFire3DSphericalPolarDFT.cu.obj
 0001:00002a20       ?ComputeNonVector_NonUniformFrFT_SingleColumn@@YAXAEAVarray@af@@NH00@Z 0000000180003a20 f   CUDAMexArrayFire3DSphericalPolarDFT.cu.obj
 0001:00002ff0       ?Get2DFullPolarDFT@@YA?AVarray@af@@AEAV12@HHH@Z 0000000180003ff0 f   CUDAMexArrayFire3DSphericalPolarDFT.cu.obj
 0001:000054c0       ?GlobalArraysComputeInitialize@@YAXH@Z 00000001800064c0 f   CUDAMexArrayFire3DSphericalPolarDFT.cu.obj
 0001:00005860       ?cexp@@YA?AVarray@af@@AEBV12@@Z 0000000180006860 f   CUDAMexArrayFire3DSphericalPolarDFT.cu.obj
 0001:000059a0       ?cleanUp@@YAXXZ            00000001800069a0 f   CUDAMexArrayFire3DSphericalPolarDFT.cu.obj
 0001:000059b0       mexFunction                00000001800069b0 f   CUDAMexArrayFire3DSphericalPolarDFT.cu.obj
 0001:00005f10       cudaMemcpy                 0000000180006f10 f   cudart:cudart64_75.dll
 0001:00005f16       __cudaRegisterFatBinary    0000000180006f16 f   cudart:cudart64_75.dll
 0001:00005f1c       __cudaUnregisterFatBinary  0000000180006f1c f   cudart:cudart64_75.dll
 0001:00005f22       ??$constant@H@af@@YA?AVarray@0@H_J00W4af_dtype@@@Z 0000000180006f22 f   afcuda:afcuda.dll
 0001:00005f28       ??$constant@H@af@@YA?AVarray@0@H_J0W4af_dtype@@@Z 0000000180006f28 f   afcuda:afcuda.dll
 0001:00005f2e       ??$constant@Uaf_cdouble@af@@@af@@YA?AVarray@0@Uaf_cdouble@0@_J1W4af_dtype@@@Z 0000000180006f2e f   afcuda:afcuda.dll
 0001:00005f34       ??$?0N@array@af@@QEAA@_J0PEBNW4af_source@@@Z 0000000180006f34 f   afcuda:afcuda.dll
 0001:00005f3a       ??$?0N@array@af@@QEAA@_J00PEBNW4af_source@@@Z 0000000180006f3a f   afcuda:afcuda.dll
 0001:00005f40       ??$device@N@array@af@@QEBAPEANXZ 0000000180006f40 f   afcuda:afcuda.dll
 0001:00005f46       ??$host@N@array@af@@QEBAPEANXZ 0000000180006f46 f   afcuda:afcuda.dll
 0001:00005f4c       mxGetPr                    0000000180006f4c f   libmx:libmx.dll
 0001:00005f52       mxGetScalar                0000000180006f52 f   libmx:libmx.dll
 0001:00005f58       mxCreateNumericArray_730   0000000180006f58 f   libmx:libmx.dll
 0001:00005f5e       mxDuplicateArray           0000000180006f5e f   libmx:libmx.dll
 0001:00005f64       mexErrMsgTxt               0000000180006f64 f   libmex:libmex.dll
 0001:00005f6a       mexPrintf                  0000000180006f6a f   libmex:libmex.dll
 0001:00005f70       mexAtExit                  0000000180006f70 f   libmex:libmex.dll
 0001:00005f76       mxInitGPU                  0000000180006f76 f   gpu:gpu.dll
 0001:00005f7c       mxGPUCreateFromMxArray     0000000180006f7c f   gpu:gpu.dll
 0001:00005f82       mxGPUCreateGPUArray        0000000180006f82 f   gpu:gpu.dll
 0001:00005f88       mxGPUGetClassID            0000000180006f88 f   gpu:gpu.dll
 0001:00005f8e       mxGPUGetComplexity         0000000180006f8e f   gpu:gpu.dll
 0001:00005f94       mxGPUGetData               0000000180006f94 f   gpu:gpu.dll
 0001:00005f9a       mxGPUGetDataReadOnly       0000000180006f9a f   gpu:gpu.dll
 0001:00005fa0       mxGPUGetNumberOfDimensions 0000000180006fa0 f   gpu:gpu.dll
 0001:00005fa6       mxGPUCreateMxArrayOnGPU    0000000180006fa6 f   gpu:gpu.dll
 0001:00005fac       mxGPUDestroyGPUArray       0000000180006fac f   gpu:gpu.dll
 0001:00005fb2       ??3@YAXPEAX@Z              0000000180006fb2 f   MSVCRT:MSVCR120.dll
 0001:00005fb8       __atonexitinit             0000000180006fb8 f   MSVCRT:atonexit.obj
 0001:00006008       _onexit                    0000000180007008 f   MSVCRT:atonexit.obj
 0001:000060b8       atexit                     00000001800070b8 f   MSVCRT:atonexit.obj
 0001:000060d0       __CxxFrameHandler3         00000001800070d0 f   MSVCRT:MSVCR120.dll
 0001:000060d8       __GSHandlerCheck_EH        00000001800070d8 f   MSVCRT:gshandlereh.obj
 0001:00006180       __security_check_cookie    0000000180007180 f   MSVCRT:amdsecgs.obj
 0001:000061a0       ceilf                      00000001800071a0 f   MSVCRT:MSVCR120.dll
 0001:000061a6       cos                        00000001800071a6 f   MSVCRT:MSVCR120.dll
 0001:000061ac       memcpy                     00000001800071ac f   MSVCRT:MSVCR120.dll
 0001:000061b2       pow                        00000001800071b2 f   MSVCRT:MSVCR120.dll
 0001:000061b8       sin                        00000001800071b8 f   MSVCRT:MSVCR120.dll
 0001:000061c0       ??_Etype_info@@UEAAPEAXI@Z 00000001800071c0 f i MSVCRT:ti_inst.obj
 0001:0000628c       _CRT_INIT                  000000018000728c f   MSVCRT:crtdll.obj
 0001:000064d8       _DllMainCRTStartup         00000001800074d8 f   MSVCRT:crtdll.obj
 0001:0000664e       _lock                      000000018000764e f   MSVCRT:MSVCR120.dll
 0001:00006654       _unlock                    0000000180007654 f   MSVCRT:MSVCR120.dll
 0001:0000665a       __dllonexit                000000018000765a f   MSVCRT:MSVCR120.dll
 0001:00006660       __C_specific_handler       0000000180007660 f   MSVCRT:MSVCR120.dll
 0001:00006668       __GSHandlerCheckCommon     0000000180007668 f   MSVCRT:gshandler.obj
 0001:000066cc       __raise_securityfailure    00000001800076cc f   MSVCRT:gs_report.obj
 0001:00006718       __report_gsfailure         0000000180007718 f   MSVCRT:gs_report.obj
 0001:000067ec       ??_M@YAXPEAX_KHP6AX0@Z@Z   00000001800077ec f   MSVCRT:ehvecdtr.obj
 0001:0000684c       ?__ArrayUnwind@@YAXPEAX_KHP6AX0@Z@Z 000000018000784c f   MSVCRT:ehvecdtr.obj
 0001:00006896       __CppXcptFilter            0000000180007896 f   MSVCRT:MSVCR120.dll
 0001:0000689c       _amsg_exit                 000000018000789c f   MSVCRT:MSVCR120.dll
 0001:000068b0       _FindPESection             00000001800078b0 f   MSVCRT:pesect.obj
 0001:00006900       _IsNonwritableInCurrentImage 0000000180007900 f   MSVCRT:pesect.obj
 0001:00006950       _ValidateImageBase         0000000180007950 f   MSVCRT:pesect.obj
 0001:00006980       __security_init_cookie     0000000180007980 f   MSVCRT:gs_support.obj
 0001:00006a2c       DllMain                    0000000180007a2c f   MSVCRT:dllmain.obj
 0001:00006a50       _RTC_Initialize            0000000180007a50 f   MSVCRT:initsect.obj
 0001:00006a88       _RTC_Terminate             0000000180007a88 f   MSVCRT:initsect.obj
 0001:00006ac0       _initterm                  0000000180007ac0 f   MSVCRT:MSVCR120.dll
 0001:00006ac6       _initterm_e                0000000180007ac6 f   MSVCRT:MSVCR120.dll
 0001:00006acc       __clean_type_info_names    0000000180007acc f   MSVCRT:tncleanup.obj
 0001:00006ad8       __crt_debugger_hook        0000000180007ad8 f   MSVCRT:MSVCR120.dll
 0001:00006ade       __crtUnhandledException    0000000180007ade f   MSVCRT:MSVCR120.dll
 0001:00006ae4       __crtTerminateProcess      0000000180007ae4 f   MSVCRT:MSVCR120.dll
 0001:00006aea       __crtCapturePreviousContext 0000000180007aea f   MSVCRT:MSVCR120.dll
 0001:00006af0       ?terminate@@YAXXZ          0000000180007af0 f   MSVCRT:MSVCR120.dll
 0001:00006af6       ??1type_info@@UEAA@XZ      0000000180007af6 f   MSVCRT:MSVCR120.dll
 0001:00006af6       ?_type_info_dtor_internal_method@type_info@@QEAAXXZ 0000000180007af6 f   MSVCRT:MSVCR120.dll
 0001:00006afc       __clean_type_info_names_internal 0000000180007afc f   MSVCRT:MSVCR120.dll
 0001:00006b02       IsProcessorFeaturePresent  0000000180007b02 f   kernel32:KERNEL32.dll
 0002:00000000       __imp_DisableThreadLibraryCalls 000000018000a000     kernel32:KERNEL32.dll
 0002:00000008       __imp_GetSystemTimeAsFileTime 000000018000a008     kernel32:KERNEL32.dll
 0002:00000010       __imp_GetCurrentThreadId   000000018000a010     kernel32:KERNEL32.dll
 0002:00000018       __imp_GetCurrentProcessId  000000018000a018     kernel32:KERNEL32.dll
 0002:00000020       __imp_QueryPerformanceCounter 000000018000a020     kernel32:KERNEL32.dll
 0002:00000028       __imp_IsProcessorFeaturePresent 000000018000a028     kernel32:KERNEL32.dll
 0002:00000030       __imp_IsDebuggerPresent    000000018000a030     kernel32:KERNEL32.dll
 0002:00000038       __imp_DecodePointer        000000018000a038     kernel32:KERNEL32.dll
 0002:00000040       __imp_EncodePointer        000000018000a040     kernel32:KERNEL32.dll
 0002:00000048       \177KERNEL32_NULL_THUNK_DATA 000000018000a048     kernel32:KERNEL32.dll
 0002:00000050       __imp___crtUnhandledException 000000018000a050     MSVCRT:MSVCR120.dll
 0002:00000058       __imp___crt_debugger_hook  000000018000a058     MSVCRT:MSVCR120.dll
 0002:00000060       __imp__initterm_e          000000018000a060     MSVCRT:MSVCR120.dll
 0002:00000068       __imp__initterm            000000018000a068     MSVCRT:MSVCR120.dll
 0002:00000070       __imp__malloc_crt          000000018000a070     MSVCRT:MSVCR120.dll
 0002:00000078       __imp_free                 000000018000a078     MSVCRT:MSVCR120.dll
 0002:00000080       __imp__amsg_exit           000000018000a080     MSVCRT:MSVCR120.dll
 0002:00000088       __imp___CppXcptFilter      000000018000a088     MSVCRT:MSVCR120.dll
 0002:00000090       __imp__onexit              000000018000a090     MSVCRT:MSVCR120.dll
 0002:00000098       __imp___C_specific_handler 000000018000a098     MSVCRT:MSVCR120.dll
 0002:000000a0       __imp___dllonexit          000000018000a0a0     MSVCRT:MSVCR120.dll
 0002:000000a8       __imp__calloc_crt          000000018000a0a8     MSVCRT:MSVCR120.dll
 0002:000000b0       __imp__unlock              000000018000a0b0     MSVCRT:MSVCR120.dll
 0002:000000b8       __imp__lock                000000018000a0b8     MSVCRT:MSVCR120.dll
 0002:000000c0       __imp_sin                  000000018000a0c0     MSVCRT:MSVCR120.dll
 0002:000000c8       __imp_pow                  000000018000a0c8     MSVCRT:MSVCR120.dll
 0002:000000d0       __imp_memcpy               000000018000a0d0     MSVCRT:MSVCR120.dll
 0002:000000d8       __imp___crtTerminateProcess 000000018000a0d8     MSVCRT:MSVCR120.dll
 0002:000000e0       __imp_cos                  000000018000a0e0     MSVCRT:MSVCR120.dll
 0002:000000e8       __imp_ceilf                000000018000a0e8     MSVCRT:MSVCR120.dll
 0002:000000f0       __imp___CxxFrameHandler3   000000018000a0f0     MSVCRT:MSVCR120.dll
 0002:000000f8       __imp_remainder            000000018000a0f8     MSVCRT:MSVCR120.dll
 0002:00000100       __imp___crtCapturePreviousContext 000000018000a100     MSVCRT:MSVCR120.dll
 0002:00000108       __imp_?terminate@@YAXXZ    000000018000a108     MSVCRT:MSVCR120.dll
 0002:00000110       __imp_?_type_info_dtor_internal_method@type_info@@QEAAXXZ 000000018000a110     MSVCRT:MSVCR120.dll
 0002:00000118       __imp___clean_type_info_names_internal 000000018000a118     MSVCRT:MSVCR120.dll
 0002:00000120       __imp_??3@YAXPEAX@Z        000000018000a120     MSVCRT:MSVCR120.dll
 0002:00000128       \177MSVCR120_NULL_THUNK_DATA 000000018000a128     MSVCRT:MSVCR120.dll
 0002:00000130       __imp_??Daf@@YA?AVarray@0@AEBHAEBV10@@Z 000000018000a130     afcuda:afcuda.dll
 0002:00000138       __imp_??1array_proxy@array@af@@QEAA@XZ 000000018000a138     afcuda:afcuda.dll
 0002:00000140       __imp_??Barray_proxy@array@af@@QEAA?AV12@XZ 000000018000a140     afcuda:afcuda.dll
 0002:00000148       __imp_??4array_proxy@array@af@@QEAAAEAV012@AEBV12@@Z 000000018000a148     afcuda:afcuda.dll
 0002:00000150       __imp_?sum@af@@YA?AVarray@1@AEBV21@H@Z 000000018000a150     afcuda:afcuda.dll
 0002:00000158       __imp_?sort@af@@YAXAEAVarray@1@0AEBV21@1I_N@Z 000000018000a158     afcuda:afcuda.dll
 0002:00000160       __imp_?sin@af@@YA?AVarray@1@AEBV21@@Z 000000018000a160     afcuda:afcuda.dll
 0002:00000168       __imp_?cos@af@@YA?AVarray@1@AEBV21@@Z 000000018000a168     afcuda:afcuda.dll
 0002:00000170       __imp_?complex@af@@YA?AVarray@1@AEBV21@0@Z 000000018000a170     afcuda:afcuda.dll
 0002:00000178       __imp_?complex@af@@YA?AVarray@1@NAEBV21@@Z 000000018000a178     afcuda:afcuda.dll
 0002:00000180       __imp_?real@af@@YA?AVarray@1@AEBV21@@Z 000000018000a180     afcuda:afcuda.dll
 0002:00000188       __imp_?imag@af@@YA?AVarray@1@AEBV21@@Z 000000018000a188     afcuda:afcuda.dll
 0002:00000190       __imp_?conjg@af@@YA?AVarray@1@AEBV21@@Z 000000018000a190     afcuda:afcuda.dll
 0002:00000198       __imp_?pow@af@@YA?AVarray@1@AEBV21@N@Z 000000018000a198     afcuda:afcuda.dll
 0002:000001a0       __imp_?exp@af@@YA?AVarray@1@AEBV21@@Z 000000018000a1a0     afcuda:afcuda.dll
 0002:000001a8       __imp_??1seq@af@@QEAA@XZ   000000018000a1a8     afcuda:afcuda.dll
 0002:000001b0       __imp_??0seq@af@@QEAA@NNN@Z 000000018000a1b0     afcuda:afcuda.dll
 0002:000001b8       __imp_??Bseq@af@@QEBA?AVarray@1@XZ 000000018000a1b8     afcuda:afcuda.dll
 0002:000001c0       __imp_??1index@af@@QEAA@XZ 000000018000a1c0     afcuda:afcuda.dll
 0002:000001c8       __imp_??0index@af@@QEAA@H@Z 000000018000a1c8     afcuda:afcuda.dll
 0002:000001d0       __imp_?Pi@af@@3NB          000000018000a1d0     afcuda:afcuda.dll
 0002:000001d8       __imp_?span@af@@3Vseq@1@A  000000018000a1d8     afcuda:afcuda.dll
 0002:000001e0       __imp_??$host@N@array@af@@QEBAPEANXZ 000000018000a1e0     afcuda:afcuda.dll
 0002:000001e8       __imp_??$device@N@array@af@@QEBAPEANXZ 000000018000a1e8     afcuda:afcuda.dll
 0002:000001f0       __imp_??$?0N@array@af@@QEAA@_J00PEBNW4af_source@@@Z 000000018000a1f0     afcuda:afcuda.dll
 0002:000001f8       __imp_??$?0N@array@af@@QEAA@_J0PEBNW4af_source@@@Z 000000018000a1f8     afcuda:afcuda.dll
 0002:00000200       __imp_??$constant@Uaf_cdouble@af@@@af@@YA?AVarray@0@Uaf_cdouble@0@_J1W4af_dtype@@@Z 000000018000a200     afcuda:afcuda.dll
 0002:00000208       __imp_??$constant@H@af@@YA?AVarray@0@H_J0W4af_dtype@@@Z 000000018000a208     afcuda:afcuda.dll
 0002:00000210       __imp_??$constant@H@af@@YA?AVarray@0@H_J00W4af_dtype@@@Z 000000018000a210     afcuda:afcuda.dll
 0002:00000218       __imp_?ifft@af@@YA?AVarray@1@AEBV21@_J@Z 000000018000a218     afcuda:afcuda.dll
 0002:00000220       __imp_?fft@af@@YA?AVarray@1@AEBV21@_J@Z 000000018000a220     afcuda:afcuda.dll
 0002:00000228       __imp_?deviceGC@af@@YAXXZ  000000018000a228     afcuda:afcuda.dll
 0002:00000230       __imp_?flip@af@@YA?AVarray@1@AEBV21@I@Z 000000018000a230     afcuda:afcuda.dll
 0002:00000238       __imp_?moddims@af@@YA?AVarray@1@AEBV21@_J111@Z 000000018000a238     afcuda:afcuda.dll
 0002:00000240       __imp_?reorder@af@@YA?AVarray@1@AEBV21@IIII@Z 000000018000a240     afcuda:afcuda.dll
 0002:00000248       __imp_?tile@af@@YA?AVarray@1@AEBV21@IIII@Z 000000018000a248     afcuda:afcuda.dll
 0002:00000250       __imp_?join@af@@YA?AVarray@1@HAEBV21@0@Z 000000018000a250     afcuda:afcuda.dll
 0002:00000258       __imp_??Kaf@@YA?AVarray@0@AEBV10@AEBH@Z 000000018000a258     afcuda:afcuda.dll
 0002:00000260       __imp_??Daf@@YA?AVarray@0@AEBV10@AEBN@Z 000000018000a260     afcuda:afcuda.dll
 0002:00000268       __imp_??Daf@@YA?AVarray@0@AEBV10@AEBH@Z 000000018000a268     afcuda:afcuda.dll
 0002:00000270       __imp_??Daf@@YA?AVarray@0@AEBNAEBV10@@Z 000000018000a270     afcuda:afcuda.dll
 0002:00000278       __imp_?col@array_proxy@array@af@@QEAA?AV123@H@Z 000000018000a278     afcuda:afcuda.dll
 0002:00000280       __imp_??Daf@@YA?AVarray@0@AEBV10@0@Z 000000018000a280     afcuda:afcuda.dll
 0002:00000288       __imp_??Gaf@@YA?AVarray@0@AEBV10@AEBH@Z 000000018000a288     afcuda:afcuda.dll
 0002:00000290       __imp_??Gaf@@YA?AVarray@0@AEBHAEBV10@@Z 000000018000a290     afcuda:afcuda.dll
 0002:00000298       __imp_??Gaf@@YA?AVarray@0@AEBV10@0@Z 000000018000a298     afcuda:afcuda.dll
 0002:000002a0       __imp_??Haf@@YA?AVarray@0@AEBHAEBV10@@Z 000000018000a2a0     afcuda:afcuda.dll
 0002:000002a8       __imp_??Haf@@YA?AVarray@0@AEBV10@0@Z 000000018000a2a8     afcuda:afcuda.dll
 0002:000002b0       __imp_??Garray@af@@QEBA?AV01@XZ 000000018000a2b0     afcuda:afcuda.dll
 0002:000002b8       __imp_??4array@af@@QEAAAEAV01@AEBV01@@Z 000000018000a2b8     afcuda:afcuda.dll
 0002:000002c0       __imp_?T@array@af@@QEBA?AV12@XZ 000000018000a2c0     afcuda:afcuda.dll
 0002:000002c8       __imp_??1array@af@@QEAA@XZ 000000018000a2c8     afcuda:afcuda.dll
 0002:000002d0       __imp_?as@array@af@@QEBA?BV12@W4af_dtype@@@Z 000000018000a2d0     afcuda:afcuda.dll
 0002:000002d8       __imp_?slice@array@af@@QEAA?AVarray_proxy@12@H@Z 000000018000a2d8     afcuda:afcuda.dll
 0002:000002e0       __imp_?rows@array@af@@QEAA?AVarray_proxy@12@HH@Z 000000018000a2e0     afcuda:afcuda.dll
 0002:000002e8       __imp_??Rarray@af@@QEAA?AVarray_proxy@01@AEBVindex@1@000@Z 000000018000a2e8     afcuda:afcuda.dll
 0002:000002f0       __imp_?iscomplex@array@af@@QEBA_NXZ 000000018000a2f0     afcuda:afcuda.dll
 0002:000002f8       __imp_??0array@af@@QEAA@AEBV01@@Z 000000018000a2f8     afcuda:afcuda.dll
 0002:00000300       __imp_??0array@af@@QEAA@XZ 000000018000a300     afcuda:afcuda.dll
 0002:00000308       __imp_??0index@af@@QEAA@AEBVseq@1@@Z 000000018000a308     afcuda:afcuda.dll
 0002:00000310       \177afcuda_NULL_THUNK_DATA 000000018000a310     afcuda:afcuda.dll
 0002:00000318       __imp___cudaUnregisterFatBinary 000000018000a318     cudart:cudart64_75.dll
 0002:00000320       __imp___cudaRegisterFatBinary 000000018000a320     cudart:cudart64_75.dll
 0002:00000328       __imp_cudaMemcpy           000000018000a328     cudart:cudart64_75.dll
 0002:00000330       \177cudart64_75_NULL_THUNK_DATA 000000018000a330     cudart:cudart64_75.dll
 0002:00000338       __imp_mxGPUCreateFromMxArray 000000018000a338     gpu:gpu.dll
 0002:00000340       __imp_mxGPUDestroyGPUArray 000000018000a340     gpu:gpu.dll
 0002:00000348       __imp_mxGPUCreateMxArrayOnGPU 000000018000a348     gpu:gpu.dll
 0002:00000350       __imp_mxGPUGetNumberOfDimensions 000000018000a350     gpu:gpu.dll
 0002:00000358       __imp_mxGPUGetDataReadOnly 000000018000a358     gpu:gpu.dll
 0002:00000360       __imp_mxGPUGetData         000000018000a360     gpu:gpu.dll
 0002:00000368       __imp_mxGPUGetComplexity   000000018000a368     gpu:gpu.dll
 0002:00000370       __imp_mxGPUGetClassID      000000018000a370     gpu:gpu.dll
 0002:00000378       __imp_mxGPUCreateGPUArray  000000018000a378     gpu:gpu.dll
 0002:00000380       __imp_mxInitGPU            000000018000a380     gpu:gpu.dll
 0002:00000388       \177gpu_NULL_THUNK_DATA    000000018000a388     gpu:gpu.dll
 0002:00000390       __imp_mexAtExit            000000018000a390     libmex:libmex.dll
 0002:00000398       __imp_mexPrintf            000000018000a398     libmex:libmex.dll
 0002:000003a0       __imp_mexErrMsgTxt         000000018000a3a0     libmex:libmex.dll
 0002:000003a8       \177libmex_NULL_THUNK_DATA 000000018000a3a8     libmex:libmex.dll
 0002:000003b0       __imp_mxDuplicateArray     000000018000a3b0     libmx:libmx.dll
 0002:000003b8       __imp_mxCreateNumericArray_730 000000018000a3b8     libmx:libmx.dll
 0002:000003c0       __imp_mxGetScalar          000000018000a3c0     libmx:libmx.dll
 0002:000003c8       __imp_mxGetPr              000000018000a3c8     libmx:libmx.dll
 0002:000003d0       \177libmx_NULL_THUNK_DATA  000000018000a3d0     libmx:libmx.dll
 0002:000003d8       __xc_a                     000000018000a3d8     MSVCRT:cinitexe.obj
 0002:00000410       __xc_z                     000000018000a410     MSVCRT:cinitexe.obj
 0002:00000418       __xi_a                     000000018000a418     MSVCRT:cinitexe.obj
 0002:00000430       __xi_z                     000000018000a430     MSVCRT:cinitexe.obj
 0002:000005c0       ??_C@_0HF@DMLBGAOI@Executing?5custom?5mex?5for?5computi@ 000000018000a5c0     CUDAMexArrayFire3DSphericalPolarDFT.cu.obj
 0002:00000638       ??_C@_0CA@NABKNHPN@Expected?55?5inputs?5and?52?5output?4?$AA@ 000000018000a638     CUDAMexArrayFire3DSphericalPolarDFT.cu.obj
 0002:00000660       ??_C@_0FK@HPAFJNAB@?6Successfully?5completed?5the?5comp@ 000000018000a660     CUDAMexArrayFire3DSphericalPolarDFT.cu.obj
 0002:000006c0       ??_C@_0GP@HHACLICA@?6Finished?5processing?5custom?5CUDA@ 000000018000a6c0     CUDAMexArrayFire3DSphericalPolarDFT.cu.obj
 0002:00000730       ??_C@_03OFAPEBGM@?$CFs?6?$AA@ 000000018000a730     CUDAMexArrayFire3DSphericalPolarDFT.cu.obj
 0002:00000734       __real@3e800000            000000018000a734     CUDAMexArrayFire3DSphericalPolarDFT.cu.obj
 0002:00000738       __real@3ff0000000000000    000000018000a738     CUDAMexArrayFire3DSphericalPolarDFT.cu.obj
 0002:00000740       __real@4000000000000000    000000018000a740     CUDAMexArrayFire3DSphericalPolarDFT.cu.obj
 0002:00000748       __real@4010000000000000    000000018000a748     CUDAMexArrayFire3DSphericalPolarDFT.cu.obj
 0002:00000750       __real@43e0000000000000    000000018000a750     CUDAMexArrayFire3DSphericalPolarDFT.cu.obj
 0002:00000758       __real@c000000000000000    000000018000a758     CUDAMexArrayFire3DSphericalPolarDFT.cu.obj
 0002:00000760       __xmm@3ff00000000000000000000000000000 000000018000a760     CUDAMexArrayFire3DSphericalPolarDFT.cu.obj
 0002:00000770       __xmm@80000000000000008000000000000000 000000018000a770     CUDAMexArrayFire3DSphericalPolarDFT.cu.obj
 0002:00000788       ??_7type_info@@6B@         000000018000a788     MSVCRT:ti_inst.obj
 0002:00000790       _pDefaultRawDllMain        000000018000a790     MSVCRT:crtdll.obj
 0002:00000790       _pRawDllMain               000000018000a790     MSVCRT:crtdll.obj
 0002:000007b0       _load_config_used          000000018000a7b0     MSVCRT:loadcfg.obj
 0002:000008c8       ??_R4type_info@@6B@        000000018000a8c8     MSVCRT:ti_inst.obj
 0002:000008f0       ??_R3type_info@@8          000000018000a8f0     MSVCRT:ti_inst.obj
 0002:00000908       ??_R2type_info@@8          000000018000a908     MSVCRT:ti_inst.obj
 0002:00000918       ??_R1A@?0A@EA@type_info@@8 000000018000a918     MSVCRT:ti_inst.obj
 0002:00000940       __rtc_iaa                  000000018000a940     MSVCRT:initsect.obj
 0002:00000948       __rtc_izz                  000000018000a948     MSVCRT:initsect.obj
 0002:00000950       __rtc_taa                  000000018000a950     MSVCRT:initsect.obj
 0002:00000958       __rtc_tzz                  000000018000a958     MSVCRT:initsect.obj
 0002:0000438c       __IMPORT_DESCRIPTOR_cudart64_75 000000018000e38c     cudart:cudart64_75.dll
 0002:000043a0       __IMPORT_DESCRIPTOR_afcuda 000000018000e3a0     afcuda:afcuda.dll
 0002:000043b4       __IMPORT_DESCRIPTOR_libmx  000000018000e3b4     libmx:libmx.dll
 0002:000043c8       __IMPORT_DESCRIPTOR_libmex 000000018000e3c8     libmex:libmex.dll
 0002:000043dc       __IMPORT_DESCRIPTOR_gpu    000000018000e3dc     gpu:gpu.dll
 0002:000043f0       __IMPORT_DESCRIPTOR_MSVCR120 000000018000e3f0     MSVCRT:MSVCR120.dll
 0002:00004404       __IMPORT_DESCRIPTOR_KERNEL32 000000018000e404     kernel32:KERNEL32.dll
 0002:00004418       __NULL_IMPORT_DESCRIPTOR   000000018000e418     cudart:cudart64_75.dll
 0003:00000000       __security_cookie          0000000180010000     MSVCRT:gs_cookie.obj
 0003:00000008       __security_cookie_complement 0000000180010008     MSVCRT:gs_cookie.obj
 0003:00000010       _fltused                   0000000180010010     MSVCRT:dllsupp.obj
 0003:00000014       __native_dllmain_reason    0000000180010014     MSVCRT:natstart.obj
 0003:00000018       ??_R0?AVexception@af@@@8   0000000180010018     CUDAMexArrayFire3DSphericalPolarDFT.cu.obj
 0003:00000040       ??_R0?AVtype_info@@@8      0000000180010040     MSVCRT:ti_inst.obj
 0003:00000090       ?_Generic_object@?$_Error_objects@H@std@@2V_Generic_error_category@2@A 0000000180010090     CUDAMexArrayFire3DSphericalPolarDFT.cu.obj
 0003:00000098       ?_Iostream_object@?$_Error_objects@H@std@@2V_Iostream_error_category@2@A 0000000180010098     CUDAMexArrayFire3DSphericalPolarDFT.cu.obj
 0003:000000a0       ?_System_object@?$_Error_objects@H@std@@2V_System_error_category@2@A 00000001800100a0     CUDAMexArrayFire3DSphericalPolarDFT.cu.obj
 0003:000000a8       ?id@?$num_put@DV?$back_insert_iterator@V?$basic_string@DU?$char_traits@D@std@@V?$allocator@D@2@@std@@@std@@@std@@2V0locale@2@A 00000001800100a8     CUDAMexArrayFire3DSphericalPolarDFT.cu.obj
 0003:000000b0       ?id@?$num_put@_WV?$back_insert_iterator@V?$basic_string@_WU?$char_traits@_W@std@@V?$allocator@_W@2@@std@@@std@@@std@@2V0locale@2@A 00000001800100b0     CUDAMexArrayFire3DSphericalPolarDFT.cu.obj
 0003:00000648       ?__type_info_root_node@@3U__type_info_node@@A 0000000180010648     MSVCRT:tncleanup.obj
 0003:00000658       __native_startup_lock      0000000180010658     <common>
 0003:00000660       __native_startup_state     0000000180010660     <common>
 0003:00000668       __dyn_tls_init_callback    0000000180010668     <common>
 0003:00000670       __onexitend                0000000180010670     <common>
 0003:00000678       __onexitbegin              0000000180010678     <common>

 entry point at        0001:000064d8

 Static symbols

 0000:fffeb000       .debug$S                   0000000180000000     MSVCRT:MSVCR120.dll
 0000:fffeb000       .debug$S                   0000000180000000     MSVCRT:MSVCR120.dll
 0000:fffeb000       .debug$S                   0000000180000000     MSVCRT:MSVCR120.dll
 0000:fffeb000       .debug$S                   0000000180000000     MSVCRT:MSVCR120.dll
 0000:fffeb000       .debug$S                   0000000180000000     MSVCRT:MSVCR120.dll
 0000:fffeb000       .debug$S                   0000000180000000     MSVCRT:MSVCR120.dll
 0000:fffeb000       .debug$S                   0000000180000000     MSVCRT:MSVCR120.dll
 0000:fffeb000       .debug$S                   0000000180000000     MSVCRT:MSVCR120.dll
 0000:fffeb000       .debug$S                   0000000180000000     MSVCRT:MSVCR120.dll
 0000:fffeb000       .debug$S                   0000000180000000     MSVCRT:MSVCR120.dll
 0000:fffeb000       .debug$S                   0000000180000000     cudart:cudart64_75.dll
 0000:fffeb000       .debug$S                   0000000180000000     MSVCRT:MSVCR120.dll
 0000:fffeb000       .debug$S                   0000000180000000     MSVCRT:MSVCR120.dll
 0000:fffeb000       .debug$S                   0000000180000000     MSVCRT:MSVCR120.dll
 0000:fffeb000       .debug$S                   0000000180000000     MSVCRT:MSVCR120.dll
 0000:fffeb000       .debug$S                   0000000180000000     MSVCRT:MSVCR120.dll
 0000:fffeb000       .debug$S                   0000000180000000     cudart:cudart64_75.dll
 0000:fffeb000       .debug$S                   0000000180000000     cudart:cudart64_75.dll
 0000:fffeb000       .debug$S                   0000000180000000     kernel32:KERNEL32.dll
 0000:fffeb000       .debug$S                   0000000180000000     MSVCRT:MSVCR120.dll
 0000:fffeb000       .debug$S                   0000000180000000     kernel32:KERNEL32.dll
 0000:fffeb000       .debug$S                   0000000180000000     MSVCRT:MSVCR120.dll
 0000:fffeb000       .debug$S                   0000000180000000     kernel32:KERNEL32.dll
 0000:fffeb000       .debug$S                   0000000180000000     MSVCRT:MSVCR120.dll
 0000:fffeb000       .debug$S                   0000000180000000     kernel32:KERNEL32.dll
 0000:fffeb000       .debug$S                   0000000180000000     kernel32:KERNEL32.dll
 0000:fffeb000       .debug$S                   0000000180000000     kernel32:KERNEL32.dll
 0000:fffeb000       .debug$S                   0000000180000000     kernel32:KERNEL32.dll
 0000:fffeb000       .debug$S                   0000000180000000     MSVCRT:MSVCR120.dll
 0000:fffeb000       .debug$S                   0000000180000000     MSVCRT:MSVCR120.dll
 0000:fffeb000       .debug$S                   0000000180000000     MSVCRT:MSVCR120.dll
 0000:fffeb000       .debug$S                   0000000180000000     MSVCRT:MSVCR120.dll
 0000:fffeb000       .debug$S                   0000000180000000     MSVCRT:MSVCR120.dll
 0000:fffeb000       .debug$S                   0000000180000000     MSVCRT:MSVCR120.dll
 0000:fffeb000       .debug$S                   0000000180000000     MSVCRT:MSVCR120.dll
 0000:fffeb000       .debug$S                   0000000180000000     MSVCRT:MSVCR120.dll
 0000:fffeb000       .debug$S                   0000000180000000     MSVCRT:MSVCR120.dll
 0000:fffeb000       .debug$S                   0000000180000000     MSVCRT:MSVCR120.dll
 0000:fffeb000       .debug$S                   0000000180000000     MSVCRT:MSVCR120.dll
 0000:fffeb000       .debug$S                   0000000180000000     MSVCRT:MSVCR120.dll
 0000:fffeb000       .debug$S                   0000000180000000     MSVCRT:MSVCR120.dll
 0000:fffeb000       .debug$S                   0000000180000000     MSVCRT:MSVCR120.dll
 0000:fffeb000       .debug$S                   0000000180000000     MSVCRT:MSVCR120.dll
 0000:fffeb000       .debug$S                   0000000180000000     MSVCRT:MSVCR120.dll
 0000:fffeb000       .debug$S                   0000000180000000     MSVCRT:MSVCR120.dll
 0000:fffeb000       .debug$S                   0000000180000000     MSVCRT:MSVCR120.dll
 0000:fffeb000       .debug$S                   0000000180000000     MSVCRT:MSVCR120.dll
 0000:fffeb000       .debug$S                   0000000180000000     MSVCRT:MSVCR120.dll
 0000:fffeb000       .debug$S                   0000000180000000     MSVCRT:MSVCR120.dll
 0000:fffeb000       .debug$S                   0000000180000000     MSVCRT:MSVCR120.dll
 0000:fffeb000       .debug$S                   0000000180000000     MSVCRT:MSVCR120.dll
 0000:fffeb000       .debug$S                   0000000180000000     MSVCRT:MSVCR120.dll
 0000:fffeb000       .debug$S                   0000000180000000     MSVCRT:MSVCR120.dll
 0000:fffeb000       .debug$S                   0000000180000000     MSVCRT:MSVCR120.dll
 0000:fffeb000       .debug$S                   0000000180000000     kernel32:KERNEL32.dll
 0000:fffeb000       .debug$S                   0000000180000000     MSVCRT:MSVCR120.dll
 0000:fffeb000       .debug$S                   0000000180000000     MSVCRT:MSVCR120.dll
 0000:fffeb000       .debug$S                   0000000180000000     MSVCRT:MSVCR120.dll
 0000:fffeb000       .debug$S                   0000000180000000     MSVCRT:MSVCR120.dll
 0000:fffeb000       .debug$S                   0000000180000000     MSVCRT:MSVCR120.dll
 0000:fffeb000       .debug$S                   0000000180000000     MSVCRT:MSVCR120.dll
 0000:fffeb000       .debug$S                   0000000180000000     MSVCRT:MSVCR120.dll
 0000:fffeb000       .debug$S                   0000000180000000     MSVCRT:MSVCR120.dll
 0000:fffeb000       .debug$S                   0000000180000000     MSVCRT:MSVCR120.dll
 0000:fffeb000       .debug$S                   0000000180000000     MSVCRT:MSVCR120.dll
 0000:fffeb000       .debug$S                   0000000180000000     MSVCRT:MSVCR120.dll
 0000:fffeb000       .debug$S                   0000000180000000     MSVCRT:MSVCR120.dll
 0000:fffeb000       .debug$S                   0000000180000000     MSVCRT:MSVCR120.dll
 0000:fffeb000       .debug$S                   0000000180000000     MSVCRT:MSVCR120.dll
 0000:fffeb000       .debug$S                   0000000180000000     MSVCRT:MSVCR120.dll
 0000:fffeb000       .debug$S                   0000000180000000     MSVCRT:MSVCR120.dll
 0000:fffeb000       .debug$S                   0000000180000000     MSVCRT:MSVCR120.dll
 0000:fffeb000       .debug$S                   0000000180000000     MSVCRT:MSVCR120.dll
 0000:fffeb000       .debug$S                   0000000180000000     MSVCRT:MSVCR120.dll
 0000:fffeb000       .debug$S                   0000000180000000     MSVCRT:MSVCR120.dll
 0000:fffeb000       .debug$S                   0000000180000000     MSVCRT:MSVCR120.dll
 0000:fffeb000       .debug$S                   0000000180000000     MSVCRT:MSVCR120.dll
 0000:fffeb000       .debug$S                   0000000180000000     MSVCRT:MSVCR120.dll
 0000:fffeb000       .debug$S                   0000000180000000     MSVCRT:MSVCR120.dll
 0000:fffeb000       .debug$S                   0000000180000000     MSVCRT:MSVCR120.dll
 0000:fffeb000       .debug$S                   0000000180000000     kernel32:KERNEL32.dll
 0000:fffeb000       .debug$S                   0000000180000000     MSVCRT:MSVCR120.dll
 0000:fffeb000       .debug$S                   0000000180000000     MSVCRT:MSVCR120.dll
 0000:fffeb000       .debug$S                   0000000180000000     MSVCRT:MSVCR120.dll
 0000:fffeb000       .debug$S                   0000000180000000     MSVCRT:MSVCR120.dll
 0000:fffeb000       .debug$S                   0000000180000000     MSVCRT:MSVCR120.dll
 0000:fffeb000       .debug$S                   0000000180000000     MSVCRT:MSVCR120.dll
 0000:fffeb000       .debug$S                   0000000180000000     MSVCRT:MSVCR120.dll
 0000:fffeb000       .debug$S                   0000000180000000     MSVCRT:MSVCR120.dll
 0000:fffeb000       .debug$S                   0000000180000000     MSVCRT:MSVCR120.dll
 0000:fffeb000       .debug$S                   0000000180000000     MSVCRT:MSVCR120.dll
 0000:fffeb000       .debug$S                   0000000180000000     MSVCRT:MSVCR120.dll
 0000:fffeb000       .debug$S                   0000000180000000     MSVCRT:MSVCR120.dll
 0000:fffeb000       .debug$S                   0000000180000000     MSVCRT:MSVCR120.dll
 0000:fffeb000       .debug$S                   0000000180000000     MSVCRT:MSVCR120.dll
 0000:fffeb000       .debug$S                   0000000180000000     MSVCRT:MSVCR120.dll
 0000:fffeb000       .debug$S                   0000000180000000     MSVCRT:MSVCR120.dll
 0000:fffeb000       .debug$S                   0000000180000000     MSVCRT:MSVCR120.dll
 0000:fffeb000       .debug$S                   0000000180000000     MSVCRT:MSVCR120.dll
 0000:fffeb000       .debug$S                   0000000180000000     afcuda:afcuda.dll
 0000:fffeb000       .debug$S                   0000000180000000     afcuda:afcuda.dll
 0000:fffeb000       .debug$S                   0000000180000000     afcuda:afcuda.dll
 0000:fffeb000       .debug$S                   0000000180000000     msvcprt:MSVCP120.dll
 0000:fffeb000       .debug$S                   0000000180000000     msvcprt:MSVCP120.dll
 0000:fffeb000       .debug$S                   0000000180000000     msvcprt:MSVCP120.dll
 0000:fffeb000       .debug$S                   0000000180000000     msvcprt:MSVCP120.dll
 0000:fffeb000       .debug$S                   0000000180000000     afcuda:afcuda.dll
 0000:fffeb000       .debug$S                   0000000180000000     msvcprt:MSVCP120.dll
 0002:ffff6000       .idata$6                   0000000180000000     msvcprt:MSVCP120.dll
 0000:fffeb000       .debug$S                   0000000180000000     gpu:gpu.dll
 0000:fffeb000       .debug$S                   0000000180000000     gpu:gpu.dll
 0000:fffeb000       .debug$S                   0000000180000000     gpu:gpu.dll
 0000:fffeb000       .debug$S                   0000000180000000     gpu:gpu.dll
 0000:fffeb000       .debug$S                   0000000180000000     gpu:gpu.dll
 0000:fffeb000       .debug$S                   0000000180000000     gpu:gpu.dll
 0000:fffeb000       .debug$S                   0000000180000000     gpu:gpu.dll
 0000:fffeb000       .debug$S                   0000000180000000     gpu:gpu.dll
 0000:fffeb000       .debug$S                   0000000180000000     gpu:gpu.dll
 0000:fffeb000       .debug$S                   0000000180000000     gpu:gpu.dll
 0000:fffeb000       .debug$S                   0000000180000000     libmex:libmex.dll
 0000:fffeb000       .debug$S                   0000000180000000     libmex:libmex.dll
 0000:fffeb000       .debug$S                   0000000180000000     libmex:libmex.dll
 0000:fffeb000       .debug$S                   0000000180000000     libmx:libmx.dll
 0000:fffeb000       .debug$S                   0000000180000000     libmx:libmx.dll
 0000:fffeb000       .debug$S                   0000000180000000     libmx:libmx.dll
 0000:fffeb000       .debug$S                   0000000180000000     libmx:libmx.dll
 0000:fffeb000       .debug$S                   0000000180000000     afcuda:afcuda.dll
 0000:fffeb000       .debug$S                   0000000180000000     afcuda:afcuda.dll
 0000:fffeb000       .debug$S                   0000000180000000     afcuda:afcuda.dll
 0000:fffeb000       .debug$S                   0000000180000000     afcuda:afcuda.dll
 0000:fffeb000       .debug$S                   0000000180000000     afcuda:afcuda.dll
 0000:fffeb000       .debug$S                   0000000180000000     afcuda:afcuda.dll
 0000:fffeb000       .debug$S                   0000000180000000     afcuda:afcuda.dll
 0000:fffeb000       .debug$S                   0000000180000000     afcuda:afcuda.dll
 0000:fffeb000       .debug$S                   0000000180000000     afcuda:afcuda.dll
 0000:fffeb000       .debug$S                   0000000180000000     afcuda:afcuda.dll
 0000:fffeb000       .debug$S                   0000000180000000     afcuda:afcuda.dll
 0000:fffeb000       .debug$S                   0000000180000000     afcuda:afcuda.dll
 0000:fffeb000       .debug$S                   0000000180000000     afcuda:afcuda.dll
 0000:fffeb000       .debug$S                   0000000180000000     afcuda:afcuda.dll
 0000:fffeb000       .debug$S                   0000000180000000     afcuda:afcuda.dll
 0000:fffeb000       .debug$S                   0000000180000000     afcuda:afcuda.dll
 0000:fffeb000       .debug$S                   0000000180000000     afcuda:afcuda.dll
 0000:fffeb000       .debug$S                   0000000180000000     afcuda:afcuda.dll
 0000:fffeb000       .debug$S                   0000000180000000     afcuda:afcuda.dll
 0000:fffeb000       .debug$S                   0000000180000000     afcuda:afcuda.dll
 0000:fffeb000       .debug$S                   0000000180000000     afcuda:afcuda.dll
 0000:fffeb000       .debug$S                   0000000180000000     afcuda:afcuda.dll
 0000:fffeb000       .debug$S                   0000000180000000     afcuda:afcuda.dll
 0000:fffeb000       .debug$S                   0000000180000000     afcuda:afcuda.dll
 0000:fffeb000       .debug$S                   0000000180000000     afcuda:afcuda.dll
 0000:fffeb000       .debug$S                   0000000180000000     afcuda:afcuda.dll
 0000:fffeb000       .debug$S                   0000000180000000     afcuda:afcuda.dll
 0000:fffeb000       .debug$S                   0000000180000000     afcuda:afcuda.dll
 0000:fffeb000       .debug$S                   0000000180000000     afcuda:afcuda.dll
 0000:fffeb000       .debug$S                   0000000180000000     afcuda:afcuda.dll
 0000:fffeb000       .debug$S                   0000000180000000     afcuda:afcuda.dll
 0000:fffeb000       .debug$S                   0000000180000000     afcuda:afcuda.dll
 0000:fffeb000       .debug$S                   0000000180000000     afcuda:afcuda.dll
 0000:fffeb000       .debug$S                   0000000180000000     afcuda:afcuda.dll
 0000:fffeb000       .debug$S                   0000000180000000     afcuda:afcuda.dll
 0000:fffeb000       .debug$S                   0000000180000000     afcuda:afcuda.dll
 0000:fffeb000       .debug$S                   0000000180000000     afcuda:afcuda.dll
 0000:fffeb000       .debug$S                   0000000180000000     afcuda:afcuda.dll
 0000:fffeb000       .debug$S                   0000000180000000     afcuda:afcuda.dll
 0000:fffeb000       .debug$S                   0000000180000000     afcuda:afcuda.dll
 0000:fffeb000       .debug$S                   0000000180000000     afcuda:afcuda.dll
 0000:fffeb000       .debug$S                   0000000180000000     afcuda:afcuda.dll
 0000:fffeb000       .debug$S                   0000000180000000     afcuda:afcuda.dll
 0000:fffeb000       .debug$S                   0000000180000000     afcuda:afcuda.dll
 0000:fffeb000       .debug$S                   0000000180000000     afcuda:afcuda.dll
 0000:fffeb000       .debug$S                   0000000180000000     afcuda:afcuda.dll
 0000:fffeb000       .debug$S                   0000000180000000     afcuda:afcuda.dll
 0000:fffeb000       .debug$S                   0000000180000000     afcuda:afcuda.dll
 0000:fffeb000       .debug$S                   0000000180000000     afcuda:afcuda.dll
 0000:fffeb000       .debug$S                   0000000180000000     afcuda:afcuda.dll
 0000:fffeb000       .debug$S                   0000000180000000     afcuda:afcuda.dll
 0000:fffeb000       .debug$S                   0000000180000000     afcuda:afcuda.dll
 0000:fffeb000       .debug$S                   0000000180000000     afcuda:afcuda.dll
 0000:fffeb000       .debug$S                   0000000180000000     afcuda:afcuda.dll
 0000:fffeb000       .debug$S                   0000000180000000     afcuda:afcuda.dll
 0000:fffeb000       .debug$S                   0000000180000000     afcuda:afcuda.dll
 0001:00000000       ??__Eallocator_arg@std@@YAXXZ 0000000180001000 f   CUDAMexArrayFire3DSphericalPolarDFT.cu.obj
 0001:00000010       ??__EindexedElements_Tiled_En@@YAXXZ 0000000180001010 f   CUDAMexArrayFire3DSphericalPolarDFT.cu.obj
 0001:00000040       ??__EindexedElements_Tiled_PostMulti@@YAXXZ 0000000180001040 f   CUDAMexArrayFire3DSphericalPolarDFT.cu.obj
 0001:00000070       ??__EindexedElements_Tiled_PreMulti@@YAXXZ 0000000180001070 f   CUDAMexArrayFire3DSphericalPolarDFT.cu.obj
 0001:000000a0       ??__Epiecewise_construct@std@@YAXXZ 00000001800010a0 f   CUDAMexArrayFire3DSphericalPolarDFT.cu.obj
 0001:000000b0       ?__sti____cudaRegisterAll_70_tmpxft_00001e0c_00000000_5_CUDAMexArrayFire3DSphericalPolarDFT_cpp1_ii_eab17064@@YAXXZ 00000001800010b0 f   CUDAMexArrayFire3DSphericalPolarDFT.cu.obj
 0001:000000e0       ?ComputeFastSphericalPolarFourierTransform@@YAXAEAVarray@af@@0HHHHH@Z 00000001800010e0 f   CUDAMexArrayFire3DSphericalPolarDFT.cu.obj
 0001:00005830       ?__cudaUnregisterBinaryUtil@@YAXXZ 0000000180006830 f   CUDAMexArrayFire3DSphericalPolarDFT.cu.obj
 0001:00005850       ?__nv_cudaEntityRegisterCallback@@YAXPEAPEAX@Z 0000000180006850 f   CUDAMexArrayFire3DSphericalPolarDFT.cu.obj
 0001:00006170       $$000000                   0000000180007170     MSVCRT:amdsecgs.obj
 0001:0000622c       pre_c_init                 000000018000722c f   MSVCRT:crtdll.obj
 0001:00006518       __DllMainCRTStartup        0000000180007518 f   MSVCRT:crtdll.obj
 0001:00006b10       ?dtor$0@?0??ComputeFastSphericalPolarFourierTransform@@YAXAEAVarray@af@@0HHHHH@Z@4HA 0000000180007b10 f   CUDAMexArrayFire3DSphericalPolarDFT.cu.obj
 0001:00006b1e       ?dtor$1@?0??ComputeFastSphericalPolarFourierTransform@@YAXAEAVarray@af@@0HHHHH@Z@4HA 0000000180007b1e f   CUDAMexArrayFire3DSphericalPolarDFT.cu.obj
 0001:00006b2c       ?dtor$2@?0??ComputeFastSphericalPolarFourierTransform@@YAXAEAVarray@af@@0HHHHH@Z@4HA 0000000180007b2c f   CUDAMexArrayFire3DSphericalPolarDFT.cu.obj
 0001:00006b3a       ?dtor$3@?0??ComputeFastSphericalPolarFourierTransform@@YAXAEAVarray@af@@0HHHHH@Z@4HA 0000000180007b3a f   CUDAMexArrayFire3DSphericalPolarDFT.cu.obj
 0001:00006b48       ?dtor$4@?0??ComputeFastSphericalPolarFourierTransform@@YAXAEAVarray@af@@0HHHHH@Z@4HA 0000000180007b48 f   CUDAMexArrayFire3DSphericalPolarDFT.cu.obj
 0001:00006b56       ?dtor$5@?0??ComputeFastSphericalPolarFourierTransform@@YAXAEAVarray@af@@0HHHHH@Z@4HA 0000000180007b56 f   CUDAMexArrayFire3DSphericalPolarDFT.cu.obj
 0001:00006b64       ?dtor$6@?0??ComputeFastSphericalPolarFourierTransform@@YAXAEAVarray@af@@0HHHHH@Z@4HA 0000000180007b64 f   CUDAMexArrayFire3DSphericalPolarDFT.cu.obj
 0001:00006b72       ?dtor$7@?0??ComputeFastSphericalPolarFourierTransform@@YAXAEAVarray@af@@0HHHHH@Z@4HA 0000000180007b72 f   CUDAMexArrayFire3DSphericalPolarDFT.cu.obj
 0001:00006b80       ?dtor$8@?0??ComputeFastSphericalPolarFourierTransform@@YAXAEAVarray@af@@0HHHHH@Z@4HA 0000000180007b80 f   CUDAMexArrayFire3DSphericalPolarDFT.cu.obj
 0001:00006b8e       ?dtor$9@?0??ComputeFastSphericalPolarFourierTransform@@YAXAEAVarray@af@@0HHHHH@Z@4HA 0000000180007b8e f   CUDAMexArrayFire3DSphericalPolarDFT.cu.obj
 0001:00006b9c       ?dtor$10@?0??ComputeFastSphericalPolarFourierTransform@@YAXAEAVarray@af@@0HHHHH@Z@4HA 0000000180007b9c f   CUDAMexArrayFire3DSphericalPolarDFT.cu.obj
 0001:00006baa       ?dtor$11@?0??ComputeFastSphericalPolarFourierTransform@@YAXAEAVarray@af@@0HHHHH@Z@4HA 0000000180007baa f   CUDAMexArrayFire3DSphericalPolarDFT.cu.obj
 0001:00006bb8       ?dtor$12@?0??ComputeFastSphericalPolarFourierTransform@@YAXAEAVarray@af@@0HHHHH@Z@4HA 0000000180007bb8 f   CUDAMexArrayFire3DSphericalPolarDFT.cu.obj
 0001:00006bc6       ?dtor$13@?0??ComputeFastSphericalPolarFourierTransform@@YAXAEAVarray@af@@0HHHHH@Z@4HA 0000000180007bc6 f   CUDAMexArrayFire3DSphericalPolarDFT.cu.obj
 0001:00006bd4       ?dtor$14@?0??ComputeFastSphericalPolarFourierTransform@@YAXAEAVarray@af@@0HHHHH@Z@4HA 0000000180007bd4 f   CUDAMexArrayFire3DSphericalPolarDFT.cu.obj
 0001:00006be2       ?dtor$15@?0??ComputeFastSphericalPolarFourierTransform@@YAXAEAVarray@af@@0HHHHH@Z@4HA 0000000180007be2 f   CUDAMexArrayFire3DSphericalPolarDFT.cu.obj
 0001:00006bf0       ?dtor$16@?0??ComputeFastSphericalPolarFourierTransform@@YAXAEAVarray@af@@0HHHHH@Z@4HA 0000000180007bf0 f   CUDAMexArrayFire3DSphericalPolarDFT.cu.obj
 0001:00006bfe       ?dtor$17@?0??ComputeFastSphericalPolarFourierTransform@@YAXAEAVarray@af@@0HHHHH@Z@4HA 0000000180007bfe f   CUDAMexArrayFire3DSphericalPolarDFT.cu.obj
 0001:00006c0c       ?dtor$18@?0??ComputeFastSphericalPolarFourierTransform@@YAXAEAVarray@af@@0HHHHH@Z@4HA 0000000180007c0c f   CUDAMexArrayFire3DSphericalPolarDFT.cu.obj
 0001:00006c1a       ?dtor$19@?0??ComputeFastSphericalPolarFourierTransform@@YAXAEAVarray@af@@0HHHHH@Z@4HA 0000000180007c1a f   CUDAMexArrayFire3DSphericalPolarDFT.cu.obj
 0001:00006c28       ?dtor$20@?0??ComputeFastSphericalPolarFourierTransform@@YAXAEAVarray@af@@0HHHHH@Z@4HA 0000000180007c28 f   CUDAMexArrayFire3DSphericalPolarDFT.cu.obj
 0001:00006c36       ?dtor$21@?0??ComputeFastSphericalPolarFourierTransform@@YAXAEAVarray@af@@0HHHHH@Z@4HA 0000000180007c36 f   CUDAMexArrayFire3DSphericalPolarDFT.cu.obj
 0001:00006c44       ?dtor$22@?0??ComputeFastSphericalPolarFourierTransform@@YAXAEAVarray@af@@0HHHHH@Z@4HA 0000000180007c44 f   CUDAMexArrayFire3DSphericalPolarDFT.cu.obj
 0001:00006c52       ?dtor$23@?0??ComputeFastSphericalPolarFourierTransform@@YAXAEAVarray@af@@0HHHHH@Z@4HA 0000000180007c52 f   CUDAMexArrayFire3DSphericalPolarDFT.cu.obj
 0001:00006c60       ?dtor$24@?0??ComputeFastSphericalPolarFourierTransform@@YAXAEAVarray@af@@0HHHHH@Z@4HA 0000000180007c60 f   CUDAMexArrayFire3DSphericalPolarDFT.cu.obj
 0001:00006c6e       ?dtor$25@?0??ComputeFastSphericalPolarFourierTransform@@YAXAEAVarray@af@@0HHHHH@Z@4HA 0000000180007c6e f   CUDAMexArrayFire3DSphericalPolarDFT.cu.obj
 0001:00006c7c       ?dtor$26@?0??ComputeFastSphericalPolarFourierTransform@@YAXAEAVarray@af@@0HHHHH@Z@4HA 0000000180007c7c f   CUDAMexArrayFire3DSphericalPolarDFT.cu.obj
 0001:00006c8a       ?dtor$27@?0??ComputeFastSphericalPolarFourierTransform@@YAXAEAVarray@af@@0HHHHH@Z@4HA 0000000180007c8a f   CUDAMexArrayFire3DSphericalPolarDFT.cu.obj
 0001:00006c98       ?dtor$28@?0??ComputeFastSphericalPolarFourierTransform@@YAXAEAVarray@af@@0HHHHH@Z@4HA 0000000180007c98 f   CUDAMexArrayFire3DSphericalPolarDFT.cu.obj
 0001:00006ca6       ?dtor$29@?0??ComputeFastSphericalPolarFourierTransform@@YAXAEAVarray@af@@0HHHHH@Z@4HA 0000000180007ca6 f   CUDAMexArrayFire3DSphericalPolarDFT.cu.obj
 0001:00006cb4       ?dtor$30@?0??ComputeFastSphericalPolarFourierTransform@@YAXAEAVarray@af@@0HHHHH@Z@4HA 0000000180007cb4 f   CUDAMexArrayFire3DSphericalPolarDFT.cu.obj
 0001:00006cc2       ?dtor$31@?0??ComputeFastSphericalPolarFourierTransform@@YAXAEAVarray@af@@0HHHHH@Z@4HA 0000000180007cc2 f   CUDAMexArrayFire3DSphericalPolarDFT.cu.obj
 0001:00006cd0       ?dtor$32@?0??ComputeFastSphericalPolarFourierTransform@@YAXAEAVarray@af@@0HHHHH@Z@4HA 0000000180007cd0 f   CUDAMexArrayFire3DSphericalPolarDFT.cu.obj
 0001:00006cde       ?dtor$33@?0??ComputeFastSphericalPolarFourierTransform@@YAXAEAVarray@af@@0HHHHH@Z@4HA 0000000180007cde f   CUDAMexArrayFire3DSphericalPolarDFT.cu.obj
 0001:00006cec       ?dtor$34@?0??ComputeFastSphericalPolarFourierTransform@@YAXAEAVarray@af@@0HHHHH@Z@4HA 0000000180007cec f   CUDAMexArrayFire3DSphericalPolarDFT.cu.obj
 0001:00006cfa       ?dtor$35@?0??ComputeFastSphericalPolarFourierTransform@@YAXAEAVarray@af@@0HHHHH@Z@4HA 0000000180007cfa f   CUDAMexArrayFire3DSphericalPolarDFT.cu.obj
 0001:00006d08       ?dtor$36@?0??ComputeFastSphericalPolarFourierTransform@@YAXAEAVarray@af@@0HHHHH@Z@4HA 0000000180007d08 f   CUDAMexArrayFire3DSphericalPolarDFT.cu.obj
 0001:00006d16       ?dtor$37@?0??ComputeFastSphericalPolarFourierTransform@@YAXAEAVarray@af@@0HHHHH@Z@4HA 0000000180007d16 f   CUDAMexArrayFire3DSphericalPolarDFT.cu.obj
 0001:00006d24       ?dtor$38@?0??ComputeFastSphericalPolarFourierTransform@@YAXAEAVarray@af@@0HHHHH@Z@4HA 0000000180007d24 f   CUDAMexArrayFire3DSphericalPolarDFT.cu.obj
 0001:00006d32       ?dtor$39@?0??ComputeFastSphericalPolarFourierTransform@@YAXAEAVarray@af@@0HHHHH@Z@4HA 0000000180007d32 f   CUDAMexArrayFire3DSphericalPolarDFT.cu.obj
 0001:00006d40       ?dtor$40@?0??ComputeFastSphericalPolarFourierTransform@@YAXAEAVarray@af@@0HHHHH@Z@4HA 0000000180007d40 f   CUDAMexArrayFire3DSphericalPolarDFT.cu.obj
 0001:00006d4e       ?dtor$41@?0??ComputeFastSphericalPolarFourierTransform@@YAXAEAVarray@af@@0HHHHH@Z@4HA 0000000180007d4e f   CUDAMexArrayFire3DSphericalPolarDFT.cu.obj
 0001:00006d5c       ?dtor$42@?0??ComputeFastSphericalPolarFourierTransform@@YAXAEAVarray@af@@0HHHHH@Z@4HA 0000000180007d5c f   CUDAMexArrayFire3DSphericalPolarDFT.cu.obj
 0001:00006d6a       ?dtor$43@?0??ComputeFastSphericalPolarFourierTransform@@YAXAEAVarray@af@@0HHHHH@Z@4HA 0000000180007d6a f   CUDAMexArrayFire3DSphericalPolarDFT.cu.obj
 0001:00006d78       ?dtor$44@?0??ComputeFastSphericalPolarFourierTransform@@YAXAEAVarray@af@@0HHHHH@Z@4HA 0000000180007d78 f   CUDAMexArrayFire3DSphericalPolarDFT.cu.obj
 0001:00006d86       ?dtor$45@?0??ComputeFastSphericalPolarFourierTransform@@YAXAEAVarray@af@@0HHHHH@Z@4HA 0000000180007d86 f   CUDAMexArrayFire3DSphericalPolarDFT.cu.obj
 0001:00006d94       ?dtor$46@?0??ComputeFastSphericalPolarFourierTransform@@YAXAEAVarray@af@@0HHHHH@Z@4HA 0000000180007d94 f   CUDAMexArrayFire3DSphericalPolarDFT.cu.obj
 0001:00006da2       ?dtor$47@?0??ComputeFastSphericalPolarFourierTransform@@YAXAEAVarray@af@@0HHHHH@Z@4HA 0000000180007da2 f   CUDAMexArrayFire3DSphericalPolarDFT.cu.obj
 0001:00006db0       ?dtor$48@?0??ComputeFastSphericalPolarFourierTransform@@YAXAEAVarray@af@@0HHHHH@Z@4HA 0000000180007db0 f   CUDAMexArrayFire3DSphericalPolarDFT.cu.obj
 0001:00006dbe       ?dtor$49@?0??ComputeFastSphericalPolarFourierTransform@@YAXAEAVarray@af@@0HHHHH@Z@4HA 0000000180007dbe f   CUDAMexArrayFire3DSphericalPolarDFT.cu.obj
 0001:00006dcc       ?dtor$50@?0??ComputeFastSphericalPolarFourierTransform@@YAXAEAVarray@af@@0HHHHH@Z@4HA 0000000180007dcc f   CUDAMexArrayFire3DSphericalPolarDFT.cu.obj
 0001:00006dda       ?dtor$51@?0??ComputeFastSphericalPolarFourierTransform@@YAXAEAVarray@af@@0HHHHH@Z@4HA 0000000180007dda f   CUDAMexArrayFire3DSphericalPolarDFT.cu.obj
 0001:00006de8       ?dtor$52@?0??ComputeFastSphericalPolarFourierTransform@@YAXAEAVarray@af@@0HHHHH@Z@4HA 0000000180007de8 f   CUDAMexArrayFire3DSphericalPolarDFT.cu.obj
 0001:00006df6       ?dtor$53@?0??ComputeFastSphericalPolarFourierTransform@@YAXAEAVarray@af@@0HHHHH@Z@4HA 0000000180007df6 f   CUDAMexArrayFire3DSphericalPolarDFT.cu.obj
 0001:00006e04       ?dtor$54@?0??ComputeFastSphericalPolarFourierTransform@@YAXAEAVarray@af@@0HHHHH@Z@4HA 0000000180007e04 f   CUDAMexArrayFire3DSphericalPolarDFT.cu.obj
 0001:00006e12       ?dtor$55@?0??ComputeFastSphericalPolarFourierTransform@@YAXAEAVarray@af@@0HHHHH@Z@4HA 0000000180007e12 f   CUDAMexArrayFire3DSphericalPolarDFT.cu.obj
 0001:00006e20       ?dtor$56@?0??ComputeFastSphericalPolarFourierTransform@@YAXAEAVarray@af@@0HHHHH@Z@4HA 0000000180007e20 f   CUDAMexArrayFire3DSphericalPolarDFT.cu.obj
 0001:00006e2e       ?dtor$57@?0??ComputeFastSphericalPolarFourierTransform@@YAXAEAVarray@af@@0HHHHH@Z@4HA 0000000180007e2e f   CUDAMexArrayFire3DSphericalPolarDFT.cu.obj
 0001:00006e3c       ?dtor$58@?0??ComputeFastSphericalPolarFourierTransform@@YAXAEAVarray@af@@0HHHHH@Z@4HA 0000000180007e3c f   CUDAMexArrayFire3DSphericalPolarDFT.cu.obj
 0001:00006e4a       ?dtor$59@?0??ComputeFastSphericalPolarFourierTransform@@YAXAEAVarray@af@@0HHHHH@Z@4HA 0000000180007e4a f   CUDAMexArrayFire3DSphericalPolarDFT.cu.obj
 0001:00006e58       ?dtor$60@?0??ComputeFastSphericalPolarFourierTransform@@YAXAEAVarray@af@@0HHHHH@Z@4HA 0000000180007e58 f   CUDAMexArrayFire3DSphericalPolarDFT.cu.obj
 0001:00006e66       ?dtor$61@?0??ComputeFastSphericalPolarFourierTransform@@YAXAEAVarray@af@@0HHHHH@Z@4HA 0000000180007e66 f   CUDAMexArrayFire3DSphericalPolarDFT.cu.obj
 0001:00006e74       ?dtor$62@?0??ComputeFastSphericalPolarFourierTransform@@YAXAEAVarray@af@@0HHHHH@Z@4HA 0000000180007e74 f   CUDAMexArrayFire3DSphericalPolarDFT.cu.obj
 0001:00006e82       ?dtor$63@?0??ComputeFastSphericalPolarFourierTransform@@YAXAEAVarray@af@@0HHHHH@Z@4HA 0000000180007e82 f   CUDAMexArrayFire3DSphericalPolarDFT.cu.obj
 0001:00006e90       ?dtor$64@?0??ComputeFastSphericalPolarFourierTransform@@YAXAEAVarray@af@@0HHHHH@Z@4HA 0000000180007e90 f   CUDAMexArrayFire3DSphericalPolarDFT.cu.obj
 0001:00006e9e       ?dtor$65@?0??ComputeFastSphericalPolarFourierTransform@@YAXAEAVarray@af@@0HHHHH@Z@4HA 0000000180007e9e f   CUDAMexArrayFire3DSphericalPolarDFT.cu.obj
 0001:00006eac       ?dtor$66@?0??ComputeFastSphericalPolarFourierTransform@@YAXAEAVarray@af@@0HHHHH@Z@4HA 0000000180007eac f   CUDAMexArrayFire3DSphericalPolarDFT.cu.obj
 0001:00006eba       ?dtor$67@?0??ComputeFastSphericalPolarFourierTransform@@YAXAEAVarray@af@@0HHHHH@Z@4HA 0000000180007eba f   CUDAMexArrayFire3DSphericalPolarDFT.cu.obj
 0001:00006ec8       ?dtor$68@?0??ComputeFastSphericalPolarFourierTransform@@YAXAEAVarray@af@@0HHHHH@Z@4HA 0000000180007ec8 f   CUDAMexArrayFire3DSphericalPolarDFT.cu.obj
 0001:00006ed6       ?dtor$69@?0??ComputeFastSphericalPolarFourierTransform@@YAXAEAVarray@af@@0HHHHH@Z@4HA 0000000180007ed6 f   CUDAMexArrayFire3DSphericalPolarDFT.cu.obj
 0001:00006ee4       ?dtor$70@?0??ComputeFastSphericalPolarFourierTransform@@YAXAEAVarray@af@@0HHHHH@Z@4HA 0000000180007ee4 f   CUDAMexArrayFire3DSphericalPolarDFT.cu.obj
 0001:00006ef2       ?dtor$71@?0??ComputeFastSphericalPolarFourierTransform@@YAXAEAVarray@af@@0HHHHH@Z@4HA 0000000180007ef2 f   CUDAMexArrayFire3DSphericalPolarDFT.cu.obj
 0001:00006f00       ?dtor$72@?0??ComputeFastSphericalPolarFourierTransform@@YAXAEAVarray@af@@0HHHHH@Z@4HA 0000000180007f00 f   CUDAMexArrayFire3DSphericalPolarDFT.cu.obj
 0001:00006f0e       ?dtor$73@?0??ComputeFastSphericalPolarFourierTransform@@YAXAEAVarray@af@@0HHHHH@Z@4HA 0000000180007f0e f   CUDAMexArrayFire3DSphericalPolarDFT.cu.obj
 0001:00006f1c       ?dtor$74@?0??ComputeFastSphericalPolarFourierTransform@@YAXAEAVarray@af@@0HHHHH@Z@4HA 0000000180007f1c f   CUDAMexArrayFire3DSphericalPolarDFT.cu.obj
 0001:00006f2a       ?dtor$75@?0??ComputeFastSphericalPolarFourierTransform@@YAXAEAVarray@af@@0HHHHH@Z@4HA 0000000180007f2a f   CUDAMexArrayFire3DSphericalPolarDFT.cu.obj
 0001:00006f38       ?dtor$76@?0??ComputeFastSphericalPolarFourierTransform@@YAXAEAVarray@af@@0HHHHH@Z@4HA 0000000180007f38 f   CUDAMexArrayFire3DSphericalPolarDFT.cu.obj
 0001:00006f46       ?dtor$77@?0??ComputeFastSphericalPolarFourierTransform@@YAXAEAVarray@af@@0HHHHH@Z@4HA 0000000180007f46 f   CUDAMexArrayFire3DSphericalPolarDFT.cu.obj
 0001:00006f54       ?dtor$78@?0??ComputeFastSphericalPolarFourierTransform@@YAXAEAVarray@af@@0HHHHH@Z@4HA 0000000180007f54 f   CUDAMexArrayFire3DSphericalPolarDFT.cu.obj
 0001:00006f62       ?dtor$79@?0??ComputeFastSphericalPolarFourierTransform@@YAXAEAVarray@af@@0HHHHH@Z@4HA 0000000180007f62 f   CUDAMexArrayFire3DSphericalPolarDFT.cu.obj
 0001:00006f70       ?dtor$80@?0??ComputeFastSphericalPolarFourierTransform@@YAXAEAVarray@af@@0HHHHH@Z@4HA 0000000180007f70 f   CUDAMexArrayFire3DSphericalPolarDFT.cu.obj
 0001:00006f7e       ?dtor$81@?0??ComputeFastSphericalPolarFourierTransform@@YAXAEAVarray@af@@0HHHHH@Z@4HA 0000000180007f7e f   CUDAMexArrayFire3DSphericalPolarDFT.cu.obj
 0001:00006f8c       ?dtor$82@?0??ComputeFastSphericalPolarFourierTransform@@YAXAEAVarray@af@@0HHHHH@Z@4HA 0000000180007f8c f   CUDAMexArrayFire3DSphericalPolarDFT.cu.obj
 0001:00006f9a       ?dtor$83@?0??ComputeFastSphericalPolarFourierTransform@@YAXAEAVarray@af@@0HHHHH@Z@4HA 0000000180007f9a f   CUDAMexArrayFire3DSphericalPolarDFT.cu.obj
 0001:00006fa8       ?dtor$84@?0??ComputeFastSphericalPolarFourierTransform@@YAXAEAVarray@af@@0HHHHH@Z@4HA 0000000180007fa8 f   CUDAMexArrayFire3DSphericalPolarDFT.cu.obj
 0001:00006fb6       ?dtor$85@?0??ComputeFastSphericalPolarFourierTransform@@YAXAEAVarray@af@@0HHHHH@Z@4HA 0000000180007fb6 f   CUDAMexArrayFire3DSphericalPolarDFT.cu.obj
 0001:00006fc4       ?dtor$86@?0??ComputeFastSphericalPolarFourierTransform@@YAXAEAVarray@af@@0HHHHH@Z@4HA 0000000180007fc4 f   CUDAMexArrayFire3DSphericalPolarDFT.cu.obj
 0001:00006fd2       ?dtor$87@?0??ComputeFastSphericalPolarFourierTransform@@YAXAEAVarray@af@@0HHHHH@Z@4HA 0000000180007fd2 f   CUDAMexArrayFire3DSphericalPolarDFT.cu.obj
 0001:00006fe0       ?dtor$88@?0??ComputeFastSphericalPolarFourierTransform@@YAXAEAVarray@af@@0HHHHH@Z@4HA 0000000180007fe0 f   CUDAMexArrayFire3DSphericalPolarDFT.cu.obj
 0001:00006fee       ?dtor$89@?0??ComputeFastSphericalPolarFourierTransform@@YAXAEAVarray@af@@0HHHHH@Z@4HA 0000000180007fee f   CUDAMexArrayFire3DSphericalPolarDFT.cu.obj
 0001:00006ffc       ?dtor$90@?0??ComputeFastSphericalPolarFourierTransform@@YAXAEAVarray@af@@0HHHHH@Z@4HA 0000000180007ffc f   CUDAMexArrayFire3DSphericalPolarDFT.cu.obj
 0001:0000700a       ?dtor$91@?0??ComputeFastSphericalPolarFourierTransform@@YAXAEAVarray@af@@0HHHHH@Z@4HA 000000018000800a f   CUDAMexArrayFire3DSphericalPolarDFT.cu.obj
 0001:00007018       ?dtor$92@?0??ComputeFastSphericalPolarFourierTransform@@YAXAEAVarray@af@@0HHHHH@Z@4HA 0000000180008018 f   CUDAMexArrayFire3DSphericalPolarDFT.cu.obj
 0001:00007026       ?dtor$93@?0??ComputeFastSphericalPolarFourierTransform@@YAXAEAVarray@af@@0HHHHH@Z@4HA 0000000180008026 f   CUDAMexArrayFire3DSphericalPolarDFT.cu.obj
 0001:00007034       ?dtor$94@?0??ComputeFastSphericalPolarFourierTransform@@YAXAEAVarray@af@@0HHHHH@Z@4HA 0000000180008034 f   CUDAMexArrayFire3DSphericalPolarDFT.cu.obj
 0001:00007042       ?dtor$95@?0??ComputeFastSphericalPolarFourierTransform@@YAXAEAVarray@af@@0HHHHH@Z@4HA 0000000180008042 f   CUDAMexArrayFire3DSphericalPolarDFT.cu.obj
 0001:00007050       ?dtor$96@?0??ComputeFastSphericalPolarFourierTransform@@YAXAEAVarray@af@@0HHHHH@Z@4HA 0000000180008050 f   CUDAMexArrayFire3DSphericalPolarDFT.cu.obj
 0001:0000705e       ?dtor$97@?0??ComputeFastSphericalPolarFourierTransform@@YAXAEAVarray@af@@0HHHHH@Z@4HA 000000018000805e f   CUDAMexArrayFire3DSphericalPolarDFT.cu.obj
 0001:0000706c       ?dtor$98@?0??ComputeFastSphericalPolarFourierTransform@@YAXAEAVarray@af@@0HHHHH@Z@4HA 000000018000806c f   CUDAMexArrayFire3DSphericalPolarDFT.cu.obj
 0001:0000707a       ?dtor$99@?0??ComputeFastSphericalPolarFourierTransform@@YAXAEAVarray@af@@0HHHHH@Z@4HA 000000018000807a f   CUDAMexArrayFire3DSphericalPolarDFT.cu.obj
 0001:00007088       ?dtor$100@?0??ComputeFastSphericalPolarFourierTransform@@YAXAEAVarray@af@@0HHHHH@Z@4HA 0000000180008088 f   CUDAMexArrayFire3DSphericalPolarDFT.cu.obj
 0001:00007096       ?dtor$101@?0??ComputeFastSphericalPolarFourierTransform@@YAXAEAVarray@af@@0HHHHH@Z@4HA 0000000180008096 f   CUDAMexArrayFire3DSphericalPolarDFT.cu.obj
 0001:000070a4       ?dtor$102@?0??ComputeFastSphericalPolarFourierTransform@@YAXAEAVarray@af@@0HHHHH@Z@4HA 00000001800080a4 f   CUDAMexArrayFire3DSphericalPolarDFT.cu.obj
 0001:000070b2       ?dtor$103@?0??ComputeFastSphericalPolarFourierTransform@@YAXAEAVarray@af@@0HHHHH@Z@4HA 00000001800080b2 f   CUDAMexArrayFire3DSphericalPolarDFT.cu.obj
 0001:000070c0       ?dtor$104@?0??ComputeFastSphericalPolarFourierTransform@@YAXAEAVarray@af@@0HHHHH@Z@4HA 00000001800080c0 f   CUDAMexArrayFire3DSphericalPolarDFT.cu.obj
 0001:000070ce       ?dtor$105@?0??ComputeFastSphericalPolarFourierTransform@@YAXAEAVarray@af@@0HHHHH@Z@4HA 00000001800080ce f   CUDAMexArrayFire3DSphericalPolarDFT.cu.obj
 0001:000070dc       ?dtor$106@?0??ComputeFastSphericalPolarFourierTransform@@YAXAEAVarray@af@@0HHHHH@Z@4HA 00000001800080dc f   CUDAMexArrayFire3DSphericalPolarDFT.cu.obj
 0001:000070ea       ?dtor$107@?0??ComputeFastSphericalPolarFourierTransform@@YAXAEAVarray@af@@0HHHHH@Z@4HA 00000001800080ea f   CUDAMexArrayFire3DSphericalPolarDFT.cu.obj
 0001:000070f8       ?dtor$108@?0??ComputeFastSphericalPolarFourierTransform@@YAXAEAVarray@af@@0HHHHH@Z@4HA 00000001800080f8 f   CUDAMexArrayFire3DSphericalPolarDFT.cu.obj
 0001:00007106       ?dtor$109@?0??ComputeFastSphericalPolarFourierTransform@@YAXAEAVarray@af@@0HHHHH@Z@4HA 0000000180008106 f   CUDAMexArrayFire3DSphericalPolarDFT.cu.obj
 0001:00007114       ?dtor$110@?0??ComputeFastSphericalPolarFourierTransform@@YAXAEAVarray@af@@0HHHHH@Z@4HA 0000000180008114 f   CUDAMexArrayFire3DSphericalPolarDFT.cu.obj
 0001:00007122       ?dtor$111@?0??ComputeFastSphericalPolarFourierTransform@@YAXAEAVarray@af@@0HHHHH@Z@4HA 0000000180008122 f   CUDAMexArrayFire3DSphericalPolarDFT.cu.obj
 0001:00007130       ?dtor$112@?0??ComputeFastSphericalPolarFourierTransform@@YAXAEAVarray@af@@0HHHHH@Z@4HA 0000000180008130 f   CUDAMexArrayFire3DSphericalPolarDFT.cu.obj
 0001:0000713e       ?dtor$113@?0??ComputeFastSphericalPolarFourierTransform@@YAXAEAVarray@af@@0HHHHH@Z@4HA 000000018000813e f   CUDAMexArrayFire3DSphericalPolarDFT.cu.obj
 0001:0000714c       ?dtor$114@?0??ComputeFastSphericalPolarFourierTransform@@YAXAEAVarray@af@@0HHHHH@Z@4HA 000000018000814c f   CUDAMexArrayFire3DSphericalPolarDFT.cu.obj
 0001:0000715a       ?dtor$115@?0??ComputeFastSphericalPolarFourierTransform@@YAXAEAVarray@af@@0HHHHH@Z@4HA 000000018000815a f   CUDAMexArrayFire3DSphericalPolarDFT.cu.obj
 0001:00007168       ?dtor$116@?0??ComputeFastSphericalPolarFourierTransform@@YAXAEAVarray@af@@0HHHHH@Z@4HA 0000000180008168 f   CUDAMexArrayFire3DSphericalPolarDFT.cu.obj
 0001:00007176       ?dtor$117@?0??ComputeFastSphericalPolarFourierTransform@@YAXAEAVarray@af@@0HHHHH@Z@4HA 0000000180008176 f   CUDAMexArrayFire3DSphericalPolarDFT.cu.obj
 0001:00007184       ?dtor$118@?0??ComputeFastSphericalPolarFourierTransform@@YAXAEAVarray@af@@0HHHHH@Z@4HA 0000000180008184 f   CUDAMexArrayFire3DSphericalPolarDFT.cu.obj
 0001:00007192       ?dtor$119@?0??ComputeFastSphericalPolarFourierTransform@@YAXAEAVarray@af@@0HHHHH@Z@4HA 0000000180008192 f   CUDAMexArrayFire3DSphericalPolarDFT.cu.obj
 0001:000071a0       ?dtor$120@?0??ComputeFastSphericalPolarFourierTransform@@YAXAEAVarray@af@@0HHHHH@Z@4HA 00000001800081a0 f   CUDAMexArrayFire3DSphericalPolarDFT.cu.obj
 0001:000071ae       ?dtor$121@?0??ComputeFastSphericalPolarFourierTransform@@YAXAEAVarray@af@@0HHHHH@Z@4HA 00000001800081ae f   CUDAMexArrayFire3DSphericalPolarDFT.cu.obj
 0001:000071bc       ?dtor$122@?0??ComputeFastSphericalPolarFourierTransform@@YAXAEAVarray@af@@0HHHHH@Z@4HA 00000001800081bc f   CUDAMexArrayFire3DSphericalPolarDFT.cu.obj
 0001:000071ca       ?dtor$123@?0??ComputeFastSphericalPolarFourierTransform@@YAXAEAVarray@af@@0HHHHH@Z@4HA 00000001800081ca f   CUDAMexArrayFire3DSphericalPolarDFT.cu.obj
 0001:000071d8       ?dtor$124@?0??ComputeFastSphericalPolarFourierTransform@@YAXAEAVarray@af@@0HHHHH@Z@4HA 00000001800081d8 f   CUDAMexArrayFire3DSphericalPolarDFT.cu.obj
 0001:000071e6       ?dtor$125@?0??ComputeFastSphericalPolarFourierTransform@@YAXAEAVarray@af@@0HHHHH@Z@4HA 00000001800081e6 f   CUDAMexArrayFire3DSphericalPolarDFT.cu.obj
 0001:000071f4       ?dtor$126@?0??ComputeFastSphericalPolarFourierTransform@@YAXAEAVarray@af@@0HHHHH@Z@4HA 00000001800081f4 f   CUDAMexArrayFire3DSphericalPolarDFT.cu.obj
 0001:00007202       ?dtor$127@?0??ComputeFastSphericalPolarFourierTransform@@YAXAEAVarray@af@@0HHHHH@Z@4HA 0000000180008202 f   CUDAMexArrayFire3DSphericalPolarDFT.cu.obj
 0001:00007210       ?dtor$128@?0??ComputeFastSphericalPolarFourierTransform@@YAXAEAVarray@af@@0HHHHH@Z@4HA 0000000180008210 f   CUDAMexArrayFire3DSphericalPolarDFT.cu.obj
 0001:0000721e       ?dtor$129@?0??ComputeFastSphericalPolarFourierTransform@@YAXAEAVarray@af@@0HHHHH@Z@4HA 000000018000821e f   CUDAMexArrayFire3DSphericalPolarDFT.cu.obj
 0001:0000722c       ?dtor$130@?0??ComputeFastSphericalPolarFourierTransform@@YAXAEAVarray@af@@0HHHHH@Z@4HA 000000018000822c f   CUDAMexArrayFire3DSphericalPolarDFT.cu.obj
 0001:0000723a       ?dtor$131@?0??ComputeFastSphericalPolarFourierTransform@@YAXAEAVarray@af@@0HHHHH@Z@4HA 000000018000823a f   CUDAMexArrayFire3DSphericalPolarDFT.cu.obj
 0001:00007248       ?dtor$132@?0??ComputeFastSphericalPolarFourierTransform@@YAXAEAVarray@af@@0HHHHH@Z@4HA 0000000180008248 f   CUDAMexArrayFire3DSphericalPolarDFT.cu.obj
 0001:00007256       ?dtor$133@?0??ComputeFastSphericalPolarFourierTransform@@YAXAEAVarray@af@@0HHHHH@Z@4HA 0000000180008256 f   CUDAMexArrayFire3DSphericalPolarDFT.cu.obj
 0001:00007264       ?dtor$134@?0??ComputeFastSphericalPolarFourierTransform@@YAXAEAVarray@af@@0HHHHH@Z@4HA 0000000180008264 f   CUDAMexArrayFire3DSphericalPolarDFT.cu.obj
 0001:00007272       ?dtor$135@?0??ComputeFastSphericalPolarFourierTransform@@YAXAEAVarray@af@@0HHHHH@Z@4HA 0000000180008272 f   CUDAMexArrayFire3DSphericalPolarDFT.cu.obj
 0001:00007280       ?dtor$136@?0??ComputeFastSphericalPolarFourierTransform@@YAXAEAVarray@af@@0HHHHH@Z@4HA 0000000180008280 f   CUDAMexArrayFire3DSphericalPolarDFT.cu.obj
 0001:0000728e       ?dtor$137@?0??ComputeFastSphericalPolarFourierTransform@@YAXAEAVarray@af@@0HHHHH@Z@4HA 000000018000828e f   CUDAMexArrayFire3DSphericalPolarDFT.cu.obj
 0001:0000729c       ?dtor$138@?0??ComputeFastSphericalPolarFourierTransform@@YAXAEAVarray@af@@0HHHHH@Z@4HA 000000018000829c f   CUDAMexArrayFire3DSphericalPolarDFT.cu.obj
 0001:000072aa       ?dtor$139@?0??ComputeFastSphericalPolarFourierTransform@@YAXAEAVarray@af@@0HHHHH@Z@4HA 00000001800082aa f   CUDAMexArrayFire3DSphericalPolarDFT.cu.obj
 0001:000072b8       ?dtor$140@?0??ComputeFastSphericalPolarFourierTransform@@YAXAEAVarray@af@@0HHHHH@Z@4HA 00000001800082b8 f   CUDAMexArrayFire3DSphericalPolarDFT.cu.obj
 0001:000072c6       ?dtor$141@?0??ComputeFastSphericalPolarFourierTransform@@YAXAEAVarray@af@@0HHHHH@Z@4HA 00000001800082c6 f   CUDAMexArrayFire3DSphericalPolarDFT.cu.obj
 0001:000072d4       ?dtor$142@?0??ComputeFastSphericalPolarFourierTransform@@YAXAEAVarray@af@@0HHHHH@Z@4HA 00000001800082d4 f   CUDAMexArrayFire3DSphericalPolarDFT.cu.obj
 0001:000072e2       ?dtor$143@?0??ComputeFastSphericalPolarFourierTransform@@YAXAEAVarray@af@@0HHHHH@Z@4HA 00000001800082e2 f   CUDAMexArrayFire3DSphericalPolarDFT.cu.obj
 0001:000072f0       ?dtor$144@?0??ComputeFastSphericalPolarFourierTransform@@YAXAEAVarray@af@@0HHHHH@Z@4HA 00000001800082f0 f   CUDAMexArrayFire3DSphericalPolarDFT.cu.obj
 0001:000072fe       ?dtor$145@?0??ComputeFastSphericalPolarFourierTransform@@YAXAEAVarray@af@@0HHHHH@Z@4HA 00000001800082fe f   CUDAMexArrayFire3DSphericalPolarDFT.cu.obj
 0001:0000730c       ?dtor$146@?0??ComputeFastSphericalPolarFourierTransform@@YAXAEAVarray@af@@0HHHHH@Z@4HA 000000018000830c f   CUDAMexArrayFire3DSphericalPolarDFT.cu.obj
 0001:0000731a       ?dtor$147@?0??ComputeFastSphericalPolarFourierTransform@@YAXAEAVarray@af@@0HHHHH@Z@4HA 000000018000831a f   CUDAMexArrayFire3DSphericalPolarDFT.cu.obj
 0001:00007328       ?dtor$148@?0??ComputeFastSphericalPolarFourierTransform@@YAXAEAVarray@af@@0HHHHH@Z@4HA 0000000180008328 f   CUDAMexArrayFire3DSphericalPolarDFT.cu.obj
 0001:00007336       ?dtor$149@?0??ComputeFastSphericalPolarFourierTransform@@YAXAEAVarray@af@@0HHHHH@Z@4HA 0000000180008336 f   CUDAMexArrayFire3DSphericalPolarDFT.cu.obj
 0001:00007344       ?dtor$150@?0??ComputeFastSphericalPolarFourierTransform@@YAXAEAVarray@af@@0HHHHH@Z@4HA 0000000180008344 f   CUDAMexArrayFire3DSphericalPolarDFT.cu.obj
 0001:00007352       ?dtor$151@?0??ComputeFastSphericalPolarFourierTransform@@YAXAEAVarray@af@@0HHHHH@Z@4HA 0000000180008352 f   CUDAMexArrayFire3DSphericalPolarDFT.cu.obj
 0001:00007360       ?dtor$152@?0??ComputeFastSphericalPolarFourierTransform@@YAXAEAVarray@af@@0HHHHH@Z@4HA 0000000180008360 f   CUDAMexArrayFire3DSphericalPolarDFT.cu.obj
 0001:0000736e       ?dtor$153@?0??ComputeFastSphericalPolarFourierTransform@@YAXAEAVarray@af@@0HHHHH@Z@4HA 000000018000836e f   CUDAMexArrayFire3DSphericalPolarDFT.cu.obj
 0001:0000737c       ?dtor$154@?0??ComputeFastSphericalPolarFourierTransform@@YAXAEAVarray@af@@0HHHHH@Z@4HA 000000018000837c f   CUDAMexArrayFire3DSphericalPolarDFT.cu.obj
 0001:0000738a       ?dtor$155@?0??ComputeFastSphericalPolarFourierTransform@@YAXAEAVarray@af@@0HHHHH@Z@4HA 000000018000838a f   CUDAMexArrayFire3DSphericalPolarDFT.cu.obj
 0001:00007398       ?dtor$156@?0??ComputeFastSphericalPolarFourierTransform@@YAXAEAVarray@af@@0HHHHH@Z@4HA 0000000180008398 f   CUDAMexArrayFire3DSphericalPolarDFT.cu.obj
 0001:000073a6       ?dtor$157@?0??ComputeFastSphericalPolarFourierTransform@@YAXAEAVarray@af@@0HHHHH@Z@4HA 00000001800083a6 f   CUDAMexArrayFire3DSphericalPolarDFT.cu.obj
 0001:000073b4       ?dtor$158@?0??ComputeFastSphericalPolarFourierTransform@@YAXAEAVarray@af@@0HHHHH@Z@4HA 00000001800083b4 f   CUDAMexArrayFire3DSphericalPolarDFT.cu.obj
 0001:000073c2       ?dtor$159@?0??ComputeFastSphericalPolarFourierTransform@@YAXAEAVarray@af@@0HHHHH@Z@4HA 00000001800083c2 f   CUDAMexArrayFire3DSphericalPolarDFT.cu.obj
 0001:000073d0       ?dtor$160@?0??ComputeFastSphericalPolarFourierTransform@@YAXAEAVarray@af@@0HHHHH@Z@4HA 00000001800083d0 f   CUDAMexArrayFire3DSphericalPolarDFT.cu.obj
 0001:000073de       ?dtor$161@?0??ComputeFastSphericalPolarFourierTransform@@YAXAEAVarray@af@@0HHHHH@Z@4HA 00000001800083de f   CUDAMexArrayFire3DSphericalPolarDFT.cu.obj
 0001:000073ec       ?dtor$162@?0??ComputeFastSphericalPolarFourierTransform@@YAXAEAVarray@af@@0HHHHH@Z@4HA 00000001800083ec f   CUDAMexArrayFire3DSphericalPolarDFT.cu.obj
 0001:000073fa       ?dtor$163@?0??ComputeFastSphericalPolarFourierTransform@@YAXAEAVarray@af@@0HHHHH@Z@4HA 00000001800083fa f   CUDAMexArrayFire3DSphericalPolarDFT.cu.obj
 0001:00007408       ?dtor$164@?0??ComputeFastSphericalPolarFourierTransform@@YAXAEAVarray@af@@0HHHHH@Z@4HA 0000000180008408 f   CUDAMexArrayFire3DSphericalPolarDFT.cu.obj
 0001:00007416       ?dtor$165@?0??ComputeFastSphericalPolarFourierTransform@@YAXAEAVarray@af@@0HHHHH@Z@4HA 0000000180008416 f   CUDAMexArrayFire3DSphericalPolarDFT.cu.obj
 0001:00007424       ?dtor$166@?0??ComputeFastSphericalPolarFourierTransform@@YAXAEAVarray@af@@0HHHHH@Z@4HA 0000000180008424 f   CUDAMexArrayFire3DSphericalPolarDFT.cu.obj
 0001:00007432       ?dtor$167@?0??ComputeFastSphericalPolarFourierTransform@@YAXAEAVarray@af@@0HHHHH@Z@4HA 0000000180008432 f   CUDAMexArrayFire3DSphericalPolarDFT.cu.obj
 0001:00007440       ?dtor$168@?0??ComputeFastSphericalPolarFourierTransform@@YAXAEAVarray@af@@0HHHHH@Z@4HA 0000000180008440 f   CUDAMexArrayFire3DSphericalPolarDFT.cu.obj
 0001:0000744e       ?dtor$169@?0??ComputeFastSphericalPolarFourierTransform@@YAXAEAVarray@af@@0HHHHH@Z@4HA 000000018000844e f   CUDAMexArrayFire3DSphericalPolarDFT.cu.obj
 0001:0000745c       ?dtor$170@?0??ComputeFastSphericalPolarFourierTransform@@YAXAEAVarray@af@@0HHHHH@Z@4HA 000000018000845c f   CUDAMexArrayFire3DSphericalPolarDFT.cu.obj
 0001:0000746a       ?dtor$171@?0??ComputeFastSphericalPolarFourierTransform@@YAXAEAVarray@af@@0HHHHH@Z@4HA 000000018000846a f   CUDAMexArrayFire3DSphericalPolarDFT.cu.obj
 0001:00007480       ?dtor$0@?0??ComputeFinal_2ComplementaryLines@@YAXAEAVarray@af@@NH00@Z@4HA 0000000180008480 f   CUDAMexArrayFire3DSphericalPolarDFT.cu.obj
 0001:0000748e       ?dtor$1@?0??ComputeFinal_2ComplementaryLines@@YAXAEAVarray@af@@NH00@Z@4HA 000000018000848e f   CUDAMexArrayFire3DSphericalPolarDFT.cu.obj
 0001:0000749c       ?dtor$2@?0??ComputeFinal_2ComplementaryLines@@YAXAEAVarray@af@@NH00@Z@4HA 000000018000849c f   CUDAMexArrayFire3DSphericalPolarDFT.cu.obj
 0001:000074aa       ?dtor$3@?0??ComputeFinal_2ComplementaryLines@@YAXAEAVarray@af@@NH00@Z@4HA 00000001800084aa f   CUDAMexArrayFire3DSphericalPolarDFT.cu.obj
 0001:000074b8       ?dtor$4@?0??ComputeFinal_2ComplementaryLines@@YAXAEAVarray@af@@NH00@Z@4HA 00000001800084b8 f   CUDAMexArrayFire3DSphericalPolarDFT.cu.obj
 0001:000074c6       ?dtor$5@?0??ComputeFinal_2ComplementaryLines@@YAXAEAVarray@af@@NH00@Z@4HA 00000001800084c6 f   CUDAMexArrayFire3DSphericalPolarDFT.cu.obj
 0001:000074d4       ?dtor$6@?0??ComputeFinal_2ComplementaryLines@@YAXAEAVarray@af@@NH00@Z@4HA 00000001800084d4 f   CUDAMexArrayFire3DSphericalPolarDFT.cu.obj
 0001:000074e2       ?dtor$7@?0??ComputeFinal_2ComplementaryLines@@YAXAEAVarray@af@@NH00@Z@4HA 00000001800084e2 f   CUDAMexArrayFire3DSphericalPolarDFT.cu.obj
 0001:000074f0       ?dtor$8@?0??ComputeFinal_2ComplementaryLines@@YAXAEAVarray@af@@NH00@Z@4HA 00000001800084f0 f   CUDAMexArrayFire3DSphericalPolarDFT.cu.obj
 0001:000074fe       ?dtor$9@?0??ComputeFinal_2ComplementaryLines@@YAXAEAVarray@af@@NH00@Z@4HA 00000001800084fe f   CUDAMexArrayFire3DSphericalPolarDFT.cu.obj
 0001:0000750c       ?dtor$10@?0??ComputeFinal_2ComplementaryLines@@YAXAEAVarray@af@@NH00@Z@4HA 000000018000850c f   CUDAMexArrayFire3DSphericalPolarDFT.cu.obj
 0001:0000751a       ?dtor$11@?0??ComputeFinal_2ComplementaryLines@@YAXAEAVarray@af@@NH00@Z@4HA 000000018000851a f   CUDAMexArrayFire3DSphericalPolarDFT.cu.obj
 0001:00007528       ?dtor$12@?0??ComputeFinal_2ComplementaryLines@@YAXAEAVarray@af@@NH00@Z@4HA 0000000180008528 f   CUDAMexArrayFire3DSphericalPolarDFT.cu.obj
 0001:00007536       ?dtor$13@?0??ComputeFinal_2ComplementaryLines@@YAXAEAVarray@af@@NH00@Z@4HA 0000000180008536 f   CUDAMexArrayFire3DSphericalPolarDFT.cu.obj
 0001:00007544       ?dtor$14@?0??ComputeFinal_2ComplementaryLines@@YAXAEAVarray@af@@NH00@Z@4HA 0000000180008544 f   CUDAMexArrayFire3DSphericalPolarDFT.cu.obj
 0001:00007552       ?dtor$15@?0??ComputeFinal_2ComplementaryLines@@YAXAEAVarray@af@@NH00@Z@4HA 0000000180008552 f   CUDAMexArrayFire3DSphericalPolarDFT.cu.obj
 0001:00007560       ?dtor$24@?0??ComputeFinal_2ComplementaryLines@@YAXAEAVarray@af@@NH00@Z@4HA 0000000180008560 f   CUDAMexArrayFire3DSphericalPolarDFT.cu.obj
 0001:0000756e       ?dtor$25@?0??ComputeFinal_2ComplementaryLines@@YAXAEAVarray@af@@NH00@Z@4HA 000000018000856e f   CUDAMexArrayFire3DSphericalPolarDFT.cu.obj
 0001:0000757c       ?dtor$26@?0??ComputeFinal_2ComplementaryLines@@YAXAEAVarray@af@@NH00@Z@4HA 000000018000857c f   CUDAMexArrayFire3DSphericalPolarDFT.cu.obj
 0001:0000758a       ?dtor$27@?0??ComputeFinal_2ComplementaryLines@@YAXAEAVarray@af@@NH00@Z@4HA 000000018000858a f   CUDAMexArrayFire3DSphericalPolarDFT.cu.obj
 0001:00007598       ?dtor$28@?0??ComputeFinal_2ComplementaryLines@@YAXAEAVarray@af@@NH00@Z@4HA 0000000180008598 f   CUDAMexArrayFire3DSphericalPolarDFT.cu.obj
 0001:000075a6       ?dtor$29@?0??ComputeFinal_2ComplementaryLines@@YAXAEAVarray@af@@NH00@Z@4HA 00000001800085a6 f   CUDAMexArrayFire3DSphericalPolarDFT.cu.obj
 0001:000075b4       ?dtor$30@?0??ComputeFinal_2ComplementaryLines@@YAXAEAVarray@af@@NH00@Z@4HA 00000001800085b4 f   CUDAMexArrayFire3DSphericalPolarDFT.cu.obj
 0001:000075c2       ?dtor$31@?0??ComputeFinal_2ComplementaryLines@@YAXAEAVarray@af@@NH00@Z@4HA 00000001800085c2 f   CUDAMexArrayFire3DSphericalPolarDFT.cu.obj
 0001:000075d0       ?dtor$32@?0??ComputeFinal_2ComplementaryLines@@YAXAEAVarray@af@@NH00@Z@4HA 00000001800085d0 f   CUDAMexArrayFire3DSphericalPolarDFT.cu.obj
 0001:000075de       ?dtor$33@?0??ComputeFinal_2ComplementaryLines@@YAXAEAVarray@af@@NH00@Z@4HA 00000001800085de f   CUDAMexArrayFire3DSphericalPolarDFT.cu.obj
 0001:000075ec       ?dtor$34@?0??ComputeFinal_2ComplementaryLines@@YAXAEAVarray@af@@NH00@Z@4HA 00000001800085ec f   CUDAMexArrayFire3DSphericalPolarDFT.cu.obj
 0001:000075fa       ?dtor$35@?0??ComputeFinal_2ComplementaryLines@@YAXAEAVarray@af@@NH00@Z@4HA 00000001800085fa f   CUDAMexArrayFire3DSphericalPolarDFT.cu.obj
 0001:00007608       ?dtor$16@?0??ComputeFinal_2ComplementaryLines@@YAXAEAVarray@af@@NH00@Z@4HA 0000000180008608 f   CUDAMexArrayFire3DSphericalPolarDFT.cu.obj
 0001:00007616       ?dtor$17@?0??ComputeFinal_2ComplementaryLines@@YAXAEAVarray@af@@NH00@Z@4HA 0000000180008616 f   CUDAMexArrayFire3DSphericalPolarDFT.cu.obj
 0001:00007624       ?dtor$18@?0??ComputeFinal_2ComplementaryLines@@YAXAEAVarray@af@@NH00@Z@4HA 0000000180008624 f   CUDAMexArrayFire3DSphericalPolarDFT.cu.obj
 0001:00007632       ?dtor$19@?0??ComputeFinal_2ComplementaryLines@@YAXAEAVarray@af@@NH00@Z@4HA 0000000180008632 f   CUDAMexArrayFire3DSphericalPolarDFT.cu.obj
 0001:00007640       ?dtor$20@?0??ComputeFinal_2ComplementaryLines@@YAXAEAVarray@af@@NH00@Z@4HA 0000000180008640 f   CUDAMexArrayFire3DSphericalPolarDFT.cu.obj
 0001:0000764e       ?dtor$21@?0??ComputeFinal_2ComplementaryLines@@YAXAEAVarray@af@@NH00@Z@4HA 000000018000864e f   CUDAMexArrayFire3DSphericalPolarDFT.cu.obj
 0001:0000765c       ?dtor$22@?0??ComputeFinal_2ComplementaryLines@@YAXAEAVarray@af@@NH00@Z@4HA 000000018000865c f   CUDAMexArrayFire3DSphericalPolarDFT.cu.obj
[...]
 0001:000088a4       ?dtor$4@?0??cexp@@YA?AVarray@af@@AEBV12@@Z@4HA 00000001800098a4 f   CUDAMexArrayFire3DSphericalPolarDFT.cu.obj
 0001:000088b2       ?dtor$5@?0??cexp@@YA?AVarray@af@@AEBV12@@Z@4HA 00000001800098b2 f   CUDAMexArrayFire3DSphericalPolarDFT.cu.obj
 0001:000088c0       ?dtor$6@?0??cexp@@YA?AVarray@af@@AEBV12@@Z@4HA 00000001800098c0 f   CUDAMexArrayFire3DSphericalPolarDFT.cu.obj
 0001:000088ce       ?dtor$7@?0??cexp@@YA?AVarray@af@@AEBV12@@Z@4HA 00000001800098ce f   CUDAMexArrayFire3DSphericalPolarDFT.cu.obj
 0001:000088e0       mexFunction$dtor$0         00000001800098e0 f   CUDAMexArrayFire3DSphericalPolarDFT.cu.obj
 0001:000088ee       mexFunction$dtor$1         00000001800098ee f   CUDAMexArrayFire3DSphericalPolarDFT.cu.obj
 0001:000088fc       mexFunction$dtor$2         00000001800098fc f   CUDAMexArrayFire3DSphericalPolarDFT.cu.obj
 0001:0000890a       mexFunction$dtor$3         000000018000990a f   CUDAMexArrayFire3DSphericalPolarDFT.cu.obj
 0001:00008918       mexFunction$dtor$4         0000000180009918 f   CUDAMexArrayFire3DSphericalPolarDFT.cu.obj
 0001:00008926       mexFunction$dtor$5         0000000180009926 f   CUDAMexArrayFire3DSphericalPolarDFT.cu.obj
 0001:00008934       mexFunction$dtor$6         0000000180009934 f   CUDAMexArrayFire3DSphericalPolarDFT.cu.obj
 0001:00008942       mexFunction$catch$0        0000000180009942 f   CUDAMexArrayFire3DSphericalPolarDFT.cu.obj
 0001:0000894f       __catch$mexFunction$0      000000018000994f f   CUDAMexArrayFire3DSphericalPolarDFT.cu.obj
 0001:0000897a       _onexit$fin$0              000000018000997a f   MSVCRT:atonexit.obj
 0001:00008995       __DllMainCRTStartup$filt$0 0000000180009995 f   MSVCRT:crtdll.obj
 0001:000089ba       __DllMainCRTStartup$fin$1  00000001800099ba f   MSVCRT:crtdll.obj
 0001:000089d4       ?fin$0@?0???_M@YAXPEAX_KHP6AX0@Z@Z@4HA 00000001800099d4 f   MSVCRT:ehvecdtr.obj
 0001:00008a00       ?filt$0@?0??__ArrayUnwind@@YAXPEAX_KHP6AX0@Z@Z@4HA 0000000180009a00 f   MSVCRT:ehvecdtr.obj
 0001:00008a50       _IsNonwritableInCurrentImage$filt$0 0000000180009a50 f   MSVCRT:pesect.obj
 0001:00008a70       ??__FindexedElements_Tiled_En@@YAXXZ 0000000180009a70 f   CUDAMexArrayFire3DSphericalPolarDFT.cu.obj
 0001:00008a80       ??__FindexedElements_Tiled_PostMulti@@YAXXZ 0000000180009a80 f   CUDAMexArrayFire3DSphericalPolarDFT.cu.obj
 0001:00008a90       ??__FindexedElements_Tiled_PreMulti@@YAXXZ 0000000180009a90 f   CUDAMexArrayFire3DSphericalPolarDFT.cu.obj
 0002:000003e0       piecewise_construct$initializer$ 000000018000a3e0     CUDAMexArrayFire3DSphericalPolarDFT.cu.obj
 0002:000003e8       allocator_arg$initializer$ 000000018000a3e8     CUDAMexArrayFire3DSphericalPolarDFT.cu.obj
 0002:000003f0       indexedElements_Tiled_En$initializer$ 000000018000a3f0     CUDAMexArrayFire3DSphericalPolarDFT.cu.obj
 0002:000003f8       indexedElements_Tiled_PreMulti$initializer$ 000000018000a3f8     CUDAMexArrayFire3DSphericalPolarDFT.cu.obj
 0002:00000400       indexedElements_Tiled_PostMulti$initializer$ 000000018000a400     CUDAMexArrayFire3DSphericalPolarDFT.cu.obj
 0002:00000408       __dummy_static_init__sti____cudaRegisterAll_70_tmpxft_00001e0c_00000000_5_CUDAMexArrayFire3DSphericalPolarDFT_cpp1_ii_eab17064 000000018000a408     CUDAMexArrayFire3DSphericalPolarDFT.cu.obj
 0002:00000420       pcinit                     000000018000a420     MSVCRT:crtdll.obj
 0002:00000428       pinit                      000000018000a428     MSVCRT:atonexit.obj
 0002:00000478       $cppxdata$mexFunction      000000018000a478     CUDAMexArrayFire3DSphericalPolarDFT.cu.obj
 0002:000004a0       $cppxdata$?cexp@@YA?AVarray@af@@AEBV12@@Z 000000018000a4a0     CUDAMexArrayFire3DSphericalPolarDFT.cu.obj
 0002:000004c8       $cppxdata$?GlobalArraysComputeInitialize@@YAXH@Z 000000018000a4c8     CUDAMexArrayFire3DSphericalPolarDFT.cu.obj
 0002:000004f0       $cppxdata$?ComputeNonVectorColumnwise_FrFTUniform@@YA?AVarray@af@@AEAV12@NH@Z 000000018000a4f0     CUDAMexArrayFire3DSphericalPolarDFT.cu.obj
 0002:00000518       $cppxdata$?ComputeNonVector_NonUniformFrFT_SingleColumn@@YAXAEAVarray@af@@NH00@Z 000000018000a518     CUDAMexArrayFire3DSphericalPolarDFT.cu.obj
 0002:00000540       $cppxdata$?ComputeFinal_2ComplementaryLines@@YAXAEAVarray@af@@NH00@Z 000000018000a540     CUDAMexArrayFire3DSphericalPolarDFT.cu.obj
 0002:00000568       $cppxdata$?Get2DFullPolarDFT@@YA?AVarray@af@@AEAV12@HHH@Z 000000018000a568     CUDAMexArrayFire3DSphericalPolarDFT.cu.obj
 0002:00000590       $cppxdata$?ComputeFastSphericalPolarFourierTransform@@YAXAEAVarray@af@@0HHHHH@Z 000000018000a590     CUDAMexArrayFire3DSphericalPolarDFT.cu.obj
 0002:00000798       GS_ExceptionPointers       000000018000a798     MSVCRT:gs_report.obj
 0002:00000960       $unwind$mexFunction        000000018000a960     CUDAMexArrayFire3DSphericalPolarDFT.cu.obj
 0002:0000098c       $stateUnwindMap$mexFunction 000000018000a98c     CUDAMexArrayFire3DSphericalPolarDFT.cu.obj
 0002:000009d4       $tryMap$mexFunction        000000018000a9d4     CUDAMexArrayFire3DSphericalPolarDFT.cu.obj
 0002:000009e8       $handlerMap$0$mexFunction  000000018000a9e8     CUDAMexArrayFire3DSphericalPolarDFT.cu.obj
 0002:00000a00       $ip2state$mexFunction      000000018000aa00     CUDAMexArrayFire3DSphericalPolarDFT.cu.obj
 0002:00000aa0       $unwind$mexFunction$catch$0 000000018000aaa0     CUDAMexArrayFire3DSphericalPolarDFT.cu.obj
 0002:00000ab0       $unwind$?cexp@@YA?AVarray@af@@AEBV12@@Z 000000018000aab0     CUDAMexArrayFire3DSphericalPolarDFT.cu.obj
 0002:00000ac4       $stateUnwindMap$?cexp@@YA?AVarray@af@@AEBV12@@Z 000000018000aac4     CUDAMexArrayFire3DSphericalPolarDFT.cu.obj
 0002:00000b10       $ip2state$?cexp@@YA?AVarray@af@@AEBV12@@Z 000000018000ab10     CUDAMexArrayFire3DSphericalPolarDFT.cu.obj
 0002:00000b98       $unwind$?GlobalArraysComputeInitialize@@YAXH@Z 000000018000ab98     CUDAMexArrayFire3DSphericalPolarDFT.cu.obj
 0002:00000bbc       $stateUnwindMap$?GlobalArraysComputeInitialize@@YAXH@Z 000000018000abbc     CUDAMexArrayFire3DSphericalPolarDFT.cu.obj
 0002:00000ca0       $ip2state$?GlobalArraysComputeInitialize@@YAXH@Z 000000018000aca0     CUDAMexArrayFire3DSphericalPolarDFT.cu.obj
 0002:00000dd0       $unwind$?ComputeNonVectorColumnwise_FrFTUniform@@YA?AVarray@af@@AEAV12@NH@Z 000000018000add0     CUDAMexArrayFire3DSphericalPolarDFT.cu.obj
 0002:00000de8       $stateUnwindMap$?ComputeNonVectorColumnwise_FrFTUniform@@YA?AVarray@af@@AEAV12@NH@Z 000000018000ade8     CUDAMexArrayFire3DSphericalPolarDFT.cu.obj
 0002:00000f60       $ip2state$?ComputeNonVectorColumnwise_FrFTUniform@@YA?AVarray@af@@AEAV12@NH@Z 000000018000af60     CUDAMexArrayFire3DSphericalPolarDFT.cu.obj
 0002:00001118       $unwind$?fin$0@?0???_M@YAXPEAX_KHP6AX0@Z@Z@4HA 000000018000b118     CUDAMexArrayFire3DSphericalPolarDFT.cu.obj
 0002:00001118       $unwind$?dtor$27@?0??ComputeNonVectorColumnwise_FrFTUniform@@YA?AVarray@af@@AEAV12@NH@Z@4HA 000000018000b118     CUDAMexArrayFire3DSphericalPolarDFT.cu.obj
 0002:00001118       $unwind$__DllMainCRTStartup$fin$1 000000018000b118     CUDAMexArrayFire3DSphericalPolarDFT.cu.obj
 0002:00001118       $unwind$?dtor$0@?0??cexp@@YA?AVarray@af@@AEBV12@@Z@4HA 000000018000b118     CUDAMexArrayFire3DSphericalPolarDFT.cu.obj
 0002:00001118       $unwind$__DllMainCRTStartup$filt$0 000000018000b118     CUDAMexArrayFire3DSphericalPolarDFT.cu.obj
 0002:00001118       $unwind$_onexit$fin$0      000000018000b118     CUDAMexArrayFire3DSphericalPolarDFT.cu.obj
 0002:00001118       $unwind$_IsNonwritableInCurrentImage$filt$0 000000018000b118     CUDAMexArrayFire3DSphericalPolarDFT.cu.obj
 0002:00001118       $unwind$?dtor$212@?0??Get2DFullPolarDFT@@YA?AVarray@af@@AEAV12@HHH@Z@4HA 000000018000b118     CUDAMexArrayFire3DSphericalPolarDFT.cu.obj
 0002:00001118       $unwind$?filt$0@?0??__ArrayUnwind@@YAXPEAX_KHP6AX0@Z@Z@4HA 000000018000b118     CUDAMexArrayFire3DSphericalPolarDFT.cu.obj
 0002:00001120       $unwind$?ComputeNonVector_NonUniformFrFT_SingleColumn@@YAXAEAVarray@af@@NH00@Z 000000018000b120     CUDAMexArrayFire3DSphericalPolarDFT.cu.obj
 0002:00001140       $stateUnwindMap$?ComputeNonVector_NonUniformFrFT_SingleColumn@@YAXAEAVarray@af@@NH00@Z 000000018000b140     CUDAMexArrayFire3DSphericalPolarDFT.cu.obj
 0002:000012c0       $ip2state$?ComputeNonVector_NonUniformFrFT_SingleColumn@@YAXAEAVarray@af@@NH00@Z 000000018000b2c0     CUDAMexArrayFire3DSphericalPolarDFT.cu.obj
 0002:00001520       $unwind$?ComputeFinal_2ComplementaryLines@@YAXAEAVarray@af@@NH00@Z 000000018000b520     CUDAMexArrayFire3DSphericalPolarDFT.cu.obj
 0002:00001540       $stateUnwindMap$?ComputeFinal_2ComplementaryLines@@YAXAEAVarray@af@@NH00@Z 000000018000b540     CUDAMexArrayFire3DSphericalPolarDFT.cu.obj
 0002:000016a0       $ip2state$?ComputeFinal_2ComplementaryLines@@YAXAEAVarray@af@@NH00@Z 000000018000b6a0     CUDAMexArrayFire3DSphericalPolarDFT.cu.obj
 0002:000018d0       $unwind$?Get2DFullPolarDFT@@YA?AVarray@af@@AEAV12@HHH@Z 000000018000b8d0     CUDAMexArrayFire3DSphericalPolarDFT.cu.obj
 0002:000018fc       $stateUnwindMap$?Get2DFullPolarDFT@@YA?AVarray@af@@AEAV12@HHH@Z 000000018000b8fc     CUDAMexArrayFire3DSphericalPolarDFT.cu.obj
 0002:000023a0       $ip2state$?Get2DFullPolarDFT@@YA?AVarray@af@@AEAV12@HHH@Z 000000018000c3a0     CUDAMexArrayFire3DSphericalPolarDFT.cu.obj
 0002:000030c0       $unwind$?ComputeFastSphericalPolarFourierTransform@@YAXAEAVarray@af@@0HHHHH@Z 000000018000d0c0     CUDAMexArrayFire3DSphericalPolarDFT.cu.obj
 0002:00003108       $stateUnwindMap$?ComputeFastSphericalPolarFourierTransform@@YAXAEAVarray@af@@0HHHHH@Z 000000018000d108     CUDAMexArrayFire3DSphericalPolarDFT.cu.obj
 0002:00003740       $ip2state$?ComputeFastSphericalPolarFourierTransform@@YAXAEAVarray@af@@0HHHHH@Z 000000018000d740     CUDAMexArrayFire3DSphericalPolarDFT.cu.obj
 0002:000041d8       $unwind$DllMain            000000018000e1d8     MSVCRT:atonexit.obj
 0002:000041d8       $unwind$?__sti____cudaRegisterAll_70_tmpxft_00001e0c_00000000_5_CUDAMexArrayFire3DSphericalPolarDFT_cpp1_ii_eab17064@@YAXXZ 000000018000e1d8     MSVCRT:atonexit.obj
 0002:000041d8       $unwind$??__EindexedElements_Tiled_PostMulti@@YAXXZ 000000018000e1d8     MSVCRT:atonexit.obj
 0002:000041d8       $unwind$??__EindexedElements_Tiled_En@@YAXXZ 000000018000e1d8     MSVCRT:atonexit.obj
 0002:000041d8       $unwind$atexit             000000018000e1d8     MSVCRT:atonexit.obj
 0002:000041d8       $unwind$??__EindexedElements_Tiled_PreMulti@@YAXXZ 000000018000e1d8     MSVCRT:atonexit.obj
 0002:000041e0       $unwind$_onexit            000000018000e1e0     MSVCRT:atonexit.obj
 0002:00004200       $unwind$__GSHandlerCheck_EH 000000018000e200     MSVCRT:gshandlereh.obj
 0002:00004218       $xdatasym                  000000018000e218     MSVCRT:amdsecgs.obj
 0002:0000421c       $unwind$_DllMainCRTStartup 000000018000e21c     MSVCRT:ti_inst.obj
 0002:0000421c       $unwind$??_Etype_info@@UEAAPEAXI@Z 000000018000e21c     MSVCRT:ti_inst.obj
 0002:0000422c       $unwind$_CRT_INIT          000000018000e22c     MSVCRT:crtdll.obj
 0002:00004248       $unwind$__DllMainCRTStartup 000000018000e248     MSVCRT:crtdll.obj
 0002:00004284       $unwind$__GSHandlerCheckCommon 000000018000e284     MSVCRT:gs_report.obj
 0002:00004284       $unwind$__raise_securityfailure 000000018000e284     MSVCRT:gs_report.obj
 0002:00004284       $unwind$__atonexitinit     000000018000e284     MSVCRT:gs_report.obj
 0002:00004284       $unwind$pre_c_init         000000018000e284     MSVCRT:gs_report.obj
 0002:0000428c       $unwind$__report_gsfailure 000000018000e28c     MSVCRT:gs_report.obj
 0002:00004294       $unwind$??_M@YAXPEAX_KHP6AX0@Z@Z 000000018000e294     MSVCRT:ehvecdtr.obj
 0002:000042bc       $unwind$?__ArrayUnwind@@YAXPEAX_KHP6AX0@Z@Z 000000018000e2bc     MSVCRT:ehvecdtr.obj
 0002:000042e4       $unwind$_IsNonwritableInCurrentImage 000000018000e2e4     MSVCRT:pesect.obj
 0002:00004308       $unwind$__security_init_cookie 000000018000e308     MSVCRT:gs_support.obj
 0002:00004314       $unwind$_RTC_Terminate     000000018000e314     MSVCRT:initsect.obj
 0002:00004314       $unwind$_RTC_Initialize    000000018000e314     MSVCRT:initsect.obj
 0002:00004320       .edata                     000000018000e320     SphericalPolar3DTransformMEXArrayFire.exp
 0002:00004348       rgpv                       000000018000e348     SphericalPolar3DTransformMEXArrayFire.exp
 0002:0000434c       rgszName                   000000018000e34c     SphericalPolar3DTransformMEXArrayFire.exp
 0002:00004350       rgwOrd                     000000018000e350     SphericalPolar3DTransformMEXArrayFire.exp
 0002:00004352       szName                     000000018000e352     SphericalPolar3DTransformMEXArrayFire.exp
 0002:0000437f       $N00001                    000000018000e37f     SphericalPolar3DTransformMEXArrayFire.exp
 0002:0000484c       .idata$6                   000000018000e84c     cudart:cudart64_75.dll
 0002:000050f4       .idata$6                   000000018000f0f4     afcuda:afcuda.dll
 0002:00005148       .idata$6                   000000018000f148     libmx:libmx.dll
 0002:0000517a       .idata$6                   000000018000f17a     libmex:libmex.dll
 0002:00005262       .idata$6                   000000018000f262     gpu:gpu.dll
 0002:000052c0       .idata$6                   000000018000f2c0     MSVCRT:MSVCR120.dll
 0002:0000550e       .idata$6                   000000018000f50e     kernel32:KERNEL32.dll
 0003:00000060       __nv_inited_managed_rt     0000000180010060     CUDAMexArrayFire3DSphericalPolarDFT.cu.obj
 0003:00000061       allocator_arg              0000000180010061     CUDAMexArrayFire3DSphericalPolarDFT.cu.obj
 0003:00000062       piecewise_construct        0000000180010062     CUDAMexArrayFire3DSphericalPolarDFT.cu.obj
 0003:00000068       indexedElements_Tiled_En   0000000180010068     CUDAMexArrayFire3DSphericalPolarDFT.cu.obj
 0003:00000070       indexedElements_Tiled_PreMulti 0000000180010070     CUDAMexArrayFire3DSphericalPolarDFT.cu.obj
 0003:00000078       indexedElements_Tiled_PostMulti 0000000180010078     CUDAMexArrayFire3DSphericalPolarDFT.cu.obj
 0003:00000080       __nv_fatbinhandle_for_managed_rt 0000000180010080     CUDAMexArrayFire3DSphericalPolarDFT.cu.obj
 0003:00000088       __cudaFatCubinHandle       0000000180010088     CUDAMexArrayFire3DSphericalPolarDFT.cu.obj
 0003:000000b8       ?__ref@?1??____nv_dummy_param_ref@@YAXPEAX@Z@4PEAPECXEA 00000001800100b8     CUDAMexArrayFire3DSphericalPolarDFT.cu.obj
 0003:000000c0       ?__ref@?2??__nv_cudaEntityRegisterCallback@@YAXPEAPEAX@Z@4PEAPECXEA 00000001800100c0     CUDAMexArrayFire3DSphericalPolarDFT.cu.obj
 0003:000000c8       __proc_attached            00000001800100c8     MSVCRT:crtdll.obj
 0003:000000d0       GS_ExceptionRecord         00000001800100d0     MSVCRT:gs_report.obj
 0003:00000170       GS_ContextRecord           0000000180010170     MSVCRT:gs_report.obj
 0003:00000640       DebuggerWasPresent         0000000180010640     MSVCRT:gs_report.obj
 0004:00000000       $pdata$??__EindexedElements_Tiled_En@@YAXXZ 0000000180011000     CUDAMexArrayFire3DSphericalPolarDFT.cu.obj
 0004:0000000c       $pdata$??__EindexedElements_Tiled_PostMulti@@YAXXZ 000000018001100c     CUDAMexArrayFire3DSphericalPolarDFT.cu.obj
 0004:00000018       $pdata$??__EindexedElements_Tiled_PreMulti@@YAXXZ 0000000180011018     CUDAMexArrayFire3DSphericalPolarDFT.cu.obj
 0004:00000024       $pdata$?__sti____cudaRegisterAll_70_tmpxft_00001e0c_00000000_5_CUDAMexArrayFire3DSphericalPolarDFT_cpp1_ii_eab17064@@YAXXZ 0000000180011024     CUDAMexArrayFire3DSphericalPolarDFT.cu.obj
 0004:00000030       $pdata$?ComputeFastSphericalPolarFourierTransform@@YAXAEAVarray@af@@0HHHHH@Z 0000000180011030     CUDAMexArrayFire3DSphericalPolarDFT.cu.obj
 0004:0000003c       $pdata$?ComputeFinal_2ComplementaryLines@@YAXAEAVarray@af@@NH00@Z 000000018001103c     CUDAMexArrayFire3DSphericalPolarDFT.cu.obj
 0004:00000048       $pdata$?ComputeNonVectorColumnwise_FrFTUniform@@YA?AVarray@af@@AEAV12@NH@Z 0000000180011048     CUDAMexArrayFire3DSphericalPolarDFT.cu.obj
 0004:00000054       $pdata$?ComputeNonVector_NonUniformFrFT_SingleColumn@@YAXAEAVarray@af@@NH00@Z 0000000180011054     CUDAMexArrayFire3DSphericalPolarDFT.cu.obj
 0004:00000060       $pdata$?Get2DFullPolarDFT@@YA?AVarray@af@@AEAV12@HHH@Z 0000000180011060     CUDAMexArrayFire3DSphericalPolarDFT.cu.obj
 0004:0000006c       $pdata$?GlobalArraysComputeInitialize@@YAXH@Z 000000018001106c     CUDAMexArrayFire3DSphericalPolarDFT.cu.obj
 0004:00000078       $pdata$?cexp@@YA?AVarray@af@@AEBV12@@Z 0000000180011078     CUDAMexArrayFire3DSphericalPolarDFT.cu.obj
 0004:00000084       $pdata$mexFunction         0000000180011084     CUDAMexArrayFire3DSphericalPolarDFT.cu.obj
 0004:00000090       $pdata$__atonexitinit      0000000180011090     MSVCRT:atonexit.obj
 0004:0000009c       $pdata$_onexit             000000018001109c     MSVCRT:atonexit.obj
 0004:000000a8       $pdata$atexit              00000001800110a8     MSVCRT:atonexit.obj
 0004:000000b4       $pdata$__GSHandlerCheck_EH 00000001800110b4     MSVCRT:gshandlereh.obj
 0004:000000cc       $pdata$??_Etype_info@@UEAAPEAXI@Z 00000001800110cc     MSVCRT:ti_inst.obj
 0004:000000d8       $pdata$pre_c_init          00000001800110d8     MSVCRT:crtdll.obj
 0004:000000e4       $pdata$_CRT_INIT           00000001800110e4     MSVCRT:crtdll.obj
 0004:000000f0       $pdata$_DllMainCRTStartup  00000001800110f0     MSVCRT:crtdll.obj
 0004:000000fc       $pdata$__DllMainCRTStartup 00000001800110fc     MSVCRT:crtdll.obj
 0004:00000108       $pdata$__GSHandlerCheckCommon 0000000180011108     MSVCRT:gshandler.obj
 0004:00000114       $pdata$__raise_securityfailure 0000000180011114     MSVCRT:gs_report.obj
 0004:00000120       $pdata$__report_gsfailure  0000000180011120     MSVCRT:gs_report.obj
 0004:0000012c       $pdata$??_M@YAXPEAX_KHP6AX0@Z@Z 000000018001112c     MSVCRT:ehvecdtr.obj
 0004:00000138       $pdata$?__ArrayUnwind@@YAXPEAX_KHP6AX0@Z@Z 0000000180011138     MSVCRT:ehvecdtr.obj
 0004:00000144       $pdata$_IsNonwritableInCurrentImage 0000000180011144     MSVCRT:pesect.obj
 0004:00000150       $pdata$__security_init_cookie 0000000180011150     MSVCRT:gs_support.obj
 0004:0000015c       $pdata$DllMain             000000018001115c     MSVCRT:dllmain.obj
 0004:00000168       $pdata$_RTC_Initialize     0000000180011168     MSVCRT:initsect.obj
 0004:00000174       $pdata$_RTC_Terminate      0000000180011174     MSVCRT:initsect.obj
 0004:00000180       $pdata$?dtor$27@?0??ComputeNonVectorColumnwise_FrFTUniform@@YA?AVarray@af@@AEAV12@NH@Z@4HA 0000000180011180     CUDAMexArrayFire3DSphericalPolarDFT.cu.obj
 0004:0000018c       $pdata$?dtor$212@?0??Get2DFullPolarDFT@@YA?AVarray@af@@AEAV12@HHH@Z@4HA 000000018001118c     CUDAMexArrayFire3DSphericalPolarDFT.cu.obj
 0004:00000198       $pdata$?dtor$0@?0??cexp@@YA?AVarray@af@@AEBV12@@Z@4HA 0000000180011198     CUDAMexArrayFire3DSphericalPolarDFT.cu.obj
 0004:000001a4       $pdata$mexFunction$catch$0 00000001800111a4     CUDAMexArrayFire3DSphericalPolarDFT.cu.obj
 0004:000001b0       $pdata$_onexit$fin$0       00000001800111b0     MSVCRT:atonexit.obj
 0004:000001bc       $pdata$__DllMainCRTStartup$filt$0 00000001800111bc     MSVCRT:crtdll.obj
 0004:000001c8       $pdata$__DllMainCRTStartup$fin$1 00000001800111c8     MSVCRT:crtdll.obj
 0004:000001d4       $pdata$?fin$0@?0???_M@YAXPEAX_KHP6AX0@Z@Z@4HA 00000001800111d4     MSVCRT:ehvecdtr.obj
 0004:000001e0       $pdata$?filt$0@?0??__ArrayUnwind@@YAXPEAX_KHP6AX0@Z@Z@4HA 00000001800111e0     MSVCRT:ehvecdtr.obj
 0004:000001ec       $pdata$_IsNonwritableInCurrentImage$filt$0 00000001800111ec     MSVCRT:pesect.obj
 0005:00000000       fatbinData                 0000000180012000     CUDAMexArrayFire3DSphericalPolarDFT.cu.obj
 0006:00000000       __fatDeviceText            0000000180013000     CUDAMexArrayFire3DSphericalPolarDFT.cu.obj
