 Polar2DTransformMEXArrayFire

 Timestamp is 5770d9ca (Mon Jun 27 00:46:18 2016)

 Preferred load address is 0000000180000000

 Start         Length     Name                   Class
 0001:00000000 0000015bH .text$di                CODE
 0001:00000160 00005ce8H .text$mn                CODE
 0001:00005e50 00001f2dH .text$x                 CODE
 0001:00007d80 000000b8H .text$yd                CODE
 0002:00000000 000003e8H .idata$5                DATA
 0002:000003e8 00000008H .CRT$XCA                DATA
 0002:000003f0 00000038H .CRT$XCU                DATA
 0002:00000428 00000008H .CRT$XCZ                DATA
 0002:00000430 00000008H .CRT$XIA                DATA
 0002:00000438 00000008H .CRT$XIAA               DATA
 0002:00000440 00000008H .CRT$XIC                DATA
 0002:00000448 00000008H .CRT$XIZ                DATA
 0002:00000450 00002530H .rdata                  DATA
 0002:00002980 00000090H .rdata$debug            DATA
 0002:00002a10 00000074H .rdata$r                DATA
 0002:00002a88 00000008H .rtc$IAA                DATA
 0002:00002a90 00000000H .rtc$IMZ                DATA
 0002:00002a90 00000008H .rtc$IZZ                DATA
 0002:00002a98 00000008H .rtc$TAA                DATA
 0002:00002aa0 00000000H .rtc$TMZ                DATA
 0002:00002aa0 00000008H .rtc$TZZ                DATA
 0002:00002ab0 00002140H .xdata                  DATA
 0002:00004bf0 00000062H .edata                  DATA
 0002:00004c54 0000008cH .idata$2                DATA
 0002:00004ce0 00000014H .idata$3                DATA
 0002:00004cf8 000003e8H .idata$4                DATA
 0002:000050e0 00000c40H .idata$6                DATA
 0003:00000000 00000038H .data                   DATA
 0003:00000038 00000048H .data$r                 DATA
 0003:00000080 00000650H .bss                    DATA
 0004:00000000 00000c9cH .pdata                  DATA
 0005:00000000 00000c80H .nv_fatbin              DATA
 0006:00000000 00000018H .nvFatBinSegment        DATA

  Address         Publics by Value              Rva+Base               Lib:Object

 0000:00000000       ___safe_se_handler_count   0000000000000000     <absolute>
 0000:00000000       __guard_fids_table         0000000000000000     <absolute>
 0000:00000000       __guard_flags              0000000000000000     <absolute>
 0000:00000000       __guard_fids_count         0000000000000000     <absolute>
 0000:00000000       ___safe_se_handler_table   0000000000000000     <absolute>
 0000:00000000       __ImageBase                0000000180000000     <linker-defined>
 0001:000001c0       mexFunction                00000001800011c0 f   CUDAMexArrayFire2DPolarDFT.cu.obj
 0001:00001e20       ?cexp@@YA?AVarray@af@@AEBV12@@Z 0000000180002e20 f   CUDAMexArrayFire2DPolarDFT.cu.obj
 0001:00002060       ?SplitMultiplyComplex@@YAXAEAVarray@af@@00000@Z 0000000180003060 f   CUDAMexArrayFire2DPolarDFT.cu.obj
 0001:000023c0       ?Compute2DColumnwise_FrFTUniform@@YA?AVarray@af@@AEAV12@0AEAH1@Z 00000001800033c0 f   CUDAMexArrayFire2DPolarDFT.cu.obj
 0001:000033b0       ?Compute2DComplementaryLines_FrFTVariableScales@@YAXAEAVarray@af@@000HH@Z 00000001800043b0 f   CUDAMexArrayFire2DPolarDFT.cu.obj
 0001:00003da0       ??$remainder@HH@@YANHH@Z   0000000180004da0 f i CUDAMexArrayFire2DPolarDFT.cu.obj
 0001:00003de8       cudaMemcpy                 0000000180004de8 f   cudart:cudart64_75.dll
 0001:00003dee       __cudaRegisterFatBinary    0000000180004dee f   cudart:cudart64_75.dll
 0001:00003df4       __cudaUnregisterFatBinary  0000000180004df4 f   cudart:cudart64_75.dll
 0001:00003dfa       ??$constant@H@af@@YA?AVarray@0@H_J0W4af_dtype@@@Z 0000000180004dfa f   afcuda:afcuda.dll
 0001:00003e00       ??$?0N@array@af@@QEAA@_J0PEBNW4af_source@@@Z 0000000180004e00 f   afcuda:afcuda.dll
 0001:00003e06       ??$device@N@array@af@@QEBAPEANXZ 0000000180004e06 f   afcuda:afcuda.dll
 0001:00003e0c       ??$host@N@array@af@@QEBAPEANXZ 0000000180004e0c f   afcuda:afcuda.dll
 0001:00003e12       mxGetPr                    0000000180004e12 f   libmx:libmx.dll
 0001:00003e18       mxGetScalar                0000000180004e18 f   libmx:libmx.dll
 0001:00003e1e       mxCreateNumericArray_730   0000000180004e1e f   libmx:libmx.dll
 0001:00003e24       mxDuplicateArray           0000000180004e24 f   libmx:libmx.dll
 0001:00003e2a       mexErrMsgTxt               0000000180004e2a f   libmex:libmex.dll
 0001:00003e30       mexPrintf                  0000000180004e30 f   libmex:libmex.dll
 0001:00003e36       mxInitGPU                  0000000180004e36 f   gpu:gpu.dll
 0001:00003e3c       mxGPUCreateFromMxArray     0000000180004e3c f   gpu:gpu.dll
 0001:00003e42       mxGPUCreateGPUArray        0000000180004e42 f   gpu:gpu.dll
 0001:00003e48       mxGPUGetClassID            0000000180004e48 f   gpu:gpu.dll
 0001:00003e4e       mxGPUGetComplexity         0000000180004e4e f   gpu:gpu.dll
 0001:00003e54       mxGPUGetData               0000000180004e54 f   gpu:gpu.dll
 0001:00003e5a       mxGPUGetDataReadOnly       0000000180004e5a f   gpu:gpu.dll
 0001:00003e60       mxGPUGetNumberOfDimensions 0000000180004e60 f   gpu:gpu.dll
 0001:00003e66       mxGPUCreateMxArrayOnGPU    0000000180004e66 f   gpu:gpu.dll
 0001:00003e6c       mxGPUDestroyGPUArray       0000000180004e6c f   gpu:gpu.dll
 0001:00003e72       ??3@YAXPEAX@Z              0000000180004e72 f   MSVCRTD:MSVCR120D.dll
 0001:00003e80       __atonexitinit             0000000180004e80 f   MSVCRTD:atonexit.obj
 0001:00003f70       _onexit                    0000000180004f70 f   MSVCRTD:atonexit.obj
 0001:00004040       atexit                     0000000180005040 f   MSVCRTD:atonexit.obj
 0001:00004074       memcpy                     0000000180005074 f   MSVCRTD:MSVCR120D.dll
 0001:00004080       _RTC_CheckStackVars        0000000180005080 f   MSVCRTD:stack.obj
 0001:000041b0       ?_RTC_StackFailure@@YAXPEAXPEBD@Z 00000001800051b0 f   MSVCRTD:error.obj
 0001:00004560       _RTC_UninitUse             0000000180005560 f   MSVCRTD:error.obj
 0001:00004680       __CxxFrameHandler3         0000000180005680 f   MSVCRTD:MSVCR120D.dll
 0001:00004690       __GSHandlerCheck_EH        0000000180005690 f   MSVCRTD:gshandlereh.obj
 0001:00004750       __security_check_cookie    0000000180005750 f   MSVCRTD:amdsecgs.obj
 0001:00004770       ??_Etype_info@@UEAAPEAXI@Z 0000000180005770 f i MSVCRTD:ti_inst.obj
 0001:00004890       NtCurrentTeb               0000000180005890 f i MSVCRTD:crtdll.obj
 0001:000048a0       _CRT_INIT                  00000001800058a0 f   MSVCRTD:crtdll.obj
 0001:00004c50       _DllMainCRTStartup         0000000180005c50 f   MSVCRTD:crtdll.obj
 0001:00004e02       _lock                      0000000180005e02 f   MSVCRTD:MSVCR120D.dll
 0001:00004e08       _unlock                    0000000180005e08 f   MSVCRTD:MSVCR120D.dll
 0001:00004e0e       __dllonexit                0000000180005e0e f   MSVCRTD:MSVCR120D.dll
 0001:00004e14       __C_specific_handler       0000000180005e14 f   MSVCRTD:MSVCR120D.dll
 0001:00004e20       ?_RTC_GetErrorFunc@@YAP6AHHPEBDH00ZZPEBX@Z 0000000180005e20 f   MSVCRTD:userapi.obj
 0001:00004e30       ?_RTC_GetErrorFuncW@@YAP6AHHPEB_WH00ZZPEBX@Z 0000000180005e30 f   MSVCRTD:userapi.obj
 0001:00005300       ?_RTC_GetSrcLine@@YAHPEAEPEA_WKPEAH1K@Z 0000000180006300 f   MSVCRTD:pdblkup.obj
 0001:00005690       __GSHandlerCheck           0000000180006690 f   MSVCRTD:gshandler.obj
 0001:000056d0       __GSHandlerCheckCommon     00000001800066d0 f   MSVCRTD:gshandler.obj
 0001:000057d0       __raise_securityfailure    00000001800067d0 f   MSVCRTD:gs_report.obj
 0001:00005820       __report_gsfailure         0000000180006820 f   MSVCRTD:gs_report.obj
 0001:00005900       ??_M@YAXPEAX_KHP6AX0@Z@Z   0000000180006900 f   MSVCRTD:ehvecdtr.obj
 0001:000059e0       ?__ArrayUnwind@@YAXPEAX_KHP6AX0@Z@Z 00000001800069e0 f   MSVCRTD:ehvecdtr.obj
 0001:00005a30       __CppXcptFilter            0000000180006a30 f   MSVCRTD:MSVCR120D.dll
 0001:00005a36       _amsg_exit                 0000000180006a36 f   MSVCRTD:MSVCR120D.dll
 0001:00005a40       _FindPESection             0000000180006a40 f   MSVCRTD:pesect.obj
 0001:00005af0       _IsNonwritableInCurrentImage 0000000180006af0 f   MSVCRTD:pesect.obj
 0001:00005b80       _ValidateImageBase         0000000180006b80 f   MSVCRTD:pesect.obj
 0001:00005c00       __security_init_cookie     0000000180006c00 f   MSVCRTD:gs_support.obj
 0001:00005d20       DllMain                    0000000180006d20 f   MSVCRTD:dllmain.obj
 0001:00005d60       _RTC_Initialize            0000000180006d60 f   MSVCRTD:initsect.obj
 0001:00005da0       _RTC_Terminate             0000000180006da0 f   MSVCRTD:initsect.obj
 0001:00005dde       _initterm                  0000000180006dde f   MSVCRTD:MSVCR120D.dll
 0001:00005de4       _initterm_e                0000000180006de4 f   MSVCRTD:MSVCR120D.dll
 0001:00005df0       __clean_type_info_names    0000000180006df0 f   MSVCRTD:tncleanup.obj
 0001:00005e06       wcscpy_s                   0000000180006e06 f   MSVCRTD:MSVCR120D.dll
 0001:00005e0c       _wmakepath_s               0000000180006e0c f   MSVCRTD:MSVCR120D.dll
 0001:00005e12       _wsplitpath_s              0000000180006e12 f   MSVCRTD:MSVCR120D.dll
 0001:00005e18       __crt_debugger_hook        0000000180006e18 f   MSVCRTD:MSVCR120D.dll
 0001:00005e1e       __crtUnhandledException    0000000180006e1e f   MSVCRTD:MSVCR120D.dll
 0001:00005e24       __crtTerminateProcess      0000000180006e24 f   MSVCRTD:MSVCR120D.dll
 0001:00005e2a       __crtCapturePreviousContext 0000000180006e2a f   MSVCRTD:MSVCR120D.dll
 0001:00005e30       ?terminate@@YAXXZ          0000000180006e30 f   MSVCRTD:MSVCR120D.dll
 0001:00005e36       ??1type_info@@UEAA@XZ      0000000180006e36 f   MSVCRTD:MSVCR120D.dll
 0001:00005e36       ?_type_info_dtor_internal_method@type_info@@QEAAXXZ 0000000180006e36 f   MSVCRTD:MSVCR120D.dll
 0001:00005e3c       __clean_type_info_names_internal 0000000180006e3c f   MSVCRTD:MSVCR120D.dll
 0001:00005e42       IsProcessorFeaturePresent  0000000180006e42 f   kernel32:KERNEL32.dll
 0002:00000000       __imp_DisableThreadLibraryCalls 0000000180009000     kernel32:KERNEL32.dll
 0002:00000008       __imp_GetSystemTimeAsFileTime 0000000180009008     kernel32:KERNEL32.dll
 0002:00000010       __imp_GetCurrentThreadId   0000000180009010     kernel32:KERNEL32.dll
 0002:00000018       __imp_GetCurrentProcessId  0000000180009018     kernel32:KERNEL32.dll
 0002:00000020       __imp_QueryPerformanceCounter 0000000180009020     kernel32:KERNEL32.dll
 0002:00000028       __imp_IsProcessorFeaturePresent 0000000180009028     kernel32:KERNEL32.dll
 0002:00000030       __imp_GetModuleHandleW     0000000180009030     kernel32:KERNEL32.dll
 0002:00000038       __imp_GetModuleFileNameW   0000000180009038     kernel32:KERNEL32.dll
 0002:00000040       __imp_FreeLibrary          0000000180009040     kernel32:KERNEL32.dll
 0002:00000048       __imp_VirtualQuery         0000000180009048     kernel32:KERNEL32.dll
 0002:00000050       __imp_GetProcessHeap       0000000180009050     kernel32:KERNEL32.dll
 0002:00000058       __imp_HeapFree             0000000180009058     kernel32:KERNEL32.dll
 0002:00000060       __imp_HeapAlloc            0000000180009060     kernel32:KERNEL32.dll
 0002:00000068       __imp_WideCharToMultiByte  0000000180009068     kernel32:KERNEL32.dll
 0002:00000070       __imp_MultiByteToWideChar  0000000180009070     kernel32:KERNEL32.dll
 0002:00000078       __imp_LoadLibraryExW       0000000180009078     kernel32:KERNEL32.dll
 0002:00000080       __imp_GetProcAddress       0000000180009080     kernel32:KERNEL32.dll
 0002:00000088       __imp_GetLastError         0000000180009088     kernel32:KERNEL32.dll
 0002:00000090       __imp_RaiseException       0000000180009090     kernel32:KERNEL32.dll
 0002:00000098       __imp_IsDebuggerPresent    0000000180009098     kernel32:KERNEL32.dll
 0002:000000a0       __imp_DecodePointer        00000001800090a0     kernel32:KERNEL32.dll
 0002:000000a8       __imp_EncodePointer        00000001800090a8     kernel32:KERNEL32.dll
 0002:000000b0       \177KERNEL32_NULL_THUNK_DATA 00000001800090b0     kernel32:KERNEL32.dll
 0002:000000b8       __imp__initterm_e          00000001800090b8     MSVCRTD:MSVCR120D.dll
 0002:000000c0       __imp__initterm            00000001800090c0     MSVCRTD:MSVCR120D.dll
 0002:000000c8       __imp__CrtSetCheckCount    00000001800090c8     MSVCRTD:MSVCR120D.dll
 0002:000000d0       __imp__free_dbg            00000001800090d0     MSVCRTD:MSVCR120D.dll
 0002:000000d8       __imp__malloc_dbg          00000001800090d8     MSVCRTD:MSVCR120D.dll
 0002:000000e0       __imp__amsg_exit           00000001800090e0     MSVCRTD:MSVCR120D.dll
 0002:000000e8       __imp_wcscpy_s             00000001800090e8     MSVCRTD:MSVCR120D.dll
 0002:000000f0       __imp__onexit              00000001800090f0     MSVCRTD:MSVCR120D.dll
 0002:000000f8       __imp___C_specific_handler 00000001800090f8     MSVCRTD:MSVCR120D.dll
 0002:00000100       __imp___dllonexit          0000000180009100     MSVCRTD:MSVCR120D.dll
 0002:00000108       __imp__calloc_dbg          0000000180009108     MSVCRTD:MSVCR120D.dll
 0002:00000110       __imp__CrtDbgReportW       0000000180009110     MSVCRTD:MSVCR120D.dll
 0002:00000118       __imp__unlock              0000000180009118     MSVCRTD:MSVCR120D.dll
 0002:00000120       __imp__lock                0000000180009120     MSVCRTD:MSVCR120D.dll
 0002:00000128       __imp___CxxFrameHandler3   0000000180009128     MSVCRTD:MSVCR120D.dll
 0002:00000130       __imp__hypotf              0000000180009130     MSVCRTD:MSVCR120D.dll
 0002:00000138       __imp__wmakepath_s         0000000180009138     MSVCRTD:MSVCR120D.dll
 0002:00000140       __imp__wsplitpath_s        0000000180009140     MSVCRTD:MSVCR120D.dll
 0002:00000148       __imp___crt_debugger_hook  0000000180009148     MSVCRTD:MSVCR120D.dll
 0002:00000150       __imp___crtUnhandledException 0000000180009150     MSVCRTD:MSVCR120D.dll
 0002:00000158       __imp___crtTerminateProcess 0000000180009158     MSVCRTD:MSVCR120D.dll
 0002:00000160       __imp___crtCapturePreviousContext 0000000180009160     MSVCRTD:MSVCR120D.dll
 0002:00000168       __imp_?terminate@@YAXXZ    0000000180009168     MSVCRTD:MSVCR120D.dll
 0002:00000170       __imp_?_type_info_dtor_internal_method@type_info@@QEAAXXZ 0000000180009170     MSVCRTD:MSVCR120D.dll
 0002:00000178       __imp___clean_type_info_names_internal 0000000180009178     MSVCRTD:MSVCR120D.dll
 0002:00000180       __imp___CppXcptFilter      0000000180009180     MSVCRTD:MSVCR120D.dll
 0002:00000188       __imp_??3@YAXPEAX@Z        0000000180009188     MSVCRTD:MSVCR120D.dll
 0002:00000190       __imp_memcpy               0000000180009190     MSVCRTD:MSVCR120D.dll
 0002:00000198       __imp_remainder            0000000180009198     MSVCRTD:MSVCR120D.dll
 0002:000001a0       \177MSVCR120D_NULL_THUNK_DATA 00000001800091a0     MSVCRTD:MSVCR120D.dll
 0002:000001a8       __imp_??Daf@@YA?AVarray@0@AEBV10@0@Z 00000001800091a8     afcuda:afcuda.dll
 0002:000001b0       __imp_?col@array_proxy@array@af@@QEAA?AV123@H@Z 00000001800091b0     afcuda:afcuda.dll
 0002:000001b8       __imp_??0array@af@@QEAA@XZ 00000001800091b8     afcuda:afcuda.dll
 0002:000001c0       __imp_??0array@af@@QEAA@AEBV01@@Z 00000001800091c0     afcuda:afcuda.dll
 0002:000001c8       __imp_?sum@af@@YA?AVarray@1@AEBV21@H@Z 00000001800091c8     afcuda:afcuda.dll
 0002:000001d0       __imp_?sort@af@@YAXAEAVarray@1@0AEBV21@1I_N@Z 00000001800091d0     afcuda:afcuda.dll
 0002:000001d8       __imp_?sin@af@@YA?AVarray@1@AEBV21@@Z 00000001800091d8     afcuda:afcuda.dll
 0002:000001e0       __imp_?cos@af@@YA?AVarray@1@AEBV21@@Z 00000001800091e0     afcuda:afcuda.dll
 0002:000001e8       __imp_?complex@af@@YA?AVarray@1@AEBV21@0@Z 00000001800091e8     afcuda:afcuda.dll
 0002:000001f0       __imp_?complex@af@@YA?AVarray@1@NAEBV21@@Z 00000001800091f0     afcuda:afcuda.dll
 0002:000001f8       __imp_?real@af@@YA?AVarray@1@AEBV21@@Z 00000001800091f8     afcuda:afcuda.dll
 0002:00000200       __imp_?imag@af@@YA?AVarray@1@AEBV21@@Z 0000000180009200     afcuda:afcuda.dll
 0002:00000208       __imp_?conjg@af@@YA?AVarray@1@AEBV21@@Z 0000000180009208     afcuda:afcuda.dll
 0002:00000210       __imp_?pow@af@@YA?AVarray@1@AEBV21@N@Z 0000000180009210     afcuda:afcuda.dll
 0002:00000218       __imp_?exp@af@@YA?AVarray@1@AEBV21@@Z 0000000180009218     afcuda:afcuda.dll
 0002:00000220       __imp_??1seq@af@@QEAA@XZ   0000000180009220     afcuda:afcuda.dll
 0002:00000228       __imp_??0seq@af@@QEAA@NNN@Z 0000000180009228     afcuda:afcuda.dll
 0002:00000230       __imp_??Bseq@af@@QEBA?AVarray@1@XZ 0000000180009230     afcuda:afcuda.dll
 0002:00000238       __imp_??1array_proxy@array@af@@QEAA@XZ 0000000180009238     afcuda:afcuda.dll
 0002:00000240       __imp_?Pi@af@@3NB          0000000180009240     afcuda:afcuda.dll
 0002:00000248       __imp_??$host@N@array@af@@QEBAPEANXZ 0000000180009248     afcuda:afcuda.dll
 0002:00000250       __imp_??$device@N@array@af@@QEBAPEANXZ 0000000180009250     afcuda:afcuda.dll
 0002:00000258       __imp_??$?0N@array@af@@QEAA@_J0PEBNW4af_source@@@Z 0000000180009258     afcuda:afcuda.dll
 0002:00000260       __imp_??$constant@H@af@@YA?AVarray@0@H_J0W4af_dtype@@@Z 0000000180009260     afcuda:afcuda.dll
 0002:00000268       __imp_?ifft@af@@YA?AVarray@1@AEBV21@_J@Z 0000000180009268     afcuda:afcuda.dll
 0002:00000270       __imp_?fft@af@@YA?AVarray@1@AEBV21@_J@Z 0000000180009270     afcuda:afcuda.dll
 0002:00000278       __imp_?deviceGC@af@@YAXXZ  0000000180009278     afcuda:afcuda.dll
 0002:00000280       __imp_?flip@af@@YA?AVarray@1@AEBV21@I@Z 0000000180009280     afcuda:afcuda.dll
 0002:00000288       __imp_?moddims@af@@YA?AVarray@1@AEBV21@_J111@Z 0000000180009288     afcuda:afcuda.dll
 0002:00000290       __imp_?tile@af@@YA?AVarray@1@AEBV21@IIII@Z 0000000180009290     afcuda:afcuda.dll
 0002:00000298       __imp_?join@af@@YA?AVarray@1@HAEBV21@0@Z 0000000180009298     afcuda:afcuda.dll
 0002:000002a0       __imp_??Kaf@@YA?AVarray@0@AEBV10@AEBH@Z 00000001800092a0     afcuda:afcuda.dll
 0002:000002a8       __imp_??Daf@@YA?AVarray@0@AEBV10@AEBH@Z 00000001800092a8     afcuda:afcuda.dll
 0002:000002b0       __imp_??Daf@@YA?AVarray@0@AEBNAEBV10@@Z 00000001800092b0     afcuda:afcuda.dll
 0002:000002b8       __imp_??Daf@@YA?AVarray@0@AEBHAEBV10@@Z 00000001800092b8     afcuda:afcuda.dll
 0002:000002c0       __imp_?iscomplex@array@af@@QEBA_NXZ 00000001800092c0     afcuda:afcuda.dll
 0002:000002c8       __imp_??Gaf@@YA?AVarray@0@AEBV10@AEBH@Z 00000001800092c8     afcuda:afcuda.dll
 0002:000002d0       __imp_??Gaf@@YA?AVarray@0@AEBHAEBV10@@Z 00000001800092d0     afcuda:afcuda.dll
 0002:000002d8       __imp_??Gaf@@YA?AVarray@0@AEBV10@0@Z 00000001800092d8     afcuda:afcuda.dll
 0002:000002e0       __imp_??Haf@@YA?AVarray@0@AEBHAEBV10@@Z 00000001800092e0     afcuda:afcuda.dll
 0002:000002e8       __imp_??Haf@@YA?AVarray@0@AEBV10@0@Z 00000001800092e8     afcuda:afcuda.dll
 0002:000002f0       __imp_??4array@af@@QEAAAEAV01@AEBV01@@Z 00000001800092f0     afcuda:afcuda.dll
 0002:000002f8       __imp_?T@array@af@@QEBA?AV12@XZ 00000001800092f8     afcuda:afcuda.dll
 0002:00000300       __imp_??1array@af@@QEAA@XZ 0000000180009300     afcuda:afcuda.dll
 0002:00000308       __imp_?as@array@af@@QEBA?BV12@W4af_dtype@@@Z 0000000180009308     afcuda:afcuda.dll
 0002:00000310       __imp_?slice@array@af@@QEAA?AVarray_proxy@12@H@Z 0000000180009310     afcuda:afcuda.dll
 0002:00000318       __imp_?rows@array@af@@QEAA?AVarray_proxy@12@HH@Z 0000000180009318     afcuda:afcuda.dll
 0002:00000320       __imp_??Barray_proxy@array@af@@QEAA?AV12@XZ 0000000180009320     afcuda:afcuda.dll
 0002:00000328       \177afcuda_NULL_THUNK_DATA 0000000180009328     afcuda:afcuda.dll
 0002:00000330       __imp___cudaUnregisterFatBinary 0000000180009330     cudart:cudart64_75.dll
 0002:00000338       __imp___cudaRegisterFatBinary 0000000180009338     cudart:cudart64_75.dll
 0002:00000340       __imp_cudaMemcpy           0000000180009340     cudart:cudart64_75.dll
 0002:00000348       \177cudart64_75_NULL_THUNK_DATA 0000000180009348     cudart:cudart64_75.dll
 0002:00000350       __imp_mxGPUCreateFromMxArray 0000000180009350     gpu:gpu.dll
 0002:00000358       __imp_mxGPUDestroyGPUArray 0000000180009358     gpu:gpu.dll
 0002:00000360       __imp_mxGPUCreateMxArrayOnGPU 0000000180009360     gpu:gpu.dll
 0002:00000368       __imp_mxGPUGetNumberOfDimensions 0000000180009368     gpu:gpu.dll
 0002:00000370       __imp_mxGPUGetDataReadOnly 0000000180009370     gpu:gpu.dll
 0002:00000378       __imp_mxGPUGetData         0000000180009378     gpu:gpu.dll
 0002:00000380       __imp_mxGPUGetComplexity   0000000180009380     gpu:gpu.dll
 0002:00000388       __imp_mxGPUGetClassID      0000000180009388     gpu:gpu.dll
 0002:00000390       __imp_mxInitGPU            0000000180009390     gpu:gpu.dll
 0002:00000398       __imp_mxGPUCreateGPUArray  0000000180009398     gpu:gpu.dll
 0002:000003a0       \177gpu_NULL_THUNK_DATA    00000001800093a0     gpu:gpu.dll
 0002:000003a8       __imp_mexPrintf            00000001800093a8     libmex:libmex.dll
 0002:000003b0       __imp_mexErrMsgTxt         00000001800093b0     libmex:libmex.dll
 0002:000003b8       \177libmex_NULL_THUNK_DATA 00000001800093b8     libmex:libmex.dll
 0002:000003c0       __imp_mxDuplicateArray     00000001800093c0     libmx:libmx.dll
 0002:000003c8       __imp_mxCreateNumericArray_730 00000001800093c8     libmx:libmx.dll
 0002:000003d0       __imp_mxGetScalar          00000001800093d0     libmx:libmx.dll
 0002:000003d8       __imp_mxGetPr              00000001800093d8     libmx:libmx.dll
 0002:000003e0       \177libmx_NULL_THUNK_DATA  00000001800093e0     libmx:libmx.dll
 0002:000003e8       __xc_a                     00000001800093e8     MSVCRTD:cinitexe.obj
 0002:00000428       __xc_z                     0000000180009428     MSVCRTD:cinitexe.obj
 0002:00000430       __xi_a                     0000000180009430     MSVCRTD:cinitexe.obj
 0002:00000448       __xi_z                     0000000180009448     MSVCRTD:cinitexe.obj
 0002:00001fe8       __real@3ff0000000000000    000000018000afe8     CUDAMexArrayFire2DPolarDFT.cu.obj
 0002:00001ff0       __real@4000000000000000    000000018000aff0     CUDAMexArrayFire2DPolarDFT.cu.obj
 0002:00001ff8       __real@43e0000000000000    000000018000aff8     CUDAMexArrayFire2DPolarDFT.cu.obj
 0002:00002000       __real@c000000000000000    000000018000b000     CUDAMexArrayFire2DPolarDFT.cu.obj
 0002:00002010       __xmm@80000000000000008000000000000000 000000018000b010     CUDAMexArrayFire2DPolarDFT.cu.obj
 0002:00002020       ??_C@_1MC@KPMPFEII@?$AA?$CI?$AA_?$AA_?$AAo?$AAn?$AAe?$AAx?$AAi?$AAt?$AAb?$AAe?$AAg?$AAi?$AAn?$AA?5?$AA?$CB?$AA?$DN?$AA?5?$AAN?$AAU?$AAL?$AAL?$AA?5?$AA?$CG?$AA?$CG?$AA?5?$AA_?$AA_?$AAo?$AAn?$AAe?$AAx@ 000000018000b020     MSVCRTD:atonexit.obj
 0002:000020e4       ??_C@_15GANGMFKL@?$AA?$CF?$AAs?$AA?$AA@ 000000018000b0e4     MSVCRTD:atonexit.obj
 0002:000020f0       ??_C@_1FK@IGIDCAPD@?$AAf?$AA?3?$AA?2?$AAd?$AAd?$AA?2?$AAv?$AAc?$AAt?$AAo?$AAo?$AAl?$AAs?$AA?2?$AAc?$AAr?$AAt?$AA?2?$AAc?$AAr?$AAt?$AAw?$AA3?$AA2?$AA?2?$AAd?$AAl?$AAl?$AAs?$AAt?$AAu?$AAf@ 000000018000b0f0     MSVCRTD:atonexit.obj
 0002:00002150       ??_C@_0CN@LMJJPMEG@f?3?2dd?2vctools?2crt?2crtw32?2dllstuf@ 000000018000b150     MSVCRTD:atonexit.obj
 0002:00002240       ??_C@_0NN@NGPKDKPD@The?5value?5of?5ESP?5was?5not?5properl@ 000000018000b240     MSVCRTD:error.obj
 0002:00002320       ??_C@_0BBN@GPMLNJCF@A?5cast?5to?5a?5smaller?5data?5type?5ha@ 000000018000b320     MSVCRTD:error.obj
 0002:00002440       ??_C@_0BN@FFOINMNJ@Stack?5memory?5was?5corrupted?6?$AN?$AA@ 000000018000b440     MSVCRTD:error.obj
 0002:00002460       ??_C@_0DG@HKJMLLLP@A?5local?5variable?5was?5used?5before@ 000000018000b460     MSVCRTD:error.obj
 0002:00002498       ??_C@_0CM@NGINOKPC@Stack?5memory?5around?5_alloca?5was?5@ 000000018000b498     MSVCRTD:error.obj
 0002:000024c8       ??_C@_0BO@GNIAFIKK@Unknown?5Runtime?5Check?5Error?6?$AN?$AA@ 000000018000b4c8     MSVCRTD:error.obj
 0002:000024f0       ??_C@_1GM@OLMCBDMB@?$AAR?$AAu?$AAn?$AAt?$AAi?$AAm?$AAe?$AA?5?$AAC?$AAh?$AAe?$AAc?$AAk?$AA?5?$AAE?$AAr?$AAr?$AAo?$AAr?$AA?4?$AA?6?$AA?$AN?$AA?5?$AAU?$AAn?$AAa?$AAb?$AAl?$AAe?$AA?5?$AAt?$AAo@ 000000018000b4f0     MSVCRTD:error.obj
 0002:00002560       ??_C@_1EA@NFKNIFJP@?$AAR?$AAu?$AAn?$AA?9?$AAT?$AAi?$AAm?$AAe?$AA?5?$AAC?$AAh?$AAe?$AAc?$AAk?$AA?5?$AAF?$AAa?$AAi?$AAl?$AAu?$AAr?$AAe?$AA?5?$AA?$CD?$AA?$CF?$AAd?$AA?5?$AA?9?$AA?5?$AA?$CF?$AAs?$AA?$AA@ 000000018000b560     MSVCRTD:error.obj
 0002:000025a0       ??_C@_0BB@PFFGGCJP@Unknown?5Filename?$AA@ 000000018000b5a0     MSVCRTD:error.obj
 0002:000025b8       ??_C@_0BE@GNBOBNCK@Unknown?5Module?5Name?$AA@ 000000018000b5b8     MSVCRTD:error.obj
 0002:000025d0       ??_C@_0CA@IODNCDPG@Run?9Time?5Check?5Failure?5?$CD?$CFd?5?9?5?$CFs?$AA@ 000000018000b5d0     MSVCRTD:error.obj
 0002:000025f0       ??_C@_0CG@IAFNJNEE@Stack?5corrupted?5near?5unknown?5var@ 000000018000b5f0     MSVCRTD:error.obj
 0002:00002618       ??_C@_0DE@OHJBPMBP@A?5variable?5is?5being?5used?5without@ 000000018000b618     MSVCRTD:error.obj
 0002:00002658       ??_7type_info@@6B@         000000018000b658     MSVCRTD:ti_inst.obj
 0002:00002660       _pRawDllMain               000000018000b660     MSVCRTD:crtdll.obj
 0002:00002660       _pDefaultRawDllMain        000000018000b660     MSVCRTD:crtdll.obj
 0002:00002668       ??_C@_0CL@CCAGLLEM@f?3?2dd?2vctools?2crt?2crtw32?2dllstuf@ 000000018000b668     MSVCRTD:crtdll.obj
 0002:000026c0       ??_C@_0BJ@HEGAHDFO@Stack?5pointer?5corruption?$AA@ 000000018000b6c0     MSVCRTD:userapi.obj
 0002:000026e0       ??_C@_0CK@FEGOIOPB@Cast?5to?5smaller?5type?5causing?5los@ 000000018000b6e0     MSVCRTD:userapi.obj
 0002:00002710       ??_C@_0BI@CIGMDCBH@Stack?5memory?5corruption?$AA@ 000000018000b710     MSVCRTD:userapi.obj
 0002:00002728       ??_C@_0CK@CNLNOEPB@Local?5variable?5used?5before?5initi@ 000000018000b728     MSVCRTD:userapi.obj
 0002:00002758       ??_C@_0BP@OGBCLIBO@Stack?5around?5_alloca?5corrupted?$AA@ 000000018000b758     MSVCRTD:userapi.obj
 0002:000027c8       ??_C@_1BK@GAEMIDIL@?$AAA?$AAD?$AAV?$AAA?$AAP?$AAI?$AA3?$AA2?$AA?4?$AAD?$AAL?$AAL?$AA?$AA@ 000000018000b7c8     MSVCRTD:pdblkup.obj
 0002:000027e8       ??_C@_0O@COHOBMLB@RegOpenKeyExW?$AA@ 000000018000b7e8     MSVCRTD:pdblkup.obj
 0002:000027f8       ??_C@_0BB@GLNAEDBD@RegQueryValueExW?$AA@ 000000018000b7f8     MSVCRTD:pdblkup.obj
 0002:00002810       ??_C@_0M@HLOHPNFA@RegCloseKey?$AA@ 000000018000b810     MSVCRTD:pdblkup.obj
 0002:00002820       ??_C@_1HE@HOJOLGOA@?$AAS?$AAO?$AAF?$AAT?$AAW?$AAA?$AAR?$AAE?$AA?2?$AAW?$AAo?$AAw?$AA6?$AA4?$AA3?$AA2?$AAN?$AAo?$AAd?$AAe?$AA?2?$AAM?$AAi?$AAc?$AAr?$AAo?$AAs?$AAo?$AAf?$AAt?$AA?2?$AAV@ 000000018000b820     MSVCRTD:pdblkup.obj
 0002:00002898       ??_C@_1BG@EABPBLLF@?$AAP?$AAr?$AAo?$AAd?$AAu?$AAc?$AAt?$AAD?$AAi?$AAr?$AA?$AA@ 000000018000b898     MSVCRTD:pdblkup.obj
 0002:000028d0       ??_C@_1BC@EOIMGOME@?$AAM?$AAS?$AAP?$AAD?$AAB?$AA1?$AA2?$AA0?$AA?$AA@ 000000018000b8d0     MSVCRTD:pdblkup.obj
 0002:000028e8       ??_C@_0BB@KCIACLNC@PDBOpenValidate5?$AA@ 000000018000b8e8     MSVCRTD:pdblkup.obj
 0002:000028fc       ??_C@_01KDCPPGHE@r?$AA@    000000018000b8fc     MSVCRTD:pdblkup.obj
 0002:00002910       _load_config_used          000000018000b910     MSVCRTD:loadcfg.obj
 0002:00002a10       ??_R4type_info@@6B@        000000018000ba10     MSVCRTD:ti_inst.obj
 0002:00002a38       ??_R3type_info@@8          000000018000ba38     MSVCRTD:ti_inst.obj
 0002:00002a50       ??_R2type_info@@8          000000018000ba50     MSVCRTD:ti_inst.obj
 0002:00002a60       ??_R1A@?0A@EA@type_info@@8 000000018000ba60     MSVCRTD:ti_inst.obj
 0002:00002a88       __rtc_iaa                  000000018000ba88     MSVCRTD:initsect.obj
 0002:00002a90       __rtc_izz                  000000018000ba90     MSVCRTD:initsect.obj
 0002:00002a98       __rtc_taa                  000000018000ba98     MSVCRTD:initsect.obj
 0002:00002aa0       __rtc_tzz                  000000018000baa0     MSVCRTD:initsect.obj
 0002:00004c54       __IMPORT_DESCRIPTOR_cudart64_75 000000018000dc54     cudart:cudart64_75.dll
 0002:00004c68       __IMPORT_DESCRIPTOR_afcuda 000000018000dc68     afcuda:afcuda.dll
 0002:00004c7c       __IMPORT_DESCRIPTOR_libmx  000000018000dc7c     libmx:libmx.dll
 0002:00004c90       __IMPORT_DESCRIPTOR_libmex 000000018000dc90     libmex:libmex.dll
 0002:00004ca4       __IMPORT_DESCRIPTOR_gpu    000000018000dca4     gpu:gpu.dll
 0002:00004cb8       __IMPORT_DESCRIPTOR_MSVCR120D 000000018000dcb8     MSVCRTD:MSVCR120D.dll
 0002:00004ccc       __IMPORT_DESCRIPTOR_KERNEL32 000000018000dccc     kernel32:KERNEL32.dll
 0002:00004ce0       __NULL_IMPORT_DESCRIPTOR   000000018000dce0     cudart:cudart64_75.dll
 0003:00000008       ?_RTC_ErrorLevels@@3PAHA   000000018000f008     MSVCRTD:error.obj
 0003:00000020       __security_cookie          000000018000f020     MSVCRTD:gs_cookie.obj
 0003:00000028       __security_cookie_complement 000000018000f028     MSVCRTD:gs_cookie.obj
 0003:00000030       _fltused                   000000018000f030     MSVCRTD:dllsupp.obj
 0003:00000034       __native_dllmain_reason    000000018000f034     MSVCRTD:natstart.obj
 0003:00000038       ??_R0?AVexception@af@@@8   000000018000f038     CUDAMexArrayFire2DPolarDFT.cu.obj
 0003:00000060       ??_R0?AVtype_info@@@8      000000018000f060     MSVCRTD:ti_inst.obj
 0003:000000b8       ?_Generic_object@?$_Error_objects@H@std@@2V_Generic_error_category@2@A 000000018000f0b8     CUDAMexArrayFire2DPolarDFT.cu.obj
 0003:000000c0       ?_Iostream_object@?$_Error_objects@H@std@@2V_Iostream_error_category@2@A 000000018000f0c0     CUDAMexArrayFire2DPolarDFT.cu.obj
 0003:000000c8       ?_System_object@?$_Error_objects@H@std@@2V_System_error_category@2@A 000000018000f0c8     CUDAMexArrayFire2DPolarDFT.cu.obj
 0003:000000d0       ?id@?$num_put@DV?$back_insert_iterator@V?$basic_string@DU?$char_traits@D@std@@V?$allocator@D@2@@std@@@std@@@std@@2V0locale@2@A 000000018000f0d0     CUDAMexArrayFire2DPolarDFT.cu.obj
 0003:000000d8       ?id@?$num_put@_WV?$back_insert_iterator@V?$basic_string@_WU?$char_traits@_W@std@@V?$allocator@_W@2@@std@@@std@@@std@@2V0locale@2@A 000000018000f0d8     CUDAMexArrayFire2DPolarDFT.cu.obj
 0003:000000f0       ?wsprintffp@@3P6AHPEADPEBDZZEA 000000018000f0f0     MSVCRTD:error.obj
 0003:00000698       ?__type_info_root_node@@3U__type_info_node@@A 000000018000f698     MSVCRTD:tncleanup.obj
 0003:000006a8       __native_startup_lock      000000018000f6a8     <common>
 0003:000006b0       __native_startup_state     000000018000f6b0     <common>
 0003:000006b8       __dyn_tls_init_callback    000000018000f6b8     <common>
 0003:000006c0       __onexitend                000000018000f6c0     <common>
 0003:000006c8       __onexitbegin              000000018000f6c8     <common>

 entry point at        0001:00004c50

 Static symbols

 0000:fffec000       .debug$S                   0000000180000000     MSVCRTD:MSVCR120D.dll
 0000:fffec000       .debug$S                   0000000180000000     MSVCRTD:MSVCR120D.dll
 0000:fffec000       .debug$S                   0000000180000000     MSVCRTD:MSVCR120D.dll
 0000:fffec000       .debug$S                   0000000180000000     MSVCRTD:MSVCR120D.dll
 0000:fffec000       .debug$S                   0000000180000000     MSVCRTD:MSVCR120D.dll
 0000:fffec000       .debug$S                   0000000180000000     MSVCRTD:MSVCR120D.dll
 0000:fffec000       .debug$S                   0000000180000000     afcuda:afcuda.dll
 0000:fffec000       .debug$S                   0000000180000000     afcuda:afcuda.dll
 0000:fffec000       .debug$S                   0000000180000000     afcuda:afcuda.dll
 0000:fffec000       .debug$S                   0000000180000000     afcuda:afcuda.dll
 0000:fffec000       .debug$S                   0000000180000000     afcuda:afcuda.dll
 0000:fffec000       .debug$S                   0000000180000000     afcuda:afcuda.dll
 0000:fffec000       .debug$S                   0000000180000000     MSVCRTD:MSVCR120D.dll
 0000:fffec000       .debug$S                   0000000180000000     afcuda:afcuda.dll
 0000:fffec000       .debug$S                   0000000180000000     afcuda:afcuda.dll
 0000:fffec000       .debug$S                   0000000180000000     afcuda:afcuda.dll
 0000:fffec000       .debug$S                   0000000180000000     afcuda:afcuda.dll
 0000:fffec000       .debug$S                   0000000180000000     MSVCRTD:MSVCR120D.dll
 0000:fffec000       .debug$S                   0000000180000000     MSVCRTD:MSVCR120D.dll
 0000:fffec000       .debug$S                   0000000180000000     afcuda:afcuda.dll
 0000:fffec000       .debug$S                   0000000180000000     afcuda:afcuda.dll
 0000:fffec000       .debug$S                   0000000180000000     afcuda:afcuda.dll
 0000:fffec000       .debug$S                   0000000180000000     kernel32:KERNEL32.dll
 0000:fffec000       .debug$S                   0000000180000000     MSVCRTD:MSVCR120D.dll
 0000:fffec000       .debug$S                   0000000180000000     MSVCRTD:MSVCR120D.dll
 0000:fffec000       .debug$S                   0000000180000000     kernel32:KERNEL32.dll
 0000:fffec000       .debug$S                   0000000180000000     kernel32:KERNEL32.dll
 0000:fffec000       .debug$S                   0000000180000000     kernel32:KERNEL32.dll
 0000:fffec000       .debug$S                   0000000180000000     kernel32:KERNEL32.dll
 0000:fffec000       .debug$S                   0000000180000000     kernel32:KERNEL32.dll
 0000:fffec000       .debug$S                   0000000180000000     kernel32:KERNEL32.dll
 0000:fffec000       .debug$S                   0000000180000000     kernel32:KERNEL32.dll
 0000:fffec000       .debug$S                   0000000180000000     kernel32:KERNEL32.dll
 0000:fffec000       .debug$S                   0000000180000000     kernel32:KERNEL32.dll
 0000:fffec000       .debug$S                   0000000180000000     kernel32:KERNEL32.dll
 0000:fffec000       .debug$S                   0000000180000000     kernel32:KERNEL32.dll
 0000:fffec000       .debug$S                   0000000180000000     kernel32:KERNEL32.dll
 0000:fffec000       .debug$S                   0000000180000000     kernel32:KERNEL32.dll
 0000:fffec000       .debug$S                   0000000180000000     kernel32:KERNEL32.dll
 0000:fffec000       .debug$S                   0000000180000000     kernel32:KERNEL32.dll
 0000:fffec000       .debug$S                   0000000180000000     kernel32:KERNEL32.dll
 0000:fffec000       .debug$S                   0000000180000000     kernel32:KERNEL32.dll
 0000:fffec000       .debug$S                   0000000180000000     kernel32:KERNEL32.dll
 0000:fffec000       .debug$S                   0000000180000000     kernel32:KERNEL32.dll
 0000:fffec000       .debug$S                   0000000180000000     kernel32:KERNEL32.dll
 0000:fffec000       .debug$S                   0000000180000000     kernel32:KERNEL32.dll
 0000:fffec000       .debug$S                   0000000180000000     afcuda:afcuda.dll
 0000:fffec000       .debug$S                   0000000180000000     cudart:cudart64_75.dll
 0000:fffec000       .debug$S                   0000000180000000     cudart:cudart64_75.dll
 0000:fffec000       .debug$S                   0000000180000000     cudart:cudart64_75.dll
 0000:fffec000       .debug$S                   0000000180000000     afcuda:afcuda.dll
 0000:fffec000       .debug$S                   0000000180000000     afcuda:afcuda.dll
 0000:fffec000       .debug$S                   0000000180000000     afcuda:afcuda.dll
 0000:fffec000       .debug$S                   0000000180000000     afcuda:afcuda.dll
 0000:fffec000       .debug$S                   0000000180000000     afcuda:afcuda.dll
 0000:fffec000       .debug$S                   0000000180000000     afcuda:afcuda.dll
 0000:fffec000       .debug$S                   0000000180000000     afcuda:afcuda.dll
 0000:fffec000       .debug$S                   0000000180000000     afcuda:afcuda.dll
 0000:fffec000       .debug$S                   0000000180000000     afcuda:afcuda.dll
 0000:fffec000       .debug$S                   0000000180000000     afcuda:afcuda.dll
 0000:fffec000       .debug$S                   0000000180000000     afcuda:afcuda.dll
 0000:fffec000       .debug$S                   0000000180000000     afcuda:afcuda.dll
 0000:fffec000       .debug$S                   0000000180000000     afcuda:afcuda.dll
 0000:fffec000       .debug$S                   0000000180000000     afcuda:afcuda.dll
 0000:fffec000       .debug$S                   0000000180000000     afcuda:afcuda.dll
 0000:fffec000       .debug$S                   0000000180000000     afcuda:afcuda.dll
 0000:fffec000       .debug$S                   0000000180000000     afcuda:afcuda.dll
 0000:fffec000       .debug$S                   0000000180000000     afcuda:afcuda.dll
 0000:fffec000       .debug$S                   0000000180000000     afcuda:afcuda.dll
 0000:fffec000       .debug$S                   0000000180000000     afcuda:afcuda.dll
 0000:fffec000       .debug$S                   0000000180000000     afcuda:afcuda.dll
 0000:fffec000       .debug$S                   0000000180000000     afcuda:afcuda.dll
 0000:fffec000       .debug$S                   0000000180000000     afcuda:afcuda.dll
 0000:fffec000       .debug$S                   0000000180000000     afcuda:afcuda.dll
 0000:fffec000       .debug$S                   0000000180000000     afcuda:afcuda.dll
 0000:fffec000       .debug$S                   0000000180000000     afcuda:afcuda.dll
 0000:fffec000       .debug$S                   0000000180000000     afcuda:afcuda.dll
 0000:fffec000       .debug$S                   0000000180000000     afcuda:afcuda.dll
 0000:fffec000       .debug$S                   0000000180000000     afcuda:afcuda.dll
 0000:fffec000       .debug$S                   0000000180000000     afcuda:afcuda.dll
 0000:fffec000       .debug$S                   0000000180000000     afcuda:afcuda.dll
 0000:fffec000       .debug$S                   0000000180000000     afcuda:afcuda.dll
 0000:fffec000       .debug$S                   0000000180000000     afcuda:afcuda.dll
 0000:fffec000       .debug$S                   0000000180000000     libmx:libmx.dll
 0000:fffec000       .debug$S                   0000000180000000     libmx:libmx.dll
 0000:fffec000       .debug$S                   0000000180000000     libmx:libmx.dll
 0000:fffec000       .debug$S                   0000000180000000     libmx:libmx.dll
 0000:fffec000       .debug$S                   0000000180000000     libmex:libmex.dll
 0000:fffec000       .debug$S                   0000000180000000     libmex:libmex.dll
 0000:fffec000       .debug$S                   0000000180000000     gpu:gpu.dll
 0000:fffec000       .debug$S                   0000000180000000     gpu:gpu.dll
 0000:fffec000       .debug$S                   0000000180000000     gpu:gpu.dll
 0000:fffec000       .debug$S                   0000000180000000     gpu:gpu.dll
 0000:fffec000       .debug$S                   0000000180000000     gpu:gpu.dll
 0000:fffec000       .debug$S                   0000000180000000     gpu:gpu.dll
 0000:fffec000       .debug$S                   0000000180000000     gpu:gpu.dll
 0000:fffec000       .debug$S                   0000000180000000     gpu:gpu.dll
 0000:fffec000       .debug$S                   0000000180000000     gpu:gpu.dll
 0000:fffec000       .debug$S                   0000000180000000     gpu:gpu.dll
 0002:ffff7000       .idata$6                   0000000180000000     msvcprtd:MSVCP120D.dll
 0000:fffec000       .debug$S                   0000000180000000     msvcprtd:MSVCP120D.dll
 0000:fffec000       .debug$S                   0000000180000000     msvcprtd:MSVCP120D.dll
 0000:fffec000       .debug$S                   0000000180000000     msvcprtd:MSVCP120D.dll
 0000:fffec000       .debug$S                   0000000180000000     msvcprtd:MSVCP120D.dll
 0000:fffec000       .debug$S                   0000000180000000     msvcprtd:MSVCP120D.dll
 0000:fffec000       .debug$S                   0000000180000000     msvcprtd:MSVCP120D.dll
 0000:fffec000       .debug$S                   0000000180000000     msvcprtd:MSVCP120D.dll
 0000:fffec000       .debug$S                   0000000180000000     msvcprtd:MSVCP120D.dll
 0000:fffec000       .debug$S                   0000000180000000     msvcprtd:MSVCP120D.dll
 0000:fffec000       .debug$S                   0000000180000000     msvcprtd:MSVCP120D.dll
 0000:fffec000       .debug$S                   0000000180000000     MSVCRTD:MSVCR120D.dll
 0000:fffec000       .debug$S                   0000000180000000     MSVCRTD:MSVCR120D.dll
 0000:fffec000       .debug$S                   0000000180000000     MSVCRTD:MSVCR120D.dll
 0000:fffec000       .debug$S                   0000000180000000     MSVCRTD:MSVCR120D.dll
 0000:fffec000       .debug$S                   0000000180000000     MSVCRTD:MSVCR120D.dll
 0000:fffec000       .debug$S                   0000000180000000     MSVCRTD:MSVCR120D.dll
 0000:fffec000       .debug$S                   0000000180000000     MSVCRTD:MSVCR120D.dll
 0000:fffec000       .debug$S                   0000000180000000     MSVCRTD:MSVCR120D.dll
 0000:fffec000       .debug$S                   0000000180000000     MSVCRTD:MSVCR120D.dll
 0000:fffec000       .debug$S                   0000000180000000     MSVCRTD:MSVCR120D.dll
 0000:fffec000       .debug$S                   0000000180000000     MSVCRTD:MSVCR120D.dll
 0000:fffec000       .debug$S                   0000000180000000     MSVCRTD:MSVCR120D.dll
 0000:fffec000       .debug$S                   0000000180000000     MSVCRTD:MSVCR120D.dll
 0000:fffec000       .debug$S                   0000000180000000     MSVCRTD:MSVCR120D.dll
 0000:fffec000       .debug$S                   0000000180000000     MSVCRTD:MSVCR120D.dll
 0000:fffec000       .debug$S                   0000000180000000     MSVCRTD:MSVCR120D.dll
 0000:fffec000       .debug$S                   0000000180000000     MSVCRTD:MSVCR120D.dll
 0000:fffec000       .debug$S                   0000000180000000     MSVCRTD:MSVCR120D.dll
 0000:fffec000       .debug$S                   0000000180000000     MSVCRTD:MSVCR120D.dll
 0000:fffec000       .debug$S                   0000000180000000     afcuda:afcuda.dll
 0000:fffec000       .debug$S                   0000000180000000     MSVCRTD:MSVCR120D.dll
 0000:fffec000       .debug$S                   0000000180000000     MSVCRTD:MSVCR120D.dll
 0000:fffec000       .debug$S                   0000000180000000     MSVCRTD:MSVCR120D.dll
 0000:fffec000       .debug$S                   0000000180000000     MSVCRTD:MSVCR120D.dll
 0000:fffec000       .debug$S                   0000000180000000     MSVCRTD:MSVCR120D.dll
 0000:fffec000       .debug$S                   0000000180000000     MSVCRTD:MSVCR120D.dll
 0000:fffec000       .debug$S                   0000000180000000     MSVCRTD:MSVCR120D.dll
 0000:fffec000       .debug$S                   0000000180000000     MSVCRTD:MSVCR120D.dll
 0000:fffec000       .debug$S                   0000000180000000     MSVCRTD:MSVCR120D.dll
 0000:fffec000       .debug$S                   0000000180000000     MSVCRTD:MSVCR120D.dll
 0000:fffec000       .debug$S                   0000000180000000     MSVCRTD:MSVCR120D.dll
 0000:fffec000       .debug$S                   0000000180000000     MSVCRTD:MSVCR120D.dll
 0000:fffec000       .debug$S                   0000000180000000     MSVCRTD:MSVCR120D.dll
 0000:fffec000       .debug$S                   0000000180000000     MSVCRTD:MSVCR120D.dll
 0000:fffec000       .debug$S                   0000000180000000     MSVCRTD:MSVCR120D.dll
 0000:fffec000       .debug$S                   0000000180000000     MSVCRTD:MSVCR120D.dll
 0000:fffec000       .debug$S                   0000000180000000     MSVCRTD:MSVCR120D.dll
 0000:fffec000       .debug$S                   0000000180000000     MSVCRTD:MSVCR120D.dll
 0000:fffec000       .debug$S                   0000000180000000     MSVCRTD:MSVCR120D.dll
 0000:fffec000       .debug$S                   0000000180000000     MSVCRTD:MSVCR120D.dll
 0000:fffec000       .debug$S                   0000000180000000     MSVCRTD:MSVCR120D.dll
 0000:fffec000       .debug$S                   0000000180000000     MSVCRTD:MSVCR120D.dll
 0000:fffec000       .debug$S                   0000000180000000     MSVCRTD:MSVCR120D.dll
 0000:fffec000       .debug$S                   0000000180000000     MSVCRTD:MSVCR120D.dll
 0000:fffec000       .debug$S                   0000000180000000     MSVCRTD:MSVCR120D.dll
 0000:fffec000       .debug$S                   0000000180000000     MSVCRTD:MSVCR120D.dll
 0000:fffec000       .debug$S                   0000000180000000     MSVCRTD:MSVCR120D.dll
 0000:fffec000       .debug$S                   0000000180000000     MSVCRTD:MSVCR120D.dll
 0000:fffec000       .debug$S                   0000000180000000     MSVCRTD:MSVCR120D.dll
 0000:fffec000       .debug$S                   0000000180000000     MSVCRTD:MSVCR120D.dll
 0000:fffec000       .debug$S                   0000000180000000     MSVCRTD:MSVCR120D.dll
 0000:fffec000       .debug$S                   0000000180000000     MSVCRTD:MSVCR120D.dll
 0000:fffec000       .debug$S                   0000000180000000     MSVCRTD:MSVCR120D.dll
 0000:fffec000       .debug$S                   0000000180000000     MSVCRTD:MSVCR120D.dll
 0000:fffec000       .debug$S                   0000000180000000     MSVCRTD:MSVCR120D.dll
 0000:fffec000       .debug$S                   0000000180000000     MSVCRTD:MSVCR120D.dll
 0000:fffec000       .debug$S                   0000000180000000     MSVCRTD:MSVCR120D.dll
 0000:fffec000       .debug$S                   0000000180000000     MSVCRTD:MSVCR120D.dll
 0000:fffec000       .debug$S                   0000000180000000     MSVCRTD:MSVCR120D.dll
 0000:fffec000       .debug$S                   0000000180000000     MSVCRTD:MSVCR120D.dll
 0000:fffec000       .debug$S                   0000000180000000     MSVCRTD:MSVCR120D.dll
 0000:fffec000       .debug$S                   0000000180000000     MSVCRTD:MSVCR120D.dll
 0000:fffec000       .debug$S                   0000000180000000     MSVCRTD:MSVCR120D.dll
 0000:fffec000       .debug$S                   0000000180000000     MSVCRTD:MSVCR120D.dll
 0000:fffec000       .debug$S                   0000000180000000     MSVCRTD:MSVCR120D.dll
 0000:fffec000       .debug$S                   0000000180000000     MSVCRTD:MSVCR120D.dll
 0000:fffec000       .debug$S                   0000000180000000     MSVCRTD:MSVCR120D.dll
 0000:fffec000       .debug$S                   0000000180000000     MSVCRTD:MSVCR120D.dll
 0000:fffec000       .debug$S                   0000000180000000     MSVCRTD:MSVCR120D.dll
 0000:fffec000       .debug$S                   0000000180000000     MSVCRTD:MSVCR120D.dll
 0000:fffec000       .debug$S                   0000000180000000     MSVCRTD:MSVCR120D.dll
 0000:fffec000       .debug$S                   0000000180000000     MSVCRTD:MSVCR120D.dll
 0000:fffec000       .debug$S                   0000000180000000     MSVCRTD:MSVCR120D.dll
 0000:fffec000       .debug$S                   0000000180000000     MSVCRTD:MSVCR120D.dll
 0000:fffec000       .debug$S                   0000000180000000     MSVCRTD:MSVCR120D.dll
 0000:fffec000       .debug$S                   0000000180000000     MSVCRTD:MSVCR120D.dll
 0000:fffec000       .debug$S                   0000000180000000     MSVCRTD:MSVCR120D.dll
 0000:fffec000       .debug$S                   0000000180000000     MSVCRTD:MSVCR120D.dll
 0000:fffec000       .debug$S                   0000000180000000     MSVCRTD:MSVCR120D.dll
 0000:fffec000       .debug$S                   0000000180000000     MSVCRTD:MSVCR120D.dll
 0000:fffec000       .debug$S                   0000000180000000     MSVCRTD:MSVCR120D.dll
 0000:fffec000       .debug$S                   0000000180000000     MSVCRTD:MSVCR120D.dll
 0000:fffec000       .debug$S                   0000000180000000     MSVCRTD:MSVCR120D.dll
 0000:fffec000       .debug$S                   0000000180000000     MSVCRTD:MSVCR120D.dll
 0001:00000000       ??__EBetaFactor@@YAXXZ     0000000180001000 f   CUDAMexArrayFire2DPolarDFT.cu.obj
 0001:00000040       ??__EPostMultiplicationFactor@@YAXXZ 0000000180001040 f   CUDAMexArrayFire2DPolarDFT.cu.obj
 0001:00000080       ??__EPreMultiplicationFactor@@YAXXZ 0000000180001080 f   CUDAMexArrayFire2DPolarDFT.cu.obj
 0001:000000c0       ??__ESeq_En@@YAXXZ         00000001800010c0 f   CUDAMexArrayFire2DPolarDFT.cu.obj
 0001:00000100       ??__Eallocator_arg@std@@YAXXZ 0000000180001100 f   CUDAMexArrayFire2DPolarDFT.cu.obj
 0001:00000130       ??__Epiecewise_construct@std@@YAXXZ 0000000180001130 f   CUDAMexArrayFire2DPolarDFT.cu.obj
 0001:00000160       ?__nv_save_fatbinhandle_for_managed_rt@@YAXPEAPEAX@Z 0000000180001160 f   CUDAMexArrayFire2DPolarDFT.cu.obj
 0001:00000180       hypotf                     0000000180001180 f   CUDAMexArrayFire2DPolarDFT.cu.obj
 0001:00003ca0       ?____nv_dummy_param_ref@@YAXPEAX@Z 0000000180004ca0 f   CUDAMexArrayFire2DPolarDFT.cu.obj
 0001:00003cc0       ?__cudaUnregisterBinaryUtil@@YAXXZ 0000000180004cc0 f   CUDAMexArrayFire2DPolarDFT.cu.obj
 0001:00003d00       ?__nv_cudaEntityRegisterCallback@@YAXPEAPEAX@Z 0000000180004d00 f   CUDAMexArrayFire2DPolarDFT.cu.obj
 0001:00003d40       ?__sti____cudaRegisterAll_61_tmpxft_00001160_00000000_5_CUDAMexArrayFire2DPolarDFT_cpp1_ii_eab17064@@YAXXZ 0000000180004d40 f   CUDAMexArrayFire2DPolarDFT.cu.obj
 0001:00004110       ?DebuggerProbe@@YAHK@Z     0000000180005110 f   MSVCRTD:error.obj
 0001:00004160       ?DebuggerRuntime@@YAHKHPEAXPEB_W@Z 0000000180005160 f   MSVCRTD:error.obj
 0001:000042e0       ?_strlen_priv@@YA_KPEBD@Z  00000001800052e0 f   MSVCRTD:error.obj
 0001:00004300       ?failwithmessage@@YAXPEAXHHPEBD@Z 0000000180005300 f   MSVCRTD:error.obj
 0001:00004740       $$000000                   0000000180005740     MSVCRTD:amdsecgs.obj
 0001:00004800       pre_c_init                 0000000180005800 f   MSVCRTD:crtdll.obj
 0001:00004c90       __DllMainCRTStartup        0000000180005c90 f   MSVCRTD:crtdll.obj
 0001:00004e40       ?GetPdbDll@@YAPEAUHINSTANCE__@@XZ 0000000180005e40 f   MSVCRTD:pdblkup.obj
 0001:00004f90       ?GetPdbDllFromInstallPath@@YAPEAUHINSTANCE__@@XZ 0000000180005f90 f   MSVCRTD:pdblkup.obj
 0001:000051f0       ?GetPdbDllPathFromFilePath@@YAHPEB_WPEA_W_K@Z 00000001800061f0 f   MSVCRTD:pdblkup.obj
 0001:000059a0       ?ArrayUnwindFilter@@YAHPEAU_EXCEPTION_POINTERS@@@Z 00000001800069a0 f   MSVCRTD:ehvecdtr.obj
 0001:00005e50       mexFunction$dtor$0         0000000180006e50 f   CUDAMexArrayFire2DPolarDFT.cu.obj
 0001:00005e77       mexFunction$dtor$1         0000000180006e77 f   CUDAMexArrayFire2DPolarDFT.cu.obj
 0001:00005e9e       mexFunction$dtor$2         0000000180006e9e f   CUDAMexArrayFire2DPolarDFT.cu.obj
 0001:00005ec5       mexFunction$dtor$3         0000000180006ec5 f   CUDAMexArrayFire2DPolarDFT.cu.obj
 0001:00005eec       mexFunction$dtor$4         0000000180006eec f   CUDAMexArrayFire2DPolarDFT.cu.obj
 0001:00005f13       mexFunction$dtor$5         0000000180006f13 f   CUDAMexArrayFire2DPolarDFT.cu.obj
 0001:00005f3a       mexFunction$dtor$6         0000000180006f3a f   CUDAMexArrayFire2DPolarDFT.cu.obj
 0001:00005f61       mexFunction$dtor$7         0000000180006f61 f   CUDAMexArrayFire2DPolarDFT.cu.obj
 0001:00005f88       mexFunction$dtor$8         0000000180006f88 f   CUDAMexArrayFire2DPolarDFT.cu.obj
 0001:00005faf       mexFunction$dtor$9         0000000180006faf f   CUDAMexArrayFire2DPolarDFT.cu.obj
 0001:00005fd6       mexFunction$dtor$10        0000000180006fd6 f   CUDAMexArrayFire2DPolarDFT.cu.obj
 0001:00005ffd       mexFunction$dtor$11        0000000180006ffd f   CUDAMexArrayFire2DPolarDFT.cu.obj
 0001:00006024       mexFunction$dtor$12        0000000180007024 f   CUDAMexArrayFire2DPolarDFT.cu.obj
 0001:0000604b       mexFunction$dtor$13        000000018000704b f   CUDAMexArrayFire2DPolarDFT.cu.obj
 0001:00006072       mexFunction$dtor$14        0000000180007072 f   CUDAMexArrayFire2DPolarDFT.cu.obj
 0001:00006099       mexFunction$dtor$15        0000000180007099 f   CUDAMexArrayFire2DPolarDFT.cu.obj
 0001:000060c0       mexFunction$dtor$16        00000001800070c0 f   CUDAMexArrayFire2DPolarDFT.cu.obj
 0001:000060e7       mexFunction$dtor$17        00000001800070e7 f   CUDAMexArrayFire2DPolarDFT.cu.obj
 0001:0000610e       mexFunction$dtor$18        000000018000710e f   CUDAMexArrayFire2DPolarDFT.cu.obj
 0001:00006135       mexFunction$dtor$19        0000000180007135 f   CUDAMexArrayFire2DPolarDFT.cu.obj
 0001:0000615c       mexFunction$dtor$20        000000018000715c f   CUDAMexArrayFire2DPolarDFT.cu.obj
 0001:00006183       mexFunction$dtor$21        0000000180007183 f   CUDAMexArrayFire2DPolarDFT.cu.obj
 0001:000061aa       mexFunction$dtor$22        00000001800071aa f   CUDAMexArrayFire2DPolarDFT.cu.obj
 0001:000061d1       mexFunction$dtor$23        00000001800071d1 f   CUDAMexArrayFire2DPolarDFT.cu.obj
 0001:000061f8       mexFunction$dtor$24        00000001800071f8 f   CUDAMexArrayFire2DPolarDFT.cu.obj
 0001:0000621f       mexFunction$dtor$25        000000018000721f f   CUDAMexArrayFire2DPolarDFT.cu.obj
 0001:00006246       mexFunction$dtor$26        0000000180007246 f   CUDAMexArrayFire2DPolarDFT.cu.obj
 0001:0000626d       mexFunction$dtor$27        000000018000726d f   CUDAMexArrayFire2DPolarDFT.cu.obj
 0001:00006294       mexFunction$dtor$28        0000000180007294 f   CUDAMexArrayFire2DPolarDFT.cu.obj
 0001:000062bb       mexFunction$dtor$29        00000001800072bb f   CUDAMexArrayFire2DPolarDFT.cu.obj
 0001:000062e2       mexFunction$dtor$30        00000001800072e2 f   CUDAMexArrayFire2DPolarDFT.cu.obj
 0001:00006309       mexFunction$dtor$31        0000000180007309 f   CUDAMexArrayFire2DPolarDFT.cu.obj
 0001:00006330       mexFunction$dtor$32        0000000180007330 f   CUDAMexArrayFire2DPolarDFT.cu.obj
 0001:00006357       mexFunction$dtor$33        0000000180007357 f   CUDAMexArrayFire2DPolarDFT.cu.obj
 0001:0000637e       mexFunction$dtor$34        000000018000737e f   CUDAMexArrayFire2DPolarDFT.cu.obj
 0001:000063a5       mexFunction$dtor$35        00000001800073a5 f   CUDAMexArrayFire2DPolarDFT.cu.obj
 0001:000063cc       mexFunction$dtor$36        00000001800073cc f   CUDAMexArrayFire2DPolarDFT.cu.obj
 0001:000063f3       mexFunction$dtor$37        00000001800073f3 f   CUDAMexArrayFire2DPolarDFT.cu.obj
 0001:0000641a       mexFunction$dtor$38        000000018000741a f   CUDAMexArrayFire2DPolarDFT.cu.obj
 0001:00006441       mexFunction$dtor$39        0000000180007441 f   CUDAMexArrayFire2DPolarDFT.cu.obj
 0001:00006468       mexFunction$dtor$40        0000000180007468 f   CUDAMexArrayFire2DPolarDFT.cu.obj
 0001:0000648f       mexFunction$dtor$41        000000018000748f f   CUDAMexArrayFire2DPolarDFT.cu.obj
 0001:000064b6       mexFunction$dtor$42        00000001800074b6 f   CUDAMexArrayFire2DPolarDFT.cu.obj
 0001:000064dd       mexFunction$dtor$43        00000001800074dd f   CUDAMexArrayFire2DPolarDFT.cu.obj
 0001:00006504       mexFunction$dtor$44        0000000180007504 f   CUDAMexArrayFire2DPolarDFT.cu.obj
 0001:0000652b       mexFunction$dtor$45        000000018000752b f   CUDAMexArrayFire2DPolarDFT.cu.obj
 0001:00006552       mexFunction$dtor$46        0000000180007552 f   CUDAMexArrayFire2DPolarDFT.cu.obj
 0001:00006579       mexFunction$dtor$47        0000000180007579 f   CUDAMexArrayFire2DPolarDFT.cu.obj
 0001:000065a0       mexFunction$dtor$48        00000001800075a0 f   CUDAMexArrayFire2DPolarDFT.cu.obj
 0001:000065c7       mexFunction$dtor$49        00000001800075c7 f   CUDAMexArrayFire2DPolarDFT.cu.obj
 0001:000065ee       mexFunction$dtor$50        00000001800075ee f   CUDAMexArrayFire2DPolarDFT.cu.obj
 0001:00006615       mexFunction$dtor$51        0000000180007615 f   CUDAMexArrayFire2DPolarDFT.cu.obj
 0001:0000663c       mexFunction$dtor$52        000000018000763c f   CUDAMexArrayFire2DPolarDFT.cu.obj
 0001:00006663       mexFunction$dtor$53        0000000180007663 f   CUDAMexArrayFire2DPolarDFT.cu.obj
 0001:0000668a       mexFunction$dtor$54        000000018000768a f   CUDAMexArrayFire2DPolarDFT.cu.obj
 0001:000066b1       mexFunction$dtor$55        00000001800076b1 f   CUDAMexArrayFire2DPolarDFT.cu.obj
 0001:000066d8       mexFunction$dtor$56        00000001800076d8 f   CUDAMexArrayFire2DPolarDFT.cu.obj
 0001:000066ff       mexFunction$dtor$57        00000001800076ff f   CUDAMexArrayFire2DPolarDFT.cu.obj
 0001:00006726       mexFunction$dtor$58        0000000180007726 f   CUDAMexArrayFire2DPolarDFT.cu.obj
 0001:0000674d       mexFunction$dtor$59        000000018000774d f   CUDAMexArrayFire2DPolarDFT.cu.obj
 0001:00006774       mexFunction$dtor$60        0000000180007774 f   CUDAMexArrayFire2DPolarDFT.cu.obj
 0001:0000679b       mexFunction$dtor$61        000000018000779b f   CUDAMexArrayFire2DPolarDFT.cu.obj
 0001:000067c2       mexFunction$dtor$62        00000001800077c2 f   CUDAMexArrayFire2DPolarDFT.cu.obj
 0001:000067e9       mexFunction$dtor$63        00000001800077e9 f   CUDAMexArrayFire2DPolarDFT.cu.obj
 0001:00006810       mexFunction$dtor$64        0000000180007810 f   CUDAMexArrayFire2DPolarDFT.cu.obj
 0001:00006837       mexFunction$dtor$65        0000000180007837 f   CUDAMexArrayFire2DPolarDFT.cu.obj
 0001:0000685e       mexFunction$dtor$66        000000018000785e f   CUDAMexArrayFire2DPolarDFT.cu.obj
 0001:00006885       mexFunction$dtor$67        0000000180007885 f   CUDAMexArrayFire2DPolarDFT.cu.obj
 0001:000068ac       mexFunction$dtor$68        00000001800078ac f   CUDAMexArrayFire2DPolarDFT.cu.obj
 0001:000068d3       mexFunction$dtor$69        00000001800078d3 f   CUDAMexArrayFire2DPolarDFT.cu.obj
 0001:000068fa       mexFunction$dtor$70        00000001800078fa f   CUDAMexArrayFire2DPolarDFT.cu.obj
 0001:00006921       mexFunction$dtor$71        0000000180007921 f   CUDAMexArrayFire2DPolarDFT.cu.obj
 0001:00006948       mexFunction$dtor$72        0000000180007948 f   CUDAMexArrayFire2DPolarDFT.cu.obj
 0001:0000696f       mexFunction$dtor$73        000000018000796f f   CUDAMexArrayFire2DPolarDFT.cu.obj
 0001:00006996       mexFunction$dtor$74        0000000180007996 f   CUDAMexArrayFire2DPolarDFT.cu.obj
 0001:000069bd       mexFunction$dtor$75        00000001800079bd f   CUDAMexArrayFire2DPolarDFT.cu.obj
 0001:000069e4       mexFunction$dtor$76        00000001800079e4 f   CUDAMexArrayFire2DPolarDFT.cu.obj
 0001:00006a0b       mexFunction$dtor$77        0000000180007a0b f   CUDAMexArrayFire2DPolarDFT.cu.obj
 0001:00006a32       mexFunction$dtor$78        0000000180007a32 f   CUDAMexArrayFire2DPolarDFT.cu.obj
 0001:00006a59       mexFunction$dtor$79        0000000180007a59 f   CUDAMexArrayFire2DPolarDFT.cu.obj
 0001:00006a80       mexFunction$dtor$80        0000000180007a80 f   CUDAMexArrayFire2DPolarDFT.cu.obj
 0001:00006aa7       mexFunction$dtor$81        0000000180007aa7 f   CUDAMexArrayFire2DPolarDFT.cu.obj
 0001:00006ace       mexFunction$catch$0        0000000180007ace f   CUDAMexArrayFire2DPolarDFT.cu.obj
 0001:00006ae1       __catch$mexFunction$0      0000000180007ae1 f   CUDAMexArrayFire2DPolarDFT.cu.obj
 0001:00006b14       ?dtor$0@?0??cexp@@YA?AVarray@af@@AEBV12@@Z@4HA 0000000180007b14 f   CUDAMexArrayFire2DPolarDFT.cu.obj
 0001:00006b49       ?dtor$1@?0??cexp@@YA?AVarray@af@@AEBV12@@Z@4HA 0000000180007b49 f   CUDAMexArrayFire2DPolarDFT.cu.obj
 0001:00006b6d       ?dtor$2@?0??cexp@@YA?AVarray@af@@AEBV12@@Z@4HA 0000000180007b6d f   CUDAMexArrayFire2DPolarDFT.cu.obj
 0001:00006b91       ?dtor$3@?0??cexp@@YA?AVarray@af@@AEBV12@@Z@4HA 0000000180007b91 f   CUDAMexArrayFire2DPolarDFT.cu.obj
 0001:00006bb5       ?dtor$4@?0??cexp@@YA?AVarray@af@@AEBV12@@Z@4HA 0000000180007bb5 f   CUDAMexArrayFire2DPolarDFT.cu.obj
 0001:00006bd9       ?dtor$5@?0??cexp@@YA?AVarray@af@@AEBV12@@Z@4HA 0000000180007bd9 f   CUDAMexArrayFire2DPolarDFT.cu.obj
 0001:00006bfd       ?dtor$6@?0??cexp@@YA?AVarray@af@@AEBV12@@Z@4HA 0000000180007bfd f   CUDAMexArrayFire2DPolarDFT.cu.obj
 0001:00006c21       ?dtor$7@?0??cexp@@YA?AVarray@af@@AEBV12@@Z@4HA 0000000180007c21 f   CUDAMexArrayFire2DPolarDFT.cu.obj
 0001:00006c45       ?dtor$0@?0??SplitMultiplyComplex@@YAXAEAVarray@af@@00000@Z@4HA 0000000180007c45 f   CUDAMexArrayFire2DPolarDFT.cu.obj
 0001:00006c69       ?dtor$1@?0??SplitMultiplyComplex@@YAXAEAVarray@af@@00000@Z@4HA 0000000180007c69 f   CUDAMexArrayFire2DPolarDFT.cu.obj
 0001:00006c8d       ?dtor$2@?0??SplitMultiplyComplex@@YAXAEAVarray@af@@00000@Z@4HA 0000000180007c8d f   CUDAMexArrayFire2DPolarDFT.cu.obj
 0001:00006cb1       ?dtor$3@?0??SplitMultiplyComplex@@YAXAEAVarray@af@@00000@Z@4HA 0000000180007cb1 f   CUDAMexArrayFire2DPolarDFT.cu.obj
 0001:00006cd5       ?dtor$4@?0??SplitMultiplyComplex@@YAXAEAVarray@af@@00000@Z@4HA 0000000180007cd5 f   CUDAMexArrayFire2DPolarDFT.cu.obj
 0001:00006cf9       ?dtor$5@?0??SplitMultiplyComplex@@YAXAEAVarray@af@@00000@Z@4HA 0000000180007cf9 f   CUDAMexArrayFire2DPolarDFT.cu.obj
 0001:00006d1d       ?dtor$6@?0??SplitMultiplyComplex@@YAXAEAVarray@af@@00000@Z@4HA 0000000180007d1d f   CUDAMexArrayFire2DPolarDFT.cu.obj
 0001:00006d41       ?dtor$7@?0??SplitMultiplyComplex@@YAXAEAVarray@af@@00000@Z@4HA 0000000180007d41 f   CUDAMexArrayFire2DPolarDFT.cu.obj
 0001:00006d65       ?dtor$8@?0??SplitMultiplyComplex@@YAXAEAVarray@af@@00000@Z@4HA 0000000180007d65 f   CUDAMexArrayFire2DPolarDFT.cu.obj
 0001:00006d89       ?dtor$9@?0??SplitMultiplyComplex@@YAXAEAVarray@af@@00000@Z@4HA 0000000180007d89 f   CUDAMexArrayFire2DPolarDFT.cu.obj
 0001:00006dad       ?dtor$10@?0??SplitMultiplyComplex@@YAXAEAVarray@af@@00000@Z@4HA 0000000180007dad f   CUDAMexArrayFire2DPolarDFT.cu.obj
 0001:00006dd1       ?dtor$11@?0??SplitMultiplyComplex@@YAXAEAVarray@af@@00000@Z@4HA 0000000180007dd1 f   CUDAMexArrayFire2DPolarDFT.cu.obj
 0001:00006df5       ?dtor$0@?0??Compute2DColumnwise_FrFTUniform@@YA?AVarray@af@@AEAV12@0AEAH1@Z@4HA 0000000180007df5 f   CUDAMexArrayFire2DPolarDFT.cu.obj
 0001:00006e19       ?dtor$1@?0??Compute2DColumnwise_FrFTUniform@@YA?AVarray@af@@AEAV12@0AEAH1@Z@4HA 0000000180007e19 f   CUDAMexArrayFire2DPolarDFT.cu.obj
 0001:00006e3d       ?dtor$2@?0??Compute2DColumnwise_FrFTUniform@@YA?AVarray@af@@AEAV12@0AEAH1@Z@4HA 0000000180007e3d f   CUDAMexArrayFire2DPolarDFT.cu.obj
 0001:00006e61       ?dtor$3@?0??Compute2DColumnwise_FrFTUniform@@YA?AVarray@af@@AEAV12@0AEAH1@Z@4HA 0000000180007e61 f   CUDAMexArrayFire2DPolarDFT.cu.obj
 0001:00006e88       ?dtor$4@?0??Compute2DColumnwise_FrFTUniform@@YA?AVarray@af@@AEAV12@0AEAH1@Z@4HA 0000000180007e88 f   CUDAMexArrayFire2DPolarDFT.cu.obj
 0001:00006eaf       ?dtor$5@?0??Compute2DColumnwise_FrFTUniform@@YA?AVarray@af@@AEAV12@0AEAH1@Z@4HA 0000000180007eaf f   CUDAMexArrayFire2DPolarDFT.cu.obj
 0001:00006ed6       ?dtor$6@?0??Compute2DColumnwise_FrFTUniform@@YA?AVarray@af@@AEAV12@0AEAH1@Z@4HA 0000000180007ed6 f   CUDAMexArrayFire2DPolarDFT.cu.obj
 0001:00006efd       ?dtor$7@?0??Compute2DColumnwise_FrFTUniform@@YA?AVarray@af@@AEAV12@0AEAH1@Z@4HA 0000000180007efd f   CUDAMexArrayFire2DPolarDFT.cu.obj
 0001:00006f24       ?dtor$8@?0??Compute2DColumnwise_FrFTUniform@@YA?AVarray@af@@AEAV12@0AEAH1@Z@4HA 0000000180007f24 f   CUDAMexArrayFire2DPolarDFT.cu.obj
 0001:00006f4b       ?dtor$9@?0??Compute2DColumnwise_FrFTUniform@@YA?AVarray@af@@AEAV12@0AEAH1@Z@4HA 0000000180007f4b f   CUDAMexArrayFire2DPolarDFT.cu.obj
 0001:00006f72       ?dtor$10@?0??Compute2DColumnwise_FrFTUniform@@YA?AVarray@af@@AEAV12@0AEAH1@Z@4HA 0000000180007f72 f   CUDAMexArrayFire2DPolarDFT.cu.obj
 0001:00006f99       ?dtor$11@?0??Compute2DColumnwise_FrFTUniform@@YA?AVarray@af@@AEAV12@0AEAH1@Z@4HA 0000000180007f99 f   CUDAMexArrayFire2DPolarDFT.cu.obj
 0001:00006fc0       ?dtor$12@?0??Compute2DColumnwise_FrFTUniform@@YA?AVarray@af@@AEAV12@0AEAH1@Z@4HA 0000000180007fc0 f   CUDAMexArrayFire2DPolarDFT.cu.obj
 0001:00006fe7       ?dtor$13@?0??Compute2DColumnwise_FrFTUniform@@YA?AVarray@af@@AEAV12@0AEAH1@Z@4HA 0000000180007fe7 f   CUDAMexArrayFire2DPolarDFT.cu.obj
 0001:0000700e       ?dtor$14@?0??Compute2DColumnwise_FrFTUniform@@YA?AVarray@af@@AEAV12@0AEAH1@Z@4HA 000000018000800e f   CUDAMexArrayFire2DPolarDFT.cu.obj
 0001:00007035       ?dtor$15@?0??Compute2DColumnwise_FrFTUniform@@YA?AVarray@af@@AEAV12@0AEAH1@Z@4HA 0000000180008035 f   CUDAMexArrayFire2DPolarDFT.cu.obj
 0001:0000705c       ?dtor$16@?0??Compute2DColumnwise_FrFTUniform@@YA?AVarray@af@@AEAV12@0AEAH1@Z@4HA 000000018000805c f   CUDAMexArrayFire2DPolarDFT.cu.obj
 0001:00007083       ?dtor$17@?0??Compute2DColumnwise_FrFTUniform@@YA?AVarray@af@@AEAV12@0AEAH1@Z@4HA 0000000180008083 f   CUDAMexArrayFire2DPolarDFT.cu.obj
 0001:000070aa       ?dtor$18@?0??Compute2DColumnwise_FrFTUniform@@YA?AVarray@af@@AEAV12@0AEAH1@Z@4HA 00000001800080aa f   CUDAMexArrayFire2DPolarDFT.cu.obj
 0001:000070d1       ?dtor$19@?0??Compute2DColumnwise_FrFTUniform@@YA?AVarray@af@@AEAV12@0AEAH1@Z@4HA 00000001800080d1 f   CUDAMexArrayFire2DPolarDFT.cu.obj
 0001:000070f8       ?dtor$20@?0??Compute2DColumnwise_FrFTUniform@@YA?AVarray@af@@AEAV12@0AEAH1@Z@4HA 00000001800080f8 f   CUDAMexArrayFire2DPolarDFT.cu.obj
 0001:0000711f       ?dtor$21@?0??Compute2DColumnwise_FrFTUniform@@YA?AVarray@af@@AEAV12@0AEAH1@Z@4HA 000000018000811f f   CUDAMexArrayFire2DPolarDFT.cu.obj
 0001:00007146       ?dtor$22@?0??Compute2DColumnwise_FrFTUniform@@YA?AVarray@af@@AEAV12@0AEAH1@Z@4HA 0000000180008146 f   CUDAMexArrayFire2DPolarDFT.cu.obj
 0001:0000716d       ?dtor$23@?0??Compute2DColumnwise_FrFTUniform@@YA?AVarray@af@@AEAV12@0AEAH1@Z@4HA 000000018000816d f   CUDAMexArrayFire2DPolarDFT.cu.obj
 0001:00007194       ?dtor$24@?0??Compute2DColumnwise_FrFTUniform@@YA?AVarray@af@@AEAV12@0AEAH1@Z@4HA 0000000180008194 f   CUDAMexArrayFire2DPolarDFT.cu.obj
 0001:000071bb       ?dtor$25@?0??Compute2DColumnwise_FrFTUniform@@YA?AVarray@af@@AEAV12@0AEAH1@Z@4HA 00000001800081bb f   CUDAMexArrayFire2DPolarDFT.cu.obj
 0001:000071e2       ?dtor$26@?0??Compute2DColumnwise_FrFTUniform@@YA?AVarray@af@@AEAV12@0AEAH1@Z@4HA 00000001800081e2 f   CUDAMexArrayFire2DPolarDFT.cu.obj
 0001:00007209       ?dtor$27@?0??Compute2DColumnwise_FrFTUniform@@YA?AVarray@af@@AEAV12@0AEAH1@Z@4HA 0000000180008209 f   CUDAMexArrayFire2DPolarDFT.cu.obj
 0001:00007230       ?dtor$28@?0??Compute2DColumnwise_FrFTUniform@@YA?AVarray@af@@AEAV12@0AEAH1@Z@4HA 0000000180008230 f   CUDAMexArrayFire2DPolarDFT.cu.obj
 0001:00007257       ?dtor$29@?0??Compute2DColumnwise_FrFTUniform@@YA?AVarray@af@@AEAV12@0AEAH1@Z@4HA 0000000180008257 f   CUDAMexArrayFire2DPolarDFT.cu.obj
 0001:0000727e       ?dtor$30@?0??Compute2DColumnwise_FrFTUniform@@YA?AVarray@af@@AEAV12@0AEAH1@Z@4HA 000000018000827e f   CUDAMexArrayFire2DPolarDFT.cu.obj
 0001:000072a5       ?dtor$31@?0??Compute2DColumnwise_FrFTUniform@@YA?AVarray@af@@AEAV12@0AEAH1@Z@4HA 00000001800082a5 f   CUDAMexArrayFire2DPolarDFT.cu.obj
 0001:000072cc       ?dtor$32@?0??Compute2DColumnwise_FrFTUniform@@YA?AVarray@af@@AEAV12@0AEAH1@Z@4HA 00000001800082cc f   CUDAMexArrayFire2DPolarDFT.cu.obj
 0001:000072f3       ?dtor$33@?0??Compute2DColumnwise_FrFTUniform@@YA?AVarray@af@@AEAV12@0AEAH1@Z@4HA 00000001800082f3 f   CUDAMexArrayFire2DPolarDFT.cu.obj
 0001:0000731a       ?dtor$34@?0??Compute2DColumnwise_FrFTUniform@@YA?AVarray@af@@AEAV12@0AEAH1@Z@4HA 000000018000831a f   CUDAMexArrayFire2DPolarDFT.cu.obj
 0001:00007341       ?dtor$35@?0??Compute2DColumnwise_FrFTUniform@@YA?AVarray@af@@AEAV12@0AEAH1@Z@4HA 0000000180008341 f   CUDAMexArrayFire2DPolarDFT.cu.obj
 0001:00007368       ?dtor$36@?0??Compute2DColumnwise_FrFTUniform@@YA?AVarray@af@@AEAV12@0AEAH1@Z@4HA 0000000180008368 f   CUDAMexArrayFire2DPolarDFT.cu.obj
 0001:0000738f       ?dtor$37@?0??Compute2DColumnwise_FrFTUniform@@YA?AVarray@af@@AEAV12@0AEAH1@Z@4HA 000000018000838f f   CUDAMexArrayFire2DPolarDFT.cu.obj
 0001:000073b6       ?dtor$38@?0??Compute2DColumnwise_FrFTUniform@@YA?AVarray@af@@AEAV12@0AEAH1@Z@4HA 00000001800083b6 f   CUDAMexArrayFire2DPolarDFT.cu.obj
 0001:000073dd       ?dtor$39@?0??Compute2DColumnwise_FrFTUniform@@YA?AVarray@af@@AEAV12@0AEAH1@Z@4HA 00000001800083dd f   CUDAMexArrayFire2DPolarDFT.cu.obj
 0001:00007404       ?dtor$40@?0??Compute2DColumnwise_FrFTUniform@@YA?AVarray@af@@AEAV12@0AEAH1@Z@4HA 0000000180008404 f   CUDAMexArrayFire2DPolarDFT.cu.obj
 0001:0000742b       ?dtor$41@?0??Compute2DColumnwise_FrFTUniform@@YA?AVarray@af@@AEAV12@0AEAH1@Z@4HA 000000018000842b f   CUDAMexArrayFire2DPolarDFT.cu.obj
 0001:00007452       ?dtor$42@?0??Compute2DColumnwise_FrFTUniform@@YA?AVarray@af@@AEAV12@0AEAH1@Z@4HA 0000000180008452 f   CUDAMexArrayFire2DPolarDFT.cu.obj
 0001:00007479       ?dtor$43@?0??Compute2DColumnwise_FrFTUniform@@YA?AVarray@af@@AEAV12@0AEAH1@Z@4HA 0000000180008479 f   CUDAMexArrayFire2DPolarDFT.cu.obj
 0001:000074a0       ?dtor$44@?0??Compute2DColumnwise_FrFTUniform@@YA?AVarray@af@@AEAV12@0AEAH1@Z@4HA 00000001800084a0 f   CUDAMexArrayFire2DPolarDFT.cu.obj
 0001:000074c7       ?dtor$45@?0??Compute2DColumnwise_FrFTUniform@@YA?AVarray@af@@AEAV12@0AEAH1@Z@4HA 00000001800084c7 f   CUDAMexArrayFire2DPolarDFT.cu.obj
 0001:000074ee       ?dtor$46@?0??Compute2DColumnwise_FrFTUniform@@YA?AVarray@af@@AEAV12@0AEAH1@Z@4HA 00000001800084ee f   CUDAMexArrayFire2DPolarDFT.cu.obj
 0001:00007515       ?dtor$47@?0??Compute2DColumnwise_FrFTUniform@@YA?AVarray@af@@AEAV12@0AEAH1@Z@4HA 0000000180008515 f   CUDAMexArrayFire2DPolarDFT.cu.obj
 0001:0000753c       ?dtor$48@?0??Compute2DColumnwise_FrFTUniform@@YA?AVarray@af@@AEAV12@0AEAH1@Z@4HA 000000018000853c f   CUDAMexArrayFire2DPolarDFT.cu.obj
 0001:00007563       ?dtor$49@?0??Compute2DColumnwise_FrFTUniform@@YA?AVarray@af@@AEAV12@0AEAH1@Z@4HA 0000000180008563 f   CUDAMexArrayFire2DPolarDFT.cu.obj
 0001:0000758a       ?dtor$50@?0??Compute2DColumnwise_FrFTUniform@@YA?AVarray@af@@AEAV12@0AEAH1@Z@4HA 000000018000858a f   CUDAMexArrayFire2DPolarDFT.cu.obj
 0001:000075b1       ?dtor$51@?0??Compute2DColumnwise_FrFTUniform@@YA?AVarray@af@@AEAV12@0AEAH1@Z@4HA 00000001800085b1 f   CUDAMexArrayFire2DPolarDFT.cu.obj
 0001:000075d8       ?dtor$52@?0??Compute2DColumnwise_FrFTUniform@@YA?AVarray@af@@AEAV12@0AEAH1@Z@4HA 00000001800085d8 f   CUDAMexArrayFire2DPolarDFT.cu.obj
 0001:000075ff       ?dtor$53@?0??Compute2DColumnwise_FrFTUniform@@YA?AVarray@af@@AEAV12@0AEAH1@Z@4HA 00000001800085ff f   CUDAMexArrayFire2DPolarDFT.cu.obj
 0001:00007626       ?dtor$54@?0??Compute2DColumnwise_FrFTUniform@@YA?AVarray@af@@AEAV12@0AEAH1@Z@4HA 0000000180008626 f   CUDAMexArrayFire2DPolarDFT.cu.obj
 0001:0000764d       ?dtor$55@?0??Compute2DColumnwise_FrFTUniform@@YA?AVarray@af@@AEAV12@0AEAH1@Z@4HA 000000018000864d f   CUDAMexArrayFire2DPolarDFT.cu.obj
 0001:00007674       ?dtor$56@?0??Compute2DColumnwise_FrFTUniform@@YA?AVarray@af@@AEAV12@0AEAH1@Z@4HA 0000000180008674 f   CUDAMexArrayFire2DPolarDFT.cu.obj
 0001:0000769b       ?dtor$57@?0??Compute2DColumnwise_FrFTUniform@@YA?AVarray@af@@AEAV12@0AEAH1@Z@4HA 000000018000869b f   CUDAMexArrayFire2DPolarDFT.cu.obj
 0001:000076c2       ?dtor$58@?0??Compute2DColumnwise_FrFTUniform@@YA?AVarray@af@@AEAV12@0AEAH1@Z@4HA 00000001800086c2 f   CUDAMexArrayFire2DPolarDFT.cu.obj
 0001:000076e9       ?dtor$59@?0??Compute2DColumnwise_FrFTUniform@@YA?AVarray@af@@AEAV12@0AEAH1@Z@4HA 00000001800086e9 f   CUDAMexArrayFire2DPolarDFT.cu.obj
 0001:00007710       ?dtor$60@?0??Compute2DColumnwise_FrFTUniform@@YA?AVarray@af@@AEAV12@0AEAH1@Z@4HA 0000000180008710 f   CUDAMexArrayFire2DPolarDFT.cu.obj
 0001:0000774b       ?dtor$0@?0??Compute2DComplementaryLines_FrFTVariableScales@@YAXAEAVarray@af@@000HH@Z@4HA 000000018000874b f   CUDAMexArrayFire2DPolarDFT.cu.obj
 0001:0000776f       ?dtor$1@?0??Compute2DComplementaryLines_FrFTVariableScales@@YAXAEAVarray@af@@000HH@Z@4HA 000000018000876f f   CUDAMexArrayFire2DPolarDFT.cu.obj
 0001:00007796       ?dtor$2@?0??Compute2DComplementaryLines_FrFTVariableScales@@YAXAEAVarray@af@@000HH@Z@4HA 0000000180008796 f   CUDAMexArrayFire2DPolarDFT.cu.obj
 0001:000077bd       ?dtor$3@?0??Compute2DComplementaryLines_FrFTVariableScales@@YAXAEAVarray@af@@000HH@Z@4HA 00000001800087bd f   CUDAMexArrayFire2DPolarDFT.cu.obj
 0001:000077e1       ?dtor$4@?0??Compute2DComplementaryLines_FrFTVariableScales@@YAXAEAVarray@af@@000HH@Z@4HA 00000001800087e1 f   CUDAMexArrayFire2DPolarDFT.cu.obj
 0001:00007808       ?dtor$5@?0??Compute2DComplementaryLines_FrFTVariableScales@@YAXAEAVarray@af@@000HH@Z@4HA 0000000180008808 f   CUDAMexArrayFire2DPolarDFT.cu.obj
 0001:0000782f       ?dtor$6@?0??Compute2DComplementaryLines_FrFTVariableScales@@YAXAEAVarray@af@@000HH@Z@4HA 000000018000882f f   CUDAMexArrayFire2DPolarDFT.cu.obj
 0001:00007856       ?dtor$7@?0??Compute2DComplementaryLines_FrFTVariableScales@@YAXAEAVarray@af@@000HH@Z@4HA 0000000180008856 f   CUDAMexArrayFire2DPolarDFT.cu.obj
 0001:0000787d       ?dtor$8@?0??Compute2DComplementaryLines_FrFTVariableScales@@YAXAEAVarray@af@@000HH@Z@4HA 000000018000887d f   CUDAMexArrayFire2DPolarDFT.cu.obj
 0001:000078a4       ?dtor$9@?0??Compute2DComplementaryLines_FrFTVariableScales@@YAXAEAVarray@af@@000HH@Z@4HA 00000001800088a4 f   CUDAMexArrayFire2DPolarDFT.cu.obj
 0001:000078cb       ?dtor$10@?0??Compute2DComplementaryLines_FrFTVariableScales@@YAXAEAVarray@af@@000HH@Z@4HA 00000001800088cb f   CUDAMexArrayFire2DPolarDFT.cu.obj
 0001:000078f2       ?dtor$11@?0??Compute2DComplementaryLines_FrFTVariableScales@@YAXAEAVarray@af@@000HH@Z@4HA 00000001800088f2 f   CUDAMexArrayFire2DPolarDFT.cu.obj
 0001:00007919       ?dtor$12@?0??Compute2DComplementaryLines_FrFTVariableScales@@YAXAEAVarray@af@@000HH@Z@4HA 0000000180008919 f   CUDAMexArrayFire2DPolarDFT.cu.obj
 0001:00007940       ?dtor$13@?0??Compute2DComplementaryLines_FrFTVariableScales@@YAXAEAVarray@af@@000HH@Z@4HA 0000000180008940 f   CUDAMexArrayFire2DPolarDFT.cu.obj
 0001:00007967       ?dtor$14@?0??Compute2DComplementaryLines_FrFTVariableScales@@YAXAEAVarray@af@@000HH@Z@4HA 0000000180008967 f   CUDAMexArrayFire2DPolarDFT.cu.obj
 0001:0000798e       ?dtor$15@?0??Compute2DComplementaryLines_FrFTVariableScales@@YAXAEAVarray@af@@000HH@Z@4HA 000000018000898e f   CUDAMexArrayFire2DPolarDFT.cu.obj
 0001:000079b5       ?dtor$16@?0??Compute2DComplementaryLines_FrFTVariableScales@@YAXAEAVarray@af@@000HH@Z@4HA 00000001800089b5 f   CUDAMexArrayFire2DPolarDFT.cu.obj
 0001:000079dc       ?dtor$17@?0??Compute2DComplementaryLines_FrFTVariableScales@@YAXAEAVarray@af@@000HH@Z@4HA 00000001800089dc f   CUDAMexArrayFire2DPolarDFT.cu.obj
 0001:00007a03       ?dtor$18@?0??Compute2DComplementaryLines_FrFTVariableScales@@YAXAEAVarray@af@@000HH@Z@4HA 0000000180008a03 f   CUDAMexArrayFire2DPolarDFT.cu.obj
 0001:00007a2a       ?dtor$19@?0??Compute2DComplementaryLines_FrFTVariableScales@@YAXAEAVarray@af@@000HH@Z@4HA 0000000180008a2a f   CUDAMexArrayFire2DPolarDFT.cu.obj
 0001:00007a51       ?dtor$20@?0??Compute2DComplementaryLines_FrFTVariableScales@@YAXAEAVarray@af@@000HH@Z@4HA 0000000180008a51 f   CUDAMexArrayFire2DPolarDFT.cu.obj
 0001:00007a78       ?dtor$21@?0??Compute2DComplementaryLines_FrFTVariableScales@@YAXAEAVarray@af@@000HH@Z@4HA 0000000180008a78 f   CUDAMexArrayFire2DPolarDFT.cu.obj
 0001:00007a9f       ?dtor$22@?0??Compute2DComplementaryLines_FrFTVariableScales@@YAXAEAVarray@af@@000HH@Z@4HA 0000000180008a9f f   CUDAMexArrayFire2DPolarDFT.cu.obj
 0001:00007ac6       ?dtor$23@?0??Compute2DComplementaryLines_FrFTVariableScales@@YAXAEAVarray@af@@000HH@Z@4HA 0000000180008ac6 f   CUDAMexArrayFire2DPolarDFT.cu.obj
 0001:00007aed       ?dtor$24@?0??Compute2DComplementaryLines_FrFTVariableScales@@YAXAEAVarray@af@@000HH@Z@4HA 0000000180008aed f   CUDAMexArrayFire2DPolarDFT.cu.obj
 0001:00007b14       ?dtor$25@?0??Compute2DComplementaryLines_FrFTVariableScales@@YAXAEAVarray@af@@000HH@Z@4HA 0000000180008b14 f   CUDAMexArrayFire2DPolarDFT.cu.obj
 0001:00007b3b       ?dtor$26@?0??Compute2DComplementaryLines_FrFTVariableScales@@YAXAEAVarray@af@@000HH@Z@4HA 0000000180008b3b f   CUDAMexArrayFire2DPolarDFT.cu.obj
 0001:00007b62       ?dtor$27@?0??Compute2DComplementaryLines_FrFTVariableScales@@YAXAEAVarray@af@@000HH@Z@4HA 0000000180008b62 f   CUDAMexArrayFire2DPolarDFT.cu.obj
 0001:00007b89       ?dtor$28@?0??Compute2DComplementaryLines_FrFTVariableScales@@YAXAEAVarray@af@@000HH@Z@4HA 0000000180008b89 f   CUDAMexArrayFire2DPolarDFT.cu.obj
 0001:00007bb0       ?dtor$29@?0??Compute2DComplementaryLines_FrFTVariableScales@@YAXAEAVarray@af@@000HH@Z@4HA 0000000180008bb0 f   CUDAMexArrayFire2DPolarDFT.cu.obj
 0001:00007bd7       ?dtor$30@?0??Compute2DComplementaryLines_FrFTVariableScales@@YAXAEAVarray@af@@000HH@Z@4HA 0000000180008bd7 f   CUDAMexArrayFire2DPolarDFT.cu.obj
 0001:00007bfe       ?dtor$31@?0??Compute2DComplementaryLines_FrFTVariableScales@@YAXAEAVarray@af@@000HH@Z@4HA 0000000180008bfe f   CUDAMexArrayFire2DPolarDFT.cu.obj
 0001:00007c30       _onexit$fin$0              0000000180008c30 f   MSVCRTD:atonexit.obj
 0001:00007c50       ?filt$0@?0??DebuggerProbe@@YAHK@Z@4HA 0000000180008c50 f   MSVCRTD:error.obj
 0001:00007c70       ?filt$0@?0??DebuggerRuntime@@YAHKHPEAXPEB_W@Z@4HA 0000000180008c70 f   MSVCRTD:error.obj
 0001:00007c90       __DllMainCRTStartup$filt$0 0000000180008c90 f   MSVCRTD:crtdll.obj
 0001:00007cc0       __DllMainCRTStartup$fin$1  0000000180008cc0 f   MSVCRTD:crtdll.obj
 0001:00007ce0       ?fin$0@?0???_M@YAXPEAX_KHP6AX0@Z@Z@4HA 0000000180008ce0 f   MSVCRTD:ehvecdtr.obj
 0001:00007d10       ?filt$0@?0??__ArrayUnwind@@YAXPEAX_KHP6AX0@Z@Z@4HA 0000000180008d10 f   MSVCRTD:ehvecdtr.obj
 0001:00007d40       _IsNonwritableInCurrentImage$filt$0 0000000180008d40 f   MSVCRTD:pesect.obj
 0001:00007d80       ??__FBetaFactor@@YAXXZ     0000000180008d80 f   CUDAMexArrayFire2DPolarDFT.cu.obj
 0001:00007db0       ??__FPostMultiplicationFactor@@YAXXZ 0000000180008db0 f   CUDAMexArrayFire2DPolarDFT.cu.obj
 0001:00007de0       ??__FPreMultiplicationFactor@@YAXXZ 0000000180008de0 f   CUDAMexArrayFire2DPolarDFT.cu.obj
 0001:00007e10       ??__FSeq_En@@YAXXZ         0000000180008e10 f   CUDAMexArrayFire2DPolarDFT.cu.obj
 0002:000003f0       allocator_arg$initializer$ 00000001800093f0     CUDAMexArrayFire2DPolarDFT.cu.obj
 0002:000003f8       piecewise_construct$initializer$ 00000001800093f8     CUDAMexArrayFire2DPolarDFT.cu.obj
 0002:00000400       PreMultiplicationFactor$initializer$ 0000000180009400     CUDAMexArrayFire2DPolarDFT.cu.obj
 0002:00000408       PostMultiplicationFactor$initializer$ 0000000180009408     CUDAMexArrayFire2DPolarDFT.cu.obj
 0002:00000410       Seq_En$initializer$        0000000180009410     CUDAMexArrayFire2DPolarDFT.cu.obj
 0002:00000418       BetaFactor$initializer$    0000000180009418     CUDAMexArrayFire2DPolarDFT.cu.obj
 0002:00000420       __dummy_static_init__sti____cudaRegisterAll_61_tmpxft_00001160_00000000_5_CUDAMexArrayFire2DPolarDFT_cpp1_ii_eab17064 0000000180009420     CUDAMexArrayFire2DPolarDFT.cu.obj
 0002:00000438       pcinit                     0000000180009438     MSVCRTD:crtdll.obj
 0002:00000440       pinit                      0000000180009440     MSVCRTD:atonexit.obj
 0002:00000490       $SG189602                  0000000180009490     CUDAMexArrayFire2DPolarDFT.cu.obj
 0002:00000500       $SG189605                  0000000180009500     CUDAMexArrayFire2DPolarDFT.cu.obj
 0002:00000520       $SG189807                  0000000180009520     CUDAMexArrayFire2DPolarDFT.cu.obj
 0002:00000574       $SG189841                  0000000180009574     CUDAMexArrayFire2DPolarDFT.cu.obj
 0002:00000578       $SG119451                  0000000180009578     CUDAMexArrayFire2DPolarDFT.cu.obj
 0002:00000580       $SG189838                  0000000180009580     CUDAMexArrayFire2DPolarDFT.cu.obj
 0002:000005ec       $SG119452                  00000001800095ec     CUDAMexArrayFire2DPolarDFT.cu.obj
[...]
 0004:000006b4       $pdata$mexFunction$catch$0 00000001800106b4     CUDAMexArrayFire2DPolarDFT.cu.obj
 0004:000006c0       $pdata$?dtor$0@?0??cexp@@YA?AVarray@af@@AEBV12@@Z@4HA 00000001800106c0     CUDAMexArrayFire2DPolarDFT.cu.obj
 0004:000006cc       $pdata$?dtor$1@?0??cexp@@YA?AVarray@af@@AEBV12@@Z@4HA 00000001800106cc     CUDAMexArrayFire2DPolarDFT.cu.obj
 0004:000006d8       $pdata$?dtor$2@?0??cexp@@YA?AVarray@af@@AEBV12@@Z@4HA 00000001800106d8     CUDAMexArrayFire2DPolarDFT.cu.obj
 0004:000006e4       $pdata$?dtor$3@?0??cexp@@YA?AVarray@af@@AEBV12@@Z@4HA 00000001800106e4     CUDAMexArrayFire2DPolarDFT.cu.obj
 0004:000006f0       $pdata$?dtor$4@?0??cexp@@YA?AVarray@af@@AEBV12@@Z@4HA 00000001800106f0     CUDAMexArrayFire2DPolarDFT.cu.obj
 0004:000006fc       $pdata$?dtor$5@?0??cexp@@YA?AVarray@af@@AEBV12@@Z@4HA 00000001800106fc     CUDAMexArrayFire2DPolarDFT.cu.obj
 0004:00000708       $pdata$?dtor$6@?0??cexp@@YA?AVarray@af@@AEBV12@@Z@4HA 0000000180010708     CUDAMexArrayFire2DPolarDFT.cu.obj
 0004:00000714       $pdata$?dtor$7@?0??cexp@@YA?AVarray@af@@AEBV12@@Z@4HA 0000000180010714     CUDAMexArrayFire2DPolarDFT.cu.obj
 0004:00000720       $pdata$?dtor$0@?0??SplitMultiplyComplex@@YAXAEAVarray@af@@00000@Z@4HA 0000000180010720     CUDAMexArrayFire2DPolarDFT.cu.obj
 0004:0000072c       $pdata$?dtor$1@?0??SplitMultiplyComplex@@YAXAEAVarray@af@@00000@Z@4HA 000000018001072c     CUDAMexArrayFire2DPolarDFT.cu.obj
 0004:00000738       $pdata$?dtor$2@?0??SplitMultiplyComplex@@YAXAEAVarray@af@@00000@Z@4HA 0000000180010738     CUDAMexArrayFire2DPolarDFT.cu.obj
 0004:00000744       $pdata$?dtor$3@?0??SplitMultiplyComplex@@YAXAEAVarray@af@@00000@Z@4HA 0000000180010744     CUDAMexArrayFire2DPolarDFT.cu.obj
 0004:00000750       $pdata$?dtor$4@?0??SplitMultiplyComplex@@YAXAEAVarray@af@@00000@Z@4HA 0000000180010750     CUDAMexArrayFire2DPolarDFT.cu.obj
 0004:0000075c       $pdata$?dtor$5@?0??SplitMultiplyComplex@@YAXAEAVarray@af@@00000@Z@4HA 000000018001075c     CUDAMexArrayFire2DPolarDFT.cu.obj
 0004:00000768       $pdata$?dtor$6@?0??SplitMultiplyComplex@@YAXAEAVarray@af@@00000@Z@4HA 0000000180010768     CUDAMexArrayFire2DPolarDFT.cu.obj
 0004:00000774       $pdata$?dtor$7@?0??SplitMultiplyComplex@@YAXAEAVarray@af@@00000@Z@4HA 0000000180010774     CUDAMexArrayFire2DPolarDFT.cu.obj
 0004:00000780       $pdata$?dtor$8@?0??SplitMultiplyComplex@@YAXAEAVarray@af@@00000@Z@4HA 0000000180010780     CUDAMexArrayFire2DPolarDFT.cu.obj
 0004:0000078c       $pdata$?dtor$9@?0??SplitMultiplyComplex@@YAXAEAVarray@af@@00000@Z@4HA 000000018001078c     CUDAMexArrayFire2DPolarDFT.cu.obj
 0004:00000798       $pdata$?dtor$10@?0??SplitMultiplyComplex@@YAXAEAVarray@af@@00000@Z@4HA 0000000180010798     CUDAMexArrayFire2DPolarDFT.cu.obj
 0004:000007a4       $pdata$?dtor$11@?0??SplitMultiplyComplex@@YAXAEAVarray@af@@00000@Z@4HA 00000001800107a4     CUDAMexArrayFire2DPolarDFT.cu.obj
 0004:000007b0       $pdata$?dtor$0@?0??Compute2DColumnwise_FrFTUniform@@YA?AVarray@af@@AEAV12@0AEAH1@Z@4HA 00000001800107b0     CUDAMexArrayFire2DPolarDFT.cu.obj
 0004:000007bc       $pdata$?dtor$1@?0??Compute2DColumnwise_FrFTUniform@@YA?AVarray@af@@AEAV12@0AEAH1@Z@4HA 00000001800107bc     CUDAMexArrayFire2DPolarDFT.cu.obj
 0004:000007c8       $pdata$?dtor$2@?0??Compute2DColumnwise_FrFTUniform@@YA?AVarray@af@@AEAV12@0AEAH1@Z@4HA 00000001800107c8     CUDAMexArrayFire2DPolarDFT.cu.obj
 0004:000007d4       $pdata$?dtor$3@?0??Compute2DColumnwise_FrFTUniform@@YA?AVarray@af@@AEAV12@0AEAH1@Z@4HA 00000001800107d4     CUDAMexArrayFire2DPolarDFT.cu.obj
 0004:000007e0       $pdata$?dtor$4@?0??Compute2DColumnwise_FrFTUniform@@YA?AVarray@af@@AEAV12@0AEAH1@Z@4HA 00000001800107e0     CUDAMexArrayFire2DPolarDFT.cu.obj
 0004:000007ec       $pdata$?dtor$5@?0??Compute2DColumnwise_FrFTUniform@@YA?AVarray@af@@AEAV12@0AEAH1@Z@4HA 00000001800107ec     CUDAMexArrayFire2DPolarDFT.cu.obj
 0004:000007f8       $pdata$?dtor$6@?0??Compute2DColumnwise_FrFTUniform@@YA?AVarray@af@@AEAV12@0AEAH1@Z@4HA 00000001800107f8     CUDAMexArrayFire2DPolarDFT.cu.obj
 0004:00000804       $pdata$?dtor$7@?0??Compute2DColumnwise_FrFTUniform@@YA?AVarray@af@@AEAV12@0AEAH1@Z@4HA 0000000180010804     CUDAMexArrayFire2DPolarDFT.cu.obj
 0004:00000810       $pdata$?dtor$8@?0??Compute2DColumnwise_FrFTUniform@@YA?AVarray@af@@AEAV12@0AEAH1@Z@4HA 0000000180010810     CUDAMexArrayFire2DPolarDFT.cu.obj
 0004:0000081c       $pdata$?dtor$9@?0??Compute2DColumnwise_FrFTUniform@@YA?AVarray@af@@AEAV12@0AEAH1@Z@4HA 000000018001081c     CUDAMexArrayFire2DPolarDFT.cu.obj
 0004:00000828       $pdata$?dtor$10@?0??Compute2DColumnwise_FrFTUniform@@YA?AVarray@af@@AEAV12@0AEAH1@Z@4HA 0000000180010828     CUDAMexArrayFire2DPolarDFT.cu.obj
 0004:00000834       $pdata$?dtor$11@?0??Compute2DColumnwise_FrFTUniform@@YA?AVarray@af@@AEAV12@0AEAH1@Z@4HA 0000000180010834     CUDAMexArrayFire2DPolarDFT.cu.obj
 0004:00000840       $pdata$?dtor$12@?0??Compute2DColumnwise_FrFTUniform@@YA?AVarray@af@@AEAV12@0AEAH1@Z@4HA 0000000180010840     CUDAMexArrayFire2DPolarDFT.cu.obj
 0004:0000084c       $pdata$?dtor$13@?0??Compute2DColumnwise_FrFTUniform@@YA?AVarray@af@@AEAV12@0AEAH1@Z@4HA 000000018001084c     CUDAMexArrayFire2DPolarDFT.cu.obj
 0004:00000858       $pdata$?dtor$14@?0??Compute2DColumnwise_FrFTUniform@@YA?AVarray@af@@AEAV12@0AEAH1@Z@4HA 0000000180010858     CUDAMexArrayFire2DPolarDFT.cu.obj
 0004:00000864       $pdata$?dtor$15@?0??Compute2DColumnwise_FrFTUniform@@YA?AVarray@af@@AEAV12@0AEAH1@Z@4HA 0000000180010864     CUDAMexArrayFire2DPolarDFT.cu.obj
 0004:00000870       $pdata$?dtor$16@?0??Compute2DColumnwise_FrFTUniform@@YA?AVarray@af@@AEAV12@0AEAH1@Z@4HA 0000000180010870     CUDAMexArrayFire2DPolarDFT.cu.obj
 0004:0000087c       $pdata$?dtor$17@?0??Compute2DColumnwise_FrFTUniform@@YA?AVarray@af@@AEAV12@0AEAH1@Z@4HA 000000018001087c     CUDAMexArrayFire2DPolarDFT.cu.obj
 0004:00000888       $pdata$?dtor$18@?0??Compute2DColumnwise_FrFTUniform@@YA?AVarray@af@@AEAV12@0AEAH1@Z@4HA 0000000180010888     CUDAMexArrayFire2DPolarDFT.cu.obj
 0004:00000894       $pdata$?dtor$19@?0??Compute2DColumnwise_FrFTUniform@@YA?AVarray@af@@AEAV12@0AEAH1@Z@4HA 0000000180010894     CUDAMexArrayFire2DPolarDFT.cu.obj
 0004:000008a0       $pdata$?dtor$20@?0??Compute2DColumnwise_FrFTUniform@@YA?AVarray@af@@AEAV12@0AEAH1@Z@4HA 00000001800108a0     CUDAMexArrayFire2DPolarDFT.cu.obj
 0004:000008ac       $pdata$?dtor$21@?0??Compute2DColumnwise_FrFTUniform@@YA?AVarray@af@@AEAV12@0AEAH1@Z@4HA 00000001800108ac     CUDAMexArrayFire2DPolarDFT.cu.obj
 0004:000008b8       $pdata$?dtor$22@?0??Compute2DColumnwise_FrFTUniform@@YA?AVarray@af@@AEAV12@0AEAH1@Z@4HA 00000001800108b8     CUDAMexArrayFire2DPolarDFT.cu.obj
 0004:000008c4       $pdata$?dtor$23@?0??Compute2DColumnwise_FrFTUniform@@YA?AVarray@af@@AEAV12@0AEAH1@Z@4HA 00000001800108c4     CUDAMexArrayFire2DPolarDFT.cu.obj
 0004:000008d0       $pdata$?dtor$24@?0??Compute2DColumnwise_FrFTUniform@@YA?AVarray@af@@AEAV12@0AEAH1@Z@4HA 00000001800108d0     CUDAMexArrayFire2DPolarDFT.cu.obj
 0004:000008dc       $pdata$?dtor$25@?0??Compute2DColumnwise_FrFTUniform@@YA?AVarray@af@@AEAV12@0AEAH1@Z@4HA 00000001800108dc     CUDAMexArrayFire2DPolarDFT.cu.obj
 0004:000008e8       $pdata$?dtor$26@?0??Compute2DColumnwise_FrFTUniform@@YA?AVarray@af@@AEAV12@0AEAH1@Z@4HA 00000001800108e8     CUDAMexArrayFire2DPolarDFT.cu.obj
 0004:000008f4       $pdata$?dtor$27@?0??Compute2DColumnwise_FrFTUniform@@YA?AVarray@af@@AEAV12@0AEAH1@Z@4HA 00000001800108f4     CUDAMexArrayFire2DPolarDFT.cu.obj
 0004:00000900       $pdata$?dtor$28@?0??Compute2DColumnwise_FrFTUniform@@YA?AVarray@af@@AEAV12@0AEAH1@Z@4HA 0000000180010900     CUDAMexArrayFire2DPolarDFT.cu.obj
 0004:0000090c       $pdata$?dtor$29@?0??Compute2DColumnwise_FrFTUniform@@YA?AVarray@af@@AEAV12@0AEAH1@Z@4HA 000000018001090c     CUDAMexArrayFire2DPolarDFT.cu.obj
 0004:00000918       $pdata$?dtor$30@?0??Compute2DColumnwise_FrFTUniform@@YA?AVarray@af@@AEAV12@0AEAH1@Z@4HA 0000000180010918     CUDAMexArrayFire2DPolarDFT.cu.obj
 0004:00000924       $pdata$?dtor$31@?0??Compute2DColumnwise_FrFTUniform@@YA?AVarray@af@@AEAV12@0AEAH1@Z@4HA 0000000180010924     CUDAMexArrayFire2DPolarDFT.cu.obj
 0004:00000930       $pdata$?dtor$32@?0??Compute2DColumnwise_FrFTUniform@@YA?AVarray@af@@AEAV12@0AEAH1@Z@4HA 0000000180010930     CUDAMexArrayFire2DPolarDFT.cu.obj
 0004:0000093c       $pdata$?dtor$33@?0??Compute2DColumnwise_FrFTUniform@@YA?AVarray@af@@AEAV12@0AEAH1@Z@4HA 000000018001093c     CUDAMexArrayFire2DPolarDFT.cu.obj
 0004:00000948       $pdata$?dtor$34@?0??Compute2DColumnwise_FrFTUniform@@YA?AVarray@af@@AEAV12@0AEAH1@Z@4HA 0000000180010948     CUDAMexArrayFire2DPolarDFT.cu.obj
 0004:00000954       $pdata$?dtor$35@?0??Compute2DColumnwise_FrFTUniform@@YA?AVarray@af@@AEAV12@0AEAH1@Z@4HA 0000000180010954     CUDAMexArrayFire2DPolarDFT.cu.obj
 0004:00000960       $pdata$?dtor$36@?0??Compute2DColumnwise_FrFTUniform@@YA?AVarray@af@@AEAV12@0AEAH1@Z@4HA 0000000180010960     CUDAMexArrayFire2DPolarDFT.cu.obj
 0004:0000096c       $pdata$?dtor$37@?0??Compute2DColumnwise_FrFTUniform@@YA?AVarray@af@@AEAV12@0AEAH1@Z@4HA 000000018001096c     CUDAMexArrayFire2DPolarDFT.cu.obj
 0004:00000978       $pdata$?dtor$38@?0??Compute2DColumnwise_FrFTUniform@@YA?AVarray@af@@AEAV12@0AEAH1@Z@4HA 0000000180010978     CUDAMexArrayFire2DPolarDFT.cu.obj
 0004:00000984       $pdata$?dtor$39@?0??Compute2DColumnwise_FrFTUniform@@YA?AVarray@af@@AEAV12@0AEAH1@Z@4HA 0000000180010984     CUDAMexArrayFire2DPolarDFT.cu.obj
 0004:00000990       $pdata$?dtor$40@?0??Compute2DColumnwise_FrFTUniform@@YA?AVarray@af@@AEAV12@0AEAH1@Z@4HA 0000000180010990     CUDAMexArrayFire2DPolarDFT.cu.obj
 0004:0000099c       $pdata$?dtor$41@?0??Compute2DColumnwise_FrFTUniform@@YA?AVarray@af@@AEAV12@0AEAH1@Z@4HA 000000018001099c     CUDAMexArrayFire2DPolarDFT.cu.obj
 0004:000009a8       $pdata$?dtor$42@?0??Compute2DColumnwise_FrFTUniform@@YA?AVarray@af@@AEAV12@0AEAH1@Z@4HA 00000001800109a8     CUDAMexArrayFire2DPolarDFT.cu.obj
 0004:000009b4       $pdata$?dtor$43@?0??Compute2DColumnwise_FrFTUniform@@YA?AVarray@af@@AEAV12@0AEAH1@Z@4HA 00000001800109b4     CUDAMexArrayFire2DPolarDFT.cu.obj
 0004:000009c0       $pdata$?dtor$44@?0??Compute2DColumnwise_FrFTUniform@@YA?AVarray@af@@AEAV12@0AEAH1@Z@4HA 00000001800109c0     CUDAMexArrayFire2DPolarDFT.cu.obj
 0004:000009cc       $pdata$?dtor$45@?0??Compute2DColumnwise_FrFTUniform@@YA?AVarray@af@@AEAV12@0AEAH1@Z@4HA 00000001800109cc     CUDAMexArrayFire2DPolarDFT.cu.obj
 0004:000009d8       $pdata$?dtor$46@?0??Compute2DColumnwise_FrFTUniform@@YA?AVarray@af@@AEAV12@0AEAH1@Z@4HA 00000001800109d8     CUDAMexArrayFire2DPolarDFT.cu.obj
 0004:000009e4       $pdata$?dtor$47@?0??Compute2DColumnwise_FrFTUniform@@YA?AVarray@af@@AEAV12@0AEAH1@Z@4HA 00000001800109e4     CUDAMexArrayFire2DPolarDFT.cu.obj
 0004:000009f0       $pdata$?dtor$48@?0??Compute2DColumnwise_FrFTUniform@@YA?AVarray@af@@AEAV12@0AEAH1@Z@4HA 00000001800109f0     CUDAMexArrayFire2DPolarDFT.cu.obj
 0004:000009fc       $pdata$?dtor$49@?0??Compute2DColumnwise_FrFTUniform@@YA?AVarray@af@@AEAV12@0AEAH1@Z@4HA 00000001800109fc     CUDAMexArrayFire2DPolarDFT.cu.obj
 0004:00000a08       $pdata$?dtor$50@?0??Compute2DColumnwise_FrFTUniform@@YA?AVarray@af@@AEAV12@0AEAH1@Z@4HA 0000000180010a08     CUDAMexArrayFire2DPolarDFT.cu.obj
 0004:00000a14       $pdata$?dtor$51@?0??Compute2DColumnwise_FrFTUniform@@YA?AVarray@af@@AEAV12@0AEAH1@Z@4HA 0000000180010a14     CUDAMexArrayFire2DPolarDFT.cu.obj
 0004:00000a20       $pdata$?dtor$52@?0??Compute2DColumnwise_FrFTUniform@@YA?AVarray@af@@AEAV12@0AEAH1@Z@4HA 0000000180010a20     CUDAMexArrayFire2DPolarDFT.cu.obj
 0004:00000a2c       $pdata$?dtor$53@?0??Compute2DColumnwise_FrFTUniform@@YA?AVarray@af@@AEAV12@0AEAH1@Z@4HA 0000000180010a2c     CUDAMexArrayFire2DPolarDFT.cu.obj
 0004:00000a38       $pdata$?dtor$54@?0??Compute2DColumnwise_FrFTUniform@@YA?AVarray@af@@AEAV12@0AEAH1@Z@4HA 0000000180010a38     CUDAMexArrayFire2DPolarDFT.cu.obj
 0004:00000a44       $pdata$?dtor$55@?0??Compute2DColumnwise_FrFTUniform@@YA?AVarray@af@@AEAV12@0AEAH1@Z@4HA 0000000180010a44     CUDAMexArrayFire2DPolarDFT.cu.obj
 0004:00000a50       $pdata$?dtor$56@?0??Compute2DColumnwise_FrFTUniform@@YA?AVarray@af@@AEAV12@0AEAH1@Z@4HA 0000000180010a50     CUDAMexArrayFire2DPolarDFT.cu.obj
 0004:00000a5c       $pdata$?dtor$57@?0??Compute2DColumnwise_FrFTUniform@@YA?AVarray@af@@AEAV12@0AEAH1@Z@4HA 0000000180010a5c     CUDAMexArrayFire2DPolarDFT.cu.obj
 0004:00000a68       $pdata$?dtor$58@?0??Compute2DColumnwise_FrFTUniform@@YA?AVarray@af@@AEAV12@0AEAH1@Z@4HA 0000000180010a68     CUDAMexArrayFire2DPolarDFT.cu.obj
 0004:00000a74       $pdata$?dtor$59@?0??Compute2DColumnwise_FrFTUniform@@YA?AVarray@af@@AEAV12@0AEAH1@Z@4HA 0000000180010a74     CUDAMexArrayFire2DPolarDFT.cu.obj
 0004:00000a80       $pdata$?dtor$60@?0??Compute2DColumnwise_FrFTUniform@@YA?AVarray@af@@AEAV12@0AEAH1@Z@4HA 0000000180010a80     CUDAMexArrayFire2DPolarDFT.cu.obj
 0004:00000a8c       $pdata$?dtor$0@?0??Compute2DComplementaryLines_FrFTVariableScales@@YAXAEAVarray@af@@000HH@Z@4HA 0000000180010a8c     CUDAMexArrayFire2DPolarDFT.cu.obj
 0004:00000a98       $pdata$?dtor$1@?0??Compute2DComplementaryLines_FrFTVariableScales@@YAXAEAVarray@af@@000HH@Z@4HA 0000000180010a98     CUDAMexArrayFire2DPolarDFT.cu.obj
 0004:00000aa4       $pdata$?dtor$2@?0??Compute2DComplementaryLines_FrFTVariableScales@@YAXAEAVarray@af@@000HH@Z@4HA 0000000180010aa4     CUDAMexArrayFire2DPolarDFT.cu.obj
 0004:00000ab0       $pdata$?dtor$3@?0??Compute2DComplementaryLines_FrFTVariableScales@@YAXAEAVarray@af@@000HH@Z@4HA 0000000180010ab0     CUDAMexArrayFire2DPolarDFT.cu.obj
 0004:00000abc       $pdata$?dtor$4@?0??Compute2DComplementaryLines_FrFTVariableScales@@YAXAEAVarray@af@@000HH@Z@4HA 0000000180010abc     CUDAMexArrayFire2DPolarDFT.cu.obj
 0004:00000ac8       $pdata$?dtor$5@?0??Compute2DComplementaryLines_FrFTVariableScales@@YAXAEAVarray@af@@000HH@Z@4HA 0000000180010ac8     CUDAMexArrayFire2DPolarDFT.cu.obj
 0004:00000ad4       $pdata$?dtor$6@?0??Compute2DComplementaryLines_FrFTVariableScales@@YAXAEAVarray@af@@000HH@Z@4HA 0000000180010ad4     CUDAMexArrayFire2DPolarDFT.cu.obj
 0004:00000ae0       $pdata$?dtor$7@?0??Compute2DComplementaryLines_FrFTVariableScales@@YAXAEAVarray@af@@000HH@Z@4HA 0000000180010ae0     CUDAMexArrayFire2DPolarDFT.cu.obj
 0004:00000aec       $pdata$?dtor$8@?0??Compute2DComplementaryLines_FrFTVariableScales@@YAXAEAVarray@af@@000HH@Z@4HA 0000000180010aec     CUDAMexArrayFire2DPolarDFT.cu.obj
 0004:00000af8       $pdata$?dtor$9@?0??Compute2DComplementaryLines_FrFTVariableScales@@YAXAEAVarray@af@@000HH@Z@4HA 0000000180010af8     CUDAMexArrayFire2DPolarDFT.cu.obj
 0004:00000b04       $pdata$?dtor$10@?0??Compute2DComplementaryLines_FrFTVariableScales@@YAXAEAVarray@af@@000HH@Z@4HA 0000000180010b04     CUDAMexArrayFire2DPolarDFT.cu.obj
 0004:00000b10       $pdata$?dtor$11@?0??Compute2DComplementaryLines_FrFTVariableScales@@YAXAEAVarray@af@@000HH@Z@4HA 0000000180010b10     CUDAMexArrayFire2DPolarDFT.cu.obj
 0004:00000b1c       $pdata$?dtor$12@?0??Compute2DComplementaryLines_FrFTVariableScales@@YAXAEAVarray@af@@000HH@Z@4HA 0000000180010b1c     CUDAMexArrayFire2DPolarDFT.cu.obj
 0004:00000b28       $pdata$?dtor$13@?0??Compute2DComplementaryLines_FrFTVariableScales@@YAXAEAVarray@af@@000HH@Z@4HA 0000000180010b28     CUDAMexArrayFire2DPolarDFT.cu.obj
 0004:00000b34       $pdata$?dtor$14@?0??Compute2DComplementaryLines_FrFTVariableScales@@YAXAEAVarray@af@@000HH@Z@4HA 0000000180010b34     CUDAMexArrayFire2DPolarDFT.cu.obj
 0004:00000b40       $pdata$?dtor$15@?0??Compute2DComplementaryLines_FrFTVariableScales@@YAXAEAVarray@af@@000HH@Z@4HA 0000000180010b40     CUDAMexArrayFire2DPolarDFT.cu.obj
 0004:00000b4c       $pdata$?dtor$16@?0??Compute2DComplementaryLines_FrFTVariableScales@@YAXAEAVarray@af@@000HH@Z@4HA 0000000180010b4c     CUDAMexArrayFire2DPolarDFT.cu.obj
 0004:00000b58       $pdata$?dtor$17@?0??Compute2DComplementaryLines_FrFTVariableScales@@YAXAEAVarray@af@@000HH@Z@4HA 0000000180010b58     CUDAMexArrayFire2DPolarDFT.cu.obj
 0004:00000b64       $pdata$?dtor$18@?0??Compute2DComplementaryLines_FrFTVariableScales@@YAXAEAVarray@af@@000HH@Z@4HA 0000000180010b64     CUDAMexArrayFire2DPolarDFT.cu.obj
 0004:00000b70       $pdata$?dtor$19@?0??Compute2DComplementaryLines_FrFTVariableScales@@YAXAEAVarray@af@@000HH@Z@4HA 0000000180010b70     CUDAMexArrayFire2DPolarDFT.cu.obj
 0004:00000b7c       $pdata$?dtor$20@?0??Compute2DComplementaryLines_FrFTVariableScales@@YAXAEAVarray@af@@000HH@Z@4HA 0000000180010b7c     CUDAMexArrayFire2DPolarDFT.cu.obj
 0004:00000b88       $pdata$?dtor$21@?0??Compute2DComplementaryLines_FrFTVariableScales@@YAXAEAVarray@af@@000HH@Z@4HA 0000000180010b88     CUDAMexArrayFire2DPolarDFT.cu.obj
 0004:00000b94       $pdata$?dtor$22@?0??Compute2DComplementaryLines_FrFTVariableScales@@YAXAEAVarray@af@@000HH@Z@4HA 0000000180010b94     CUDAMexArrayFire2DPolarDFT.cu.obj
 0004:00000ba0       $pdata$?dtor$23@?0??Compute2DComplementaryLines_FrFTVariableScales@@YAXAEAVarray@af@@000HH@Z@4HA 0000000180010ba0     CUDAMexArrayFire2DPolarDFT.cu.obj
 0004:00000bac       $pdata$?dtor$24@?0??Compute2DComplementaryLines_FrFTVariableScales@@YAXAEAVarray@af@@000HH@Z@4HA 0000000180010bac     CUDAMexArrayFire2DPolarDFT.cu.obj
 0004:00000bb8       $pdata$?dtor$25@?0??Compute2DComplementaryLines_FrFTVariableScales@@YAXAEAVarray@af@@000HH@Z@4HA 0000000180010bb8     CUDAMexArrayFire2DPolarDFT.cu.obj
 0004:00000bc4       $pdata$?dtor$26@?0??Compute2DComplementaryLines_FrFTVariableScales@@YAXAEAVarray@af@@000HH@Z@4HA 0000000180010bc4     CUDAMexArrayFire2DPolarDFT.cu.obj
 0004:00000bd0       $pdata$?dtor$27@?0??Compute2DComplementaryLines_FrFTVariableScales@@YAXAEAVarray@af@@000HH@Z@4HA 0000000180010bd0     CUDAMexArrayFire2DPolarDFT.cu.obj
 0004:00000bdc       $pdata$?dtor$28@?0??Compute2DComplementaryLines_FrFTVariableScales@@YAXAEAVarray@af@@000HH@Z@4HA 0000000180010bdc     CUDAMexArrayFire2DPolarDFT.cu.obj
 0004:00000be8       $pdata$?dtor$29@?0??Compute2DComplementaryLines_FrFTVariableScales@@YAXAEAVarray@af@@000HH@Z@4HA 0000000180010be8     CUDAMexArrayFire2DPolarDFT.cu.obj
 0004:00000bf4       $pdata$?dtor$30@?0??Compute2DComplementaryLines_FrFTVariableScales@@YAXAEAVarray@af@@000HH@Z@4HA 0000000180010bf4     CUDAMexArrayFire2DPolarDFT.cu.obj
 0004:00000c00       $pdata$?dtor$31@?0??Compute2DComplementaryLines_FrFTVariableScales@@YAXAEAVarray@af@@000HH@Z@4HA 0000000180010c00     CUDAMexArrayFire2DPolarDFT.cu.obj
 0004:00000c0c       $pdata$_onexit$fin$0       0000000180010c0c     MSVCRTD:atonexit.obj
 0004:00000c18       $pdata$?filt$0@?0??DebuggerProbe@@YAHK@Z@4HA 0000000180010c18     MSVCRTD:error.obj
 0004:00000c24       $pdata$?filt$0@?0??DebuggerRuntime@@YAHKHPEAXPEB_W@Z@4HA 0000000180010c24     MSVCRTD:error.obj
 0004:00000c30       $pdata$__DllMainCRTStartup$filt$0 0000000180010c30     MSVCRTD:crtdll.obj
 0004:00000c3c       $pdata$__DllMainCRTStartup$fin$1 0000000180010c3c     MSVCRTD:crtdll.obj
 0004:00000c48       $pdata$?fin$0@?0???_M@YAXPEAX_KHP6AX0@Z@Z@4HA 0000000180010c48     MSVCRTD:ehvecdtr.obj
 0004:00000c54       $pdata$?filt$0@?0??__ArrayUnwind@@YAXPEAX_KHP6AX0@Z@Z@4HA 0000000180010c54     MSVCRTD:ehvecdtr.obj
 0004:00000c60       $pdata$_IsNonwritableInCurrentImage$filt$0 0000000180010c60     MSVCRTD:pesect.obj
 0004:00000c6c       $pdata$??__FBetaFactor@@YAXXZ 0000000180010c6c     CUDAMexArrayFire2DPolarDFT.cu.obj
 0004:00000c78       $pdata$??__FPostMultiplicationFactor@@YAXXZ 0000000180010c78     CUDAMexArrayFire2DPolarDFT.cu.obj
 0004:00000c84       $pdata$??__FPreMultiplicationFactor@@YAXXZ 0000000180010c84     CUDAMexArrayFire2DPolarDFT.cu.obj
 0004:00000c90       $pdata$??__FSeq_En@@YAXXZ  0000000180010c90     CUDAMexArrayFire2DPolarDFT.cu.obj
 0005:00000000       fatbinData                 0000000180011000     CUDAMexArrayFire2DPolarDFT.cu.obj
 0006:00000000       __fatDeviceText            0000000180012000     CUDAMexArrayFire2DPolarDFT.cu.obj
